
==================================================
🚀 INICIANDO PROCESSO DE LOGIN PROMAX
==================================================
⚙️ Configurando IE para baixar em: c:\Users\usuario\Desktop\Promax\promax\downloads
✅ Registro atualizado com sucesso!
🌐 Abrindo navegador Internet Explorer...
📥 Acessando a URL do sistema...
🔑 Identificando frames e preenchendo credenciais...
✅ Login efetuado com sucesso!
🏢 Selecionando unidade de revenda...
📍 Unidade confirmada!
🧹 Chamando assistente para fechar pop-ups...
Alerta 1 encontrado: 'Fechamento Financeiro não realizado há  39 dias'

Alerta 1 fechado com sucesso!

Alerta 2 encontrado: 'Fechamento do Estoque não realizado há   8 dias'

Alerta 2 fechado com sucesso!

Alerta 3 encontrado: 'A licença vencerá em  2 dias. Favor entrar em contato com a HBsis pelo fone (47)2123-5400'

Alerta 3 fechado com sucesso!

Não há mais pop-ups ou tempo limite para o alerta 4 atingido.

✅ Total de 3 pop-ups fechados.

✨ Varredura de alertas concluída.

--------------------------------------------------
🎯 INICIANDO EXECUÇÃO DAS ROTINAS
--------------------------------------------------

🔍------------------------------
Buscando lógica para: 01200147
🎯 Rotina 01200147 localizada! Iniciando processamento em lote...

🚀 Iniciando execução da Rotina 01200147...
🌐 Abrindo o Google Chrome...
💥 Falha na execução da rotina 01200147: Message: no such element: Unable to locate element: {"method":"xpath","selector":"//input[contains(@aria-label, 'Data de início')]"}
  (Session info: chrome=149.0.7827.54); For documentation on this error, please visit: https://www.selenium.dev/documentation/webdriver/troubleshooting/errors#nosuchelementexception
Stacktrace:
	chromedriver!GetHandleVerifier [0x7ff66e3a3435+14875]
	chromedriver!GetHandleVerifier [0x7ff66e3a3490+148d0]
	chromedriver!(No symbol) [0x7ff66def778d]
	chromedriver!(No symbol) [0x7ff66df5195d]
	chromedriver!(No symbol) [0x7ff66df51c5c]
	chromedriver!(No symbol) [0x7ff66dfa1e37]
	chromedriver!(No symbol) [0x7ff66df9e9fc]
	chromedriver!(No symbol) [0x7ff66df43eb0]
	chromedriver!(No symbol) [0x7ff66df44e23]
	chromedriver!GetHandleVerifier [0x7ff66e986c91+5f80d1]
	chromedriver!GetHandleVerifier [0x7ff66e98101b+5f245b]
	chromedriver!GetHandleVerifier [0x7ff66e9a6305+617745]
	chromedriver!GetHandleVerifier [0x7ff66e3c03ee+3182e]
	chromedriver!GetHandleVerifier [0x7ff66e3c8b0c+39f4c]
	chromedriver!GetHandleVerifier [0x7ff66e3acb04+1df44]
	chromedriver!GetHandleVerifier [0x7ff66e3acc94+1e0d4]
	chromedriver!GetHandleVerifier [0x7ff66e390997+1dd7]
	KERNEL32!BaseThreadInitThunk [0x7ffb5a3b7374+14]
	ntdll!RtlUserThreadStart [0x7ffb5aa9cc91+21]


🧹 Iniciando faxina de janelas secundárias...
✨ Ambiente limpo e pronto para a próxima!
✅ Rotina {'031120': <function executar at 0x00000264A19F1C60>, '030224': <function executar at 0x00000264A2FFCB80>, '01200147': <function executar at 0x00000264A19F1BC0>, '03014701': <function executar at 0x00000264A2FFD080>, '030237': <function executar at 0x00000264A2FFCAE0>} finalizada!
------------------------------


🏆 Todas as rotinas solicitadas foram processadas!

==================================================
👋 Fechando navegador e limpando sessão...
