
==================================================
🚀 INICIANDO PROCESSO DE LOGIN PROMAX
==================================================
⚙️ Configurando IE para baixar em: C:\Users\usuario\Desktop\Promax\promax\downloads
✅ Registro atualizado com sucesso!
🌐 Abrindo navegador Internet Explorer...
📥 Acessando a URL do sistema...
🔑 Identificando frames e preenchendo credenciais...
✅ Login efetuado com sucesso!
🏢 Selecionando unidade de revenda...
📍 Unidade confirmada!
🧹 Chamando assistente para fechar pop-ups...
Alerta 1 encontrado: 'O dia 15 de cada mes é o prazo LIMITE para a REORGANIZAÇÃO, após esse prazo o sistema ficara INOPERANTE, portanto, sabendo como proceder execute-a, e em caso de dúvida contate o suporte.'

Alerta 1 fechado com sucesso!

Alerta 2 encontrado: 'Fechamento Financeiro não realizado há  27 dias'

Alerta 2 fechado com sucesso!

Alerta 3 encontrado: 'Fechamento do Estoque não realizado há  27 dias'

Alerta 3 fechado com sucesso!

Não há mais pop-ups ou tempo limite para o alerta 4 atingido.

✅ Total de 3 pop-ups fechados.

✨ Varredura de alertas concluída.

--------------------------------------------------
🎯 INICIANDO EXECUÇÃO DAS ROTINAS
--------------------------------------------------

🔍------------------------------
Buscando lógica para: 031120
🎯 Rotina 031120 localizada! Iniciando processamento em lote...

🚀 Iniciando execução da Rotina 031120...
Retornando ao frame de comandos...
📂 Entrando no IframeMenu...
⌨️ Inserindo a rotina: 031120
Procurando campo atalho...
⏳ Aguardando carregamento da rotina...
🔀 Mudamos para a nova janela: Planilha de Acompanhamento [pizolitto - pizolitt]

========================================
🔄 PROCESSANDO FILIAL [1/7]: Beira Rio
========================================
🧹 Limpando alertas iniciais antes de interagir com a tela...
Não há mais pop-ups ou tempo limite para o alerta 1 atingido.

✅ Total de 0 pop-ups fechados.

📍 DEBUG 1: Resetando para a raiz da página (default_content)...
📍 DEBUG 2: Tentando entrar no frame superior...
📍 DEBUG 3: Sucesso! Entrou no frame superior.
📍 DEBUG 4: Focando no dropdown com Selenium e navegando com PyAutoGUI...
⏳ Vigiando ativamente a tela aguardando os pop-ups da troca...
🚨 Primeiro alerta detectado pelo Guarda-Costas! Iniciando limpeza...
Alerta 1 encontrado: 'O final do mês está próximo. NÃO ESQUEÇA de emitir a Nota de Entrada referente às Trocas efetuadas no mês.Não sabendo como proceder, entre em contato com o suporte.'

Alerta 1 fechado com sucesso!

Alerta 2 encontrado: 'Fechamento Financeiro não realizado há  27 dias'

Alerta 2 fechado com sucesso!

Alerta 3 encontrado: 'Fechamento do Estoque não realizado há  27 dias'

Alerta 3 fechado com sucesso!

Alerta 4 encontrado: 'Existem NFs a partir do dia 22/06/2026 com divergências.

Verificar no módulo 07.22.23-Rel. de Diverg. Promax x SEFAZ, proceder
a correção e executar a rotina 07.22.22-Verificação de Divergências.'

Alerta 4 fechado com sucesso!

✅ Total de 4 pop-ups fechados.

🎯 Selecionando 'Mapa' no dropdown...
📅 Preenchendo datas: 01/06/2026 até 27/06/2026
🖱️ Clicando em Visualizar...
🎯 Caçando janelas 'Processando' no sistema...
💡 Nenhuma janela 'Processando' detectada no momento.
🚀 Relatório solicitado! Aguardando botão CSV...
Download confirmado com sucesso no SplitButton!
🏷️ Nome dinâmico gerado: Beira Rio.06.2026.csv
📁 Movendo para a pasta: T:\ATENDIMENTO\BEES DELIVERY\03.11.20\Beira Rio\2026
📂 Processando arquivo da rotina 03.11.20...
✅ Arquivo renomeado para: Beira Rio.06.2026.csv
📁 Salvo em: T:\ATENDIMENTO\BEES DELIVERY\03.11.20\Beira Rio\2026

========================================
🔄 PROCESSANDO FILIAL [2/7]: Revalle Juazeiro
========================================
🧹 Limpando alertas iniciais antes de interagir com a tela...
Não há mais pop-ups ou tempo limite para o alerta 1 atingido.

✅ Total de 0 pop-ups fechados.

📍 DEBUG 1: Resetando para a raiz da página (default_content)...
📍 DEBUG 2: Tentando entrar no frame superior...
📍 DEBUG 3: Sucesso! Entrou no frame superior.
📍 DEBUG 4: Focando no dropdown com Selenium e navegando com PyAutoGUI...
⬇️ Descendo 1 posições via teclado...
⏳ Vigiando ativamente a tela aguardando os pop-ups da troca...
🚨 Primeiro alerta detectado pelo Guarda-Costas! Iniciando limpeza...
Alerta 1 encontrado: 'O dia 15 de cada mes é o prazo LIMITE para a REORGANIZAÇÃO, após esse prazo o sistema ficara INOPERANTE, portanto, sabendo como proceder execute-a, e em caso de dúvida contate o suporte.'

Alerta 1 fechado com sucesso!

Alerta 2 encontrado: 'O final do mês está próximo. NÃO ESQUEÇA de emitir a Nota de Entrada referente às Trocas efetuadas no mês.Não sabendo como proceder, entre em contato com o suporte.'

Alerta 2 fechado com sucesso!

Alerta 3 encontrado: 'Fechamento Financeiro não realizado há  27 dias'

Alerta 3 fechado com sucesso!

Alerta 4 encontrado: 'Fechamento do Estoque não realizado há  27 dias'

Alerta 4 fechado com sucesso!

✅ Total de 4 pop-ups fechados.

🎯 Selecionando 'Mapa' no dropdown...
📅 Preenchendo datas: 01/06/2026 até 27/06/2026
🖱️ Clicando em Visualizar...
🎯 Caçando janelas 'Processando' no sistema...
💡 Nenhuma janela 'Processando' detectada no momento.
🚀 Relatório solicitado! Aguardando botão CSV...
Download confirmado com sucesso no SplitButton!
🏷️ Nome dinâmico gerado: Revalle Juazeiro.06.2026.csv
📁 Movendo para a pasta: T:\ATENDIMENTO\BEES DELIVERY\03.11.20\Juazeiro\2026
📂 Processando arquivo da rotina 03.11.20...
✅ Arquivo renomeado para: Revalle Juazeiro.06.2026.csv
📁 Salvo em: T:\ATENDIMENTO\BEES DELIVERY\03.11.20\Juazeiro\2026

========================================
🔄 PROCESSANDO FILIAL [3/7]: Revalle Nordeste
========================================
🧹 Limpando alertas iniciais antes de interagir com a tela...
Não há mais pop-ups ou tempo limite para o alerta 1 atingido.

✅ Total de 0 pop-ups fechados.

📍 DEBUG 1: Resetando para a raiz da página (default_content)...
📍 DEBUG 2: Tentando entrar no frame superior...
📍 DEBUG 3: Sucesso! Entrou no frame superior.
📍 DEBUG 4: Focando no dropdown com Selenium e navegando com PyAutoGUI...
⬇️ Descendo 2 posições via teclado...
⏳ Vigiando ativamente a tela aguardando os pop-ups da troca...
🚨 Primeiro alerta detectado pelo Guarda-Costas! Iniciando limpeza...
Alerta 1 encontrado: 'O dia 15 de cada mes é o prazo LIMITE para a REORGANIZAÇÃO, após esse prazo o sistema ficara INOPERANTE, portanto, sabendo como proceder execute-a, e em caso de dúvida contate o suporte.'

Alerta 1 fechado com sucesso!

Alerta 2 encontrado: 'O final do mês está próximo. NÃO ESQUEÇA de emitir a Nota de Entrada referente às Trocas efetuadas no mês.Não sabendo como proceder, entre em contato com o suporte.'

Alerta 2 fechado com sucesso!

Alerta 3 encontrado: 'Fechamento Financeiro não realizado há  27 dias'

Alerta 3 fechado com sucesso!

Alerta 4 encontrado: 'Fechamento do Estoque não realizado há  26 dias'

Alerta 4 fechado com sucesso!

✅ Total de 4 pop-ups fechados.

🎯 Selecionando 'Mapa' no dropdown...
📅 Preenchendo datas: 01/06/2026 até 27/06/2026
🖱️ Clicando em Visualizar...
🎯 Caçando janelas 'Processando' no sistema...
💡 Nenhuma janela 'Processando' detectada no momento.
🚀 Relatório solicitado! Aguardando botão CSV...
Download confirmado com sucesso no SplitButton!
🏷️ Nome dinâmico gerado: Revalle Nordeste.06.2026.csv
📁 Movendo para a pasta: T:\ATENDIMENTO\BEES DELIVERY\03.11.20\Nordeste\2026
📂 Processando arquivo da rotina 03.11.20...
✅ Arquivo renomeado para: Revalle Nordeste.06.2026.csv
📁 Salvo em: T:\ATENDIMENTO\BEES DELIVERY\03.11.20\Nordeste\2026

========================================
🔄 PROCESSANDO FILIAL [4/7]: Revalle Bonfim
========================================
🧹 Limpando alertas iniciais antes de interagir com a tela...
Não há mais pop-ups ou tempo limite para o alerta 1 atingido.

✅ Total de 0 pop-ups fechados.

📍 DEBUG 1: Resetando para a raiz da página (default_content)...
📍 DEBUG 2: Tentando entrar no frame superior...
📍 DEBUG 3: Sucesso! Entrou no frame superior.
📍 DEBUG 4: Focando no dropdown com Selenium e navegando com PyAutoGUI...
⬇️ Descendo 3 posições via teclado...
⏳ Vigiando ativamente a tela aguardando os pop-ups da troca...
🚨 Primeiro alerta detectado pelo Guarda-Costas! Iniciando limpeza...
Alerta 1 encontrado: 'O dia 15 de cada mes é o prazo LIMITE para a REORGANIZAÇÃO, após esse prazo o sistema ficara INOPERANTE, portanto, sabendo como proceder execute-a, e em caso de dúvida contate o suporte.'

Alerta 1 fechado com sucesso!

Alerta 2 encontrado: 'O final do mês está próximo. NÃO ESQUEÇA de emitir a Nota de Entrada referente às Trocas efetuadas no mês.Não sabendo como proceder, entre em contato com o suporte.'

Alerta 2 fechado com sucesso!

Alerta 3 encontrado: 'Fechamento Financeiro não realizado há  27 dias'

Alerta 3 fechado com sucesso!

Alerta 4 encontrado: 'Fechamento do Estoque não realizado há  25 dias'

Alerta 4 fechado com sucesso!

✅ Total de 4 pop-ups fechados.

🎯 Selecionando 'Mapa' no dropdown...
📅 Preenchendo datas: 01/06/2026 até 27/06/2026
🖱️ Clicando em Visualizar...
🎯 Caçando janelas 'Processando' no sistema...
💡 Nenhuma janela 'Processando' detectada no momento.
🚀 Relatório solicitado! Aguardando botão CSV...
Download confirmado com sucesso no SplitButton!
🏷️ Nome dinâmico gerado: Revalle Bonfim.06.2026.csv
📁 Movendo para a pasta: T:\ATENDIMENTO\BEES DELIVERY\03.11.20\Bonfim\2026
📂 Processando arquivo da rotina 03.11.20...
✅ Arquivo renomeado para: Revalle Bonfim.06.2026.csv
📁 Salvo em: T:\ATENDIMENTO\BEES DELIVERY\03.11.20\Bonfim\2026

========================================
🔄 PROCESSANDO FILIAL [5/7]: Revalle P Afonso
========================================
🧹 Limpando alertas iniciais antes de interagir com a tela...
Não há mais pop-ups ou tempo limite para o alerta 1 atingido.

✅ Total de 0 pop-ups fechados.

📍 DEBUG 1: Resetando para a raiz da página (default_content)...
📍 DEBUG 2: Tentando entrar no frame superior...
📍 DEBUG 3: Sucesso! Entrou no frame superior.
📍 DEBUG 4: Focando no dropdown com Selenium e navegando com PyAutoGUI...
⬇️ Descendo 4 posições via teclado...
⏳ Vigiando ativamente a tela aguardando os pop-ups da troca...
🚨 Primeiro alerta detectado pelo Guarda-Costas! Iniciando limpeza...
Alerta 1 encontrado: 'O dia 15 de cada mes é o prazo LIMITE para a REORGANIZAÇÃO, após esse prazo o sistema ficara INOPERANTE, portanto, sabendo como proceder execute-a, e em caso de dúvida contate o suporte.'

Alerta 1 fechado com sucesso!

Alerta 2 encontrado: 'O final do mês está próximo. NÃO ESQUEÇA de emitir a Nota de Entrada referente às Trocas efetuadas no mês.Não sabendo como proceder, entre em contato com o suporte.'

Alerta 2 fechado com sucesso!

Alerta 3 encontrado: 'Fechamento Financeiro não realizado há  27 dias'

Alerta 3 fechado com sucesso!

Alerta 4 encontrado: 'Fechamento do Estoque não realizado há  27 dias'

Alerta 4 fechado com sucesso!

✅ Total de 4 pop-ups fechados.

🎯 Selecionando 'Mapa' no dropdown...
📅 Preenchendo datas: 01/06/2026 até 27/06/2026
🖱️ Clicando em Visualizar...
🎯 Caçando janelas 'Processando' no sistema...
💡 Nenhuma janela 'Processando' detectada no momento.
🚀 Relatório solicitado! Aguardando botão CSV...
Download confirmado com sucesso no SplitButton!
🏷️ Nome dinâmico gerado: Revalle P Afonso.06.2026.csv
📁 Movendo para a pasta: T:\ATENDIMENTO\BEES DELIVERY\03.11.20\Paulo Afonso\2026
📂 Processando arquivo da rotina 03.11.20...
✅ Arquivo renomeado para: Revalle P Afonso.06.2026.csv
📁 Salvo em: T:\ATENDIMENTO\BEES DELIVERY\03.11.20\Paulo Afonso\2026

========================================
🔄 PROCESSANDO FILIAL [6/7]: Revalle Alagoinhas
========================================
🧹 Limpando alertas iniciais antes de interagir com a tela...
Não há mais pop-ups ou tempo limite para o alerta 1 atingido.

✅ Total de 0 pop-ups fechados.

📍 DEBUG 1: Resetando para a raiz da página (default_content)...
📍 DEBUG 2: Tentando entrar no frame superior...
📍 DEBUG 3: Sucesso! Entrou no frame superior.
📍 DEBUG 4: Focando no dropdown com Selenium e navegando com PyAutoGUI...
⬇️ Descendo 5 posições via teclado...
⏳ Vigiando ativamente a tela aguardando os pop-ups da troca...
🚨 Primeiro alerta detectado pelo Guarda-Costas! Iniciando limpeza...
Alerta 1 encontrado: 'O dia 15 de cada mes é o prazo LIMITE para a REORGANIZAÇÃO, após esse prazo o sistema ficara INOPERANTE, portanto, sabendo como proceder execute-a, e em caso de dúvida contate o suporte.'

Alerta 1 fechado com sucesso!

Alerta 2 encontrado: 'O final do mês está próximo. NÃO ESQUEÇA de emitir a Nota de Entrada referente às Trocas efetuadas no mês.Não sabendo como proceder, entre em contato com o suporte.'

Alerta 2 fechado com sucesso!

Alerta 3 encontrado: 'Fechamento Financeiro não realizado há  27 dias'

Alerta 3 fechado com sucesso!

Alerta 4 encontrado: 'Fechamento do Estoque não realizado há  27 dias'

Alerta 4 fechado com sucesso!

✅ Total de 4 pop-ups fechados.

🎯 Selecionando 'Mapa' no dropdown...
📅 Preenchendo datas: 01/06/2026 até 27/06/2026
🖱️ Clicando em Visualizar...
🎯 Caçando janelas 'Processando' no sistema...
💡 Nenhuma janela 'Processando' detectada no momento.
🚀 Relatório solicitado! Aguardando botão CSV...
Download confirmado com sucesso no SplitButton!
🏷️ Nome dinâmico gerado: Revalle Alagoinhas.06.2026.csv
📁 Movendo para a pasta: T:\ATENDIMENTO\BEES DELIVERY\03.11.20\Alagoinhas\2026
📂 Processando arquivo da rotina 03.11.20...
✅ Arquivo renomeado para: Revalle Alagoinhas.06.2026.csv
📁 Salvo em: T:\ATENDIMENTO\BEES DELIVERY\03.11.20\Alagoinhas\2026

========================================
🔄 PROCESSANDO FILIAL [7/7]: Revalle Serrinha
========================================
🧹 Limpando alertas iniciais antes de interagir com a tela...
Não há mais pop-ups ou tempo limite para o alerta 1 atingido.

✅ Total de 0 pop-ups fechados.

📍 DEBUG 1: Resetando para a raiz da página (default_content)...
📍 DEBUG 2: Tentando entrar no frame superior...
📍 DEBUG 3: Sucesso! Entrou no frame superior.
📍 DEBUG 4: Focando no dropdown com Selenium e navegando com PyAutoGUI...
⬇️ Descendo 6 posições via teclado...
⏳ Vigiando ativamente a tela aguardando os pop-ups da troca...
🚨 Primeiro alerta detectado pelo Guarda-Costas! Iniciando limpeza...
Alerta 1 encontrado: 'O dia 15 de cada mes é o prazo LIMITE para a REORGANIZAÇÃO, após esse prazo o sistema ficara INOPERANTE, portanto, sabendo como proceder execute-a, e em caso de dúvida contate o suporte.'

Alerta 1 fechado com sucesso!

Alerta 2 encontrado: 'O final do mês está próximo. NÃO ESQUEÇA de emitir a Nota de Entrada referente às Trocas efetuadas no mês.Não sabendo como proceder, entre em contato com o suporte.'

Alerta 2 fechado com sucesso!

Alerta 3 encontrado: 'Fechamento Financeiro não realizado há  27 dias'

Alerta 3 fechado com sucesso!

Alerta 4 encontrado: 'Fechamento do Estoque não realizado há  27 dias'

Alerta 4 fechado com sucesso!

✅ Total de 4 pop-ups fechados.

🎯 Selecionando 'Mapa' no dropdown...
📅 Preenchendo datas: 01/06/2026 até 27/06/2026
🖱️ Clicando em Visualizar...
🎯 Caçando janelas 'Processando' no sistema...
💡 Nenhuma janela 'Processando' detectada no momento.
🚀 Relatório solicitado! Aguardando botão CSV...
Download confirmado com sucesso no SplitButton!
🏷️ Nome dinâmico gerado: Revalle Serrinha.06.2026.csv
📁 Movendo para a pasta: T:\ATENDIMENTO\BEES DELIVERY\03.11.20\Serrinha\2026
📂 Processando arquivo da rotina 03.11.20...
✅ Arquivo renomeado para: Revalle Serrinha.06.2026.csv
📁 Salvo em: T:\ATENDIMENTO\BEES DELIVERY\03.11.20\Serrinha\2026

🏁 Todas as revendas da rotina 031120 foram processadas com sucesso!

🧹 Iniciando faxina de janelas secundárias...
❌ Fechando janela: Planilha de Acompanhamento [pizolitto - pizolitt]
✨ Ambiente limpo e pronto para a próxima!
✅ Rotina {'031120': <function executar at 0x00000107ECA81C60>, '030224': <function executar at 0x00000107EE08CB80>, '01200147': <function executar at 0x00000107ECA81BC0>, '03014701': <function executar at 0x00000107EE08CFE0>, '030237': <function executar at 0x00000107EE08CD60>, '0105070402': <function executar at 0x00000107EE08D4E0>} finalizada!
------------------------------


🔍------------------------------
Buscando lógica para: 030224
🎯 Rotina 030224 localizada! Iniciando processamento em lote...
Retornando ao frame de comandos...
📂 Entrando no IframeMenu...
⌨️ Inserindo a rotina: 030224
Procurando campo atalho...
⏳ Aguardando carregamento da rotina...
🔀 Mudamos para a nova janela: Rel. de Notas Devolvidas [pizolitto - pizolitt]

========================================
🔄 PROCESSANDO FILIAL [1/7]: Beira Rio
========================================
🧹 Limpando alertas iniciais antes de interagir com a tela...
Não há mais pop-ups ou tempo limite para o alerta 1 atingido.

✅ Total de 0 pop-ups fechados.

📍 DEBUG 1: Resetando para a raiz da página (default_content)...
📍 DEBUG 2: Tentando entrar no frame superior...
📍 DEBUG 3: Sucesso! Entrou no frame superior.
📍 DEBUG 4: Focando no dropdown com Selenium e navegando com PyAutoGUI...
⏳ Aguardando e fechando pop-ups de carregamento da troca...
🚨 Primeiro alerta detectado pelo Guarda-Costas! Iniciando limpeza...
Alerta 1 encontrado: 'O final do mês está próximo. NÃO ESQUEÇA de emitir a Nota de Entrada referente às Trocas efetuadas no mês.Não sabendo como proceder, entre em contato com o suporte.'

Alerta 1 fechado com sucesso!

Alerta 2 encontrado: 'Fechamento Financeiro não realizado há  27 dias'

Alerta 2 fechado com sucesso!

Alerta 3 encontrado: 'Fechamento do Estoque não realizado há  27 dias'

Alerta 3 fechado com sucesso!

Alerta 4 encontrado: 'Existem NFs a partir do dia 22/06/2026 com divergências.

Verificar no módulo 07.22.23-Rel. de Diverg. Promax x SEFAZ, proceder
a correção e executar a rotina 07.22.22-Verificação de Divergências.'

Alerta 4 fechado com sucesso!

Não há mais pop-ups ou tempo limite para o alerta 5 atingido.

✅ Total de 4 pop-ups fechados.

🎯 Selecionando 'Mapa' no dropdown...
📅 Preenchendo datas...
🖱️ Clicando em Visualizar...
🎯 Caçando janelas 'Processando' no sistema...
💡 Nenhuma janela 'Processando' detectada no momento.
🚀 Relatório solicitado! Aguardando botão CSV...
Download confirmado com sucesso no SplitButton!
🏷️ Nome dinâmico gerado: Beira Rio.06.2026.csv
📂 Processando arquivo da rotina 03.02.24...
✅ Arquivo renomeado para: Beira Rio.06.2026.csv
📁 Salvo em: T:\ATENDIMENTO\BEES DELIVERY\03.02.24

========================================
🔄 PROCESSANDO FILIAL [2/7]: Revalle Juazeiro
========================================
🧹 Limpando alertas iniciais antes de interagir com a tela...
Não há mais pop-ups ou tempo limite para o alerta 1 atingido.

✅ Total de 0 pop-ups fechados.

📍 DEBUG 1: Resetando para a raiz da página (default_content)...
📍 DEBUG 2: Tentando entrar no frame superior...
📍 DEBUG 3: Sucesso! Entrou no frame superior.
📍 DEBUG 4: Focando no dropdown com Selenium e navegando com PyAutoGUI...
⬇️ Descendo 1 posições via teclado...
⏳ Aguardando e fechando pop-ups de carregamento da troca...
🚨 Primeiro alerta detectado pelo Guarda-Costas! Iniciando limpeza...
Alerta 1 encontrado: 'O dia 15 de cada mes é o prazo LIMITE para a REORGANIZAÇÃO, após esse prazo o sistema ficara INOPERANTE, portanto, sabendo como proceder execute-a, e em caso de dúvida contate o suporte.'

Alerta 1 fechado com sucesso!

Alerta 2 encontrado: 'O final do mês está próximo. NÃO ESQUEÇA de emitir a Nota de Entrada referente às Trocas efetuadas no mês.Não sabendo como proceder, entre em contato com o suporte.'

Alerta 2 fechado com sucesso!

Alerta 3 encontrado: 'Fechamento Financeiro não realizado há  27 dias'

Alerta 3 fechado com sucesso!

Alerta 4 encontrado: 'Fechamento do Estoque não realizado há  27 dias'

Alerta 4 fechado com sucesso!

Não há mais pop-ups ou tempo limite para o alerta 5 atingido.

✅ Total de 4 pop-ups fechados.

🎯 Selecionando 'Mapa' no dropdown...
📅 Preenchendo datas...
🖱️ Clicando em Visualizar...
🎯 Caçando janelas 'Processando' no sistema...
💡 Nenhuma janela 'Processando' detectada no momento.
🚀 Relatório solicitado! Aguardando botão CSV...
Download confirmado com sucesso no SplitButton!
🏷️ Nome dinâmico gerado: Revalle Juazeiro.06.2026.csv
📂 Processando arquivo da rotina 03.02.24...
✅ Arquivo renomeado para: Revalle Juazeiro.06.2026.csv
📁 Salvo em: T:\ATENDIMENTO\BEES DELIVERY\03.02.24

========================================
🔄 PROCESSANDO FILIAL [3/7]: Revalle Nordeste
========================================
🧹 Limpando alertas iniciais antes de interagir com a tela...
Não há mais pop-ups ou tempo limite para o alerta 1 atingido.

✅ Total de 0 pop-ups fechados.

📍 DEBUG 1: Resetando para a raiz da página (default_content)...
📍 DEBUG 2: Tentando entrar no frame superior...
📍 DEBUG 3: Sucesso! Entrou no frame superior.
📍 DEBUG 4: Focando no dropdown com Selenium e navegando com PyAutoGUI...
⬇️ Descendo 2 posições via teclado...
⏳ Aguardando e fechando pop-ups de carregamento da troca...
🚨 Primeiro alerta detectado pelo Guarda-Costas! Iniciando limpeza...
Alerta 1 encontrado: 'O dia 15 de cada mes é o prazo LIMITE para a REORGANIZAÇÃO, após esse prazo o sistema ficara INOPERANTE, portanto, sabendo como proceder execute-a, e em caso de dúvida contate o suporte.'

Alerta 1 fechado com sucesso!

Alerta 2 encontrado: 'O final do mês está próximo. NÃO ESQUEÇA de emitir a Nota de Entrada referente às Trocas efetuadas no mês.Não sabendo como proceder, entre em contato com o suporte.'

Alerta 2 fechado com sucesso!

Alerta 3 encontrado: 'Fechamento Financeiro não realizado há  27 dias'

Alerta 3 fechado com sucesso!

Alerta 4 encontrado: 'Fechamento do Estoque não realizado há  26 dias'

Alerta 4 fechado com sucesso!

Não há mais pop-ups ou tempo limite para o alerta 5 atingido.

✅ Total de 4 pop-ups fechados.

🎯 Selecionando 'Mapa' no dropdown...
📅 Preenchendo datas...
🖱️ Clicando em Visualizar...
🎯 Caçando janelas 'Processando' no sistema...
💡 Nenhuma janela 'Processando' detectada no momento.
🚀 Relatório solicitado! Aguardando botão CSV...
Download confirmado com sucesso no SplitButton!
🏷️ Nome dinâmico gerado: Revalle Nordeste.06.2026.csv
📂 Processando arquivo da rotina 03.02.24...
✅ Arquivo renomeado para: Revalle Nordeste.06.2026.csv
📁 Salvo em: T:\ATENDIMENTO\BEES DELIVERY\03.02.24

========================================
🔄 PROCESSANDO FILIAL [4/7]: Revalle Bonfim
========================================
🧹 Limpando alertas iniciais antes de interagir com a tela...
Não há mais pop-ups ou tempo limite para o alerta 1 atingido.

✅ Total de 0 pop-ups fechados.

📍 DEBUG 1: Resetando para a raiz da página (default_content)...
📍 DEBUG 2: Tentando entrar no frame superior...
📍 DEBUG 3: Sucesso! Entrou no frame superior.
📍 DEBUG 4: Focando no dropdown com Selenium e navegando com PyAutoGUI...
⬇️ Descendo 3 posições via teclado...
⏳ Aguardando e fechando pop-ups de carregamento da troca...
🚨 Primeiro alerta detectado pelo Guarda-Costas! Iniciando limpeza...
Alerta 1 encontrado: 'O dia 15 de cada mes é o prazo LIMITE para a REORGANIZAÇÃO, após esse prazo o sistema ficara INOPERANTE, portanto, sabendo como proceder execute-a, e em caso de dúvida contate o suporte.'

Alerta 1 fechado com sucesso!

Alerta 2 encontrado: 'O final do mês está próximo. NÃO ESQUEÇA de emitir a Nota de Entrada referente às Trocas efetuadas no mês.Não sabendo como proceder, entre em contato com o suporte.'

Alerta 2 fechado com sucesso!

Alerta 3 encontrado: 'Fechamento Financeiro não realizado há  27 dias'

Alerta 3 fechado com sucesso!

Alerta 4 encontrado: 'Fechamento do Estoque não realizado há  25 dias'

Alerta 4 fechado com sucesso!

Não há mais pop-ups ou tempo limite para o alerta 5 atingido.

✅ Total de 4 pop-ups fechados.

🎯 Selecionando 'Mapa' no dropdown...
📅 Preenchendo datas...
🖱️ Clicando em Visualizar...
🎯 Caçando janelas 'Processando' no sistema...
💡 Nenhuma janela 'Processando' detectada no momento.
🚀 Relatório solicitado! Aguardando botão CSV...
Download confirmado com sucesso no SplitButton!
🏷️ Nome dinâmico gerado: Revalle Bonfim.06.2026.csv
📂 Processando arquivo da rotina 03.02.24...
✅ Arquivo renomeado para: Revalle Bonfim.06.2026.csv
📁 Salvo em: T:\ATENDIMENTO\BEES DELIVERY\03.02.24

========================================
🔄 PROCESSANDO FILIAL [5/7]: Revalle P Afonso
========================================
🧹 Limpando alertas iniciais antes de interagir com a tela...
Não há mais pop-ups ou tempo limite para o alerta 1 atingido.

✅ Total de 0 pop-ups fechados.

📍 DEBUG 1: Resetando para a raiz da página (default_content)...
📍 DEBUG 2: Tentando entrar no frame superior...
📍 DEBUG 3: Sucesso! Entrou no frame superior.
📍 DEBUG 4: Focando no dropdown com Selenium e navegando com PyAutoGUI...
⬇️ Descendo 4 posições via teclado...
⏳ Aguardando e fechando pop-ups de carregamento da troca...
🚨 Primeiro alerta detectado pelo Guarda-Costas! Iniciando limpeza...
Alerta 1 encontrado: 'O dia 15 de cada mes é o prazo LIMITE para a REORGANIZAÇÃO, após esse prazo o sistema ficara INOPERANTE, portanto, sabendo como proceder execute-a, e em caso de dúvida contate o suporte.'

Alerta 1 fechado com sucesso!

Alerta 2 encontrado: 'O final do mês está próximo. NÃO ESQUEÇA de emitir a Nota de Entrada referente às Trocas efetuadas no mês.Não sabendo como proceder, entre em contato com o suporte.'

Alerta 2 fechado com sucesso!

Alerta 3 encontrado: 'Fechamento Financeiro não realizado há  27 dias'

Alerta 3 fechado com sucesso!

Alerta 4 encontrado: 'Fechamento do Estoque não realizado há  27 dias'

Alerta 4 fechado com sucesso!

Não há mais pop-ups ou tempo limite para o alerta 5 atingido.

✅ Total de 4 pop-ups fechados.

🎯 Selecionando 'Mapa' no dropdown...
📅 Preenchendo datas...
🖱️ Clicando em Visualizar...
🎯 Caçando janelas 'Processando' no sistema...
💡 Nenhuma janela 'Processando' detectada no momento.
🚀 Relatório solicitado! Aguardando botão CSV...
Download confirmado com sucesso no SplitButton!
🏷️ Nome dinâmico gerado: Revalle P Afonso.06.2026.csv
📂 Processando arquivo da rotina 03.02.24...
✅ Arquivo renomeado para: Revalle P Afonso.06.2026.csv
📁 Salvo em: T:\ATENDIMENTO\BEES DELIVERY\03.02.24

========================================
🔄 PROCESSANDO FILIAL [6/7]: Revalle Alagoinhas
========================================
🧹 Limpando alertas iniciais antes de interagir com a tela...
Não há mais pop-ups ou tempo limite para o alerta 1 atingido.

✅ Total de 0 pop-ups fechados.

📍 DEBUG 1: Resetando para a raiz da página (default_content)...
📍 DEBUG 2: Tentando entrar no frame superior...
📍 DEBUG 3: Sucesso! Entrou no frame superior.
📍 DEBUG 4: Focando no dropdown com Selenium e navegando com PyAutoGUI...
⬇️ Descendo 5 posições via teclado...
⏳ Aguardando e fechando pop-ups de carregamento da troca...
🚨 Primeiro alerta detectado pelo Guarda-Costas! Iniciando limpeza...
Alerta 1 encontrado: 'O dia 15 de cada mes é o prazo LIMITE para a REORGANIZAÇÃO, após esse prazo o sistema ficara INOPERANTE, portanto, sabendo como proceder execute-a, e em caso de dúvida contate o suporte.'

Alerta 1 fechado com sucesso!

Alerta 2 encontrado: 'O final do mês está próximo. NÃO ESQUEÇA de emitir a Nota de Entrada referente às Trocas efetuadas no mês.Não sabendo como proceder, entre em contato com o suporte.'

Alerta 2 fechado com sucesso!

Alerta 3 encontrado: 'Fechamento Financeiro não realizado há  27 dias'

Alerta 3 fechado com sucesso!

Alerta 4 encontrado: 'Fechamento do Estoque não realizado há  27 dias'

Alerta 4 fechado com sucesso!

Não há mais pop-ups ou tempo limite para o alerta 5 atingido.

✅ Total de 4 pop-ups fechados.

🎯 Selecionando 'Mapa' no dropdown...
📅 Preenchendo datas...
🖱️ Clicando em Visualizar...
🎯 Caçando janelas 'Processando' no sistema...
💡 Nenhuma janela 'Processando' detectada no momento.
🚀 Relatório solicitado! Aguardando botão CSV...
Download confirmado com sucesso no SplitButton!
🏷️ Nome dinâmico gerado: Revalle Alagoinhas.06.2026.csv
📂 Processando arquivo da rotina 03.02.24...
✅ Arquivo renomeado para: Revalle Alagoinhas.06.2026.csv
📁 Salvo em: T:\ATENDIMENTO\BEES DELIVERY\03.02.24

========================================
🔄 PROCESSANDO FILIAL [7/7]: Revalle Serrinha
========================================
🧹 Limpando alertas iniciais antes de interagir com a tela...
Não há mais pop-ups ou tempo limite para o alerta 1 atingido.

✅ Total de 0 pop-ups fechados.

📍 DEBUG 1: Resetando para a raiz da página (default_content)...
📍 DEBUG 2: Tentando entrar no frame superior...
📍 DEBUG 3: Sucesso! Entrou no frame superior.
📍 DEBUG 4: Focando no dropdown com Selenium e navegando com PyAutoGUI...
⬇️ Descendo 6 posições via teclado...
⏳ Aguardando e fechando pop-ups de carregamento da troca...
🚨 Primeiro alerta detectado pelo Guarda-Costas! Iniciando limpeza...
Alerta 1 encontrado: 'O dia 15 de cada mes é o prazo LIMITE para a REORGANIZAÇÃO, após esse prazo o sistema ficara INOPERANTE, portanto, sabendo como proceder execute-a, e em caso de dúvida contate o suporte.'

Alerta 1 fechado com sucesso!

Alerta 2 encontrado: 'O final do mês está próximo. NÃO ESQUEÇA de emitir a Nota de Entrada referente às Trocas efetuadas no mês.Não sabendo como proceder, entre em contato com o suporte.'

Alerta 2 fechado com sucesso!

Alerta 3 encontrado: 'Fechamento Financeiro não realizado há  27 dias'

Alerta 3 fechado com sucesso!

Alerta 4 encontrado: 'Fechamento do Estoque não realizado há  27 dias'

Alerta 4 fechado com sucesso!

Não há mais pop-ups ou tempo limite para o alerta 5 atingido.

✅ Total de 4 pop-ups fechados.

🎯 Selecionando 'Mapa' no dropdown...
📅 Preenchendo datas...
🖱️ Clicando em Visualizar...
🎯 Caçando janelas 'Processando' no sistema...
💡 Nenhuma janela 'Processando' detectada no momento.
🚀 Relatório solicitado! Aguardando botão CSV...
Download confirmado com sucesso no SplitButton!
🏷️ Nome dinâmico gerado: Revalle Serrinha.06.2026.csv
📂 Processando arquivo da rotina 03.02.24...
✅ Arquivo renomeado para: Revalle Serrinha.06.2026.csv
📁 Salvo em: T:\ATENDIMENTO\BEES DELIVERY\03.02.24

🏁 Todas as revendas da rotina 030224 foram processadas com sucesso!

🧹 Iniciando faxina de janelas secundárias...
❌ Fechando janela: Rel. de Notas Devolvidas [pizolitto - pizolitt]
✨ Ambiente limpo e pronto para a próxima!
✅ Rotina {'031120': <function executar at 0x00000107ECA81C60>, '030224': <function executar at 0x00000107EE08CB80>, '01200147': <function executar at 0x00000107ECA81BC0>, '03014701': <function executar at 0x00000107EE08CFE0>, '030237': <function executar at 0x00000107EE08CD60>, '0105070402': <function executar at 0x00000107EE08D4E0>} finalizada!
------------------------------


🔍------------------------------
Buscando lógica para: 01200147
🎯 Rotina 01200147 localizada! Iniciando processamento em lote...

🚀 Iniciando execução da Rotina 01200147...
Retornando ao frame de comandos...
📂 Entrando no IframeMenu...
⌨️ Inserindo a rotina: 01200147
Procurando campo atalho...
⏳ Aguardando carregamento da rotina...
🔀 Mudamos para a nova janela: Motoristas [pizolitto - pizolitt]

========================================
🔄 PROCESSANDO FILIAL [1/7]: Beira Rio
========================================
🧹 Limpando alertas iniciais antes de interagir com a tela...
Não há mais pop-ups ou tempo limite para o alerta 1 atingido.

✅ Total de 0 pop-ups fechados.

📍 DEBUG 1: Resetando para a raiz da página (default_content)...
📍 DEBUG 2: Tentando entrar no frame superior...
📍 DEBUG 3: Sucesso! Entrou no frame superior.
📍 DEBUG 4: Focando no dropdown com Selenium e navegando com PyAutoGUI...
📍 Forçando o 'blur' (perda de foco) via JavaScript...
⏳ Vigiando ativamente a tela aguardando os pop-ups da troca...
🚨 Primeiro alerta detectado pelo Guarda-Costas! Iniciando limpeza...
Alerta 1 encontrado: 'O final do mês está próximo. NÃO ESQUEÇA de emitir a Nota de Entrada referente às Trocas efetuadas no mês.Não sabendo como proceder, entre em contato com o suporte.'

Alerta 1 fechado com sucesso!

Alerta 2 encontrado: 'Fechamento Financeiro não realizado há  27 dias'

Alerta 2 fechado com sucesso!

Alerta 3 encontrado: 'Fechamento do Estoque não realizado há  27 dias'

Alerta 3 fechado com sucesso!

Alerta 4 encontrado: 'Existem NFs a partir do dia 22/06/2026 com divergências.

Verificar no módulo 07.22.23-Rel. de Diverg. Promax x SEFAZ, proceder
a correção e executar a rotina 07.22.22-Verificação de Divergências.'

Alerta 4 fechado com sucesso!

✅ Total de 4 pop-ups fechados.

🎯 Selecionando 'Numerica' no dropdown...
🖱️ Clicando em Visualizar...
🎯 Caçando janelas 'Processando' no sistema...
💡 Nenhuma janela 'Processando' detectada no momento.
🚀 Relatório solicitado! Aguardando botão CSV...
Download confirmado com sucesso no SplitButton!
🏷️ Nome dinâmico gerado: Beira Rio.csv
📂 Processando arquivo da rotina 01.20.01.47...
✅ Arquivo renomeado para: Beira Rio.csv
📁 Salvo em: T:\ATENDIMENTO\BEES DELIVERY\01.20.01.47

========================================
🔄 PROCESSANDO FILIAL [2/7]: Revalle Juazeiro
========================================
🧹 Limpando alertas iniciais antes de interagir com a tela...
Não há mais pop-ups ou tempo limite para o alerta 1 atingido.

✅ Total de 0 pop-ups fechados.

📍 DEBUG 1: Resetando para a raiz da página (default_content)...
📍 DEBUG 2: Tentando entrar no frame superior...
📍 DEBUG 3: Sucesso! Entrou no frame superior.
📍 DEBUG 4: Focando no dropdown com Selenium e navegando com PyAutoGUI...
⬇️ Descendo 1 posições via teclado...
📍 Forçando o 'blur' (perda de foco) via JavaScript...
⏳ Vigiando ativamente a tela aguardando os pop-ups da troca...
🚨 Primeiro alerta detectado pelo Guarda-Costas! Iniciando limpeza...
Alerta 1 encontrado: 'O dia 15 de cada mes é o prazo LIMITE para a REORGANIZAÇÃO, após esse prazo o sistema ficara INOPERANTE, portanto, sabendo como proceder execute-a, e em caso de dúvida contate o suporte.'

Alerta 1 fechado com sucesso!

Alerta 2 encontrado: 'O final do mês está próximo. NÃO ESQUEÇA de emitir a Nota de Entrada referente às Trocas efetuadas no mês.Não sabendo como proceder, entre em contato com o suporte.'

Alerta 2 fechado com sucesso!

Alerta 3 encontrado: 'Fechamento Financeiro não realizado há  27 dias'

Alerta 3 fechado com sucesso!

Alerta 4 encontrado: 'Fechamento do Estoque não realizado há  27 dias'

Alerta 4 fechado com sucesso!

✅ Total de 4 pop-ups fechados.

🎯 Selecionando 'Numerica' no dropdown...
🖱️ Clicando em Visualizar...
🎯 Caçando janelas 'Processando' no sistema...
💡 Nenhuma janela 'Processando' detectada no momento.
🚀 Relatório solicitado! Aguardando botão CSV...
Download confirmado com sucesso no SplitButton!
🏷️ Nome dinâmico gerado: Revalle Juazeiro.csv
📂 Processando arquivo da rotina 01.20.01.47...
✅ Arquivo renomeado para: Revalle Juazeiro.csv
📁 Salvo em: T:\ATENDIMENTO\BEES DELIVERY\01.20.01.47

========================================
🔄 PROCESSANDO FILIAL [3/7]: Revalle Nordeste
========================================
🧹 Limpando alertas iniciais antes de interagir com a tela...
Não há mais pop-ups ou tempo limite para o alerta 1 atingido.

✅ Total de 0 pop-ups fechados.

📍 DEBUG 1: Resetando para a raiz da página (default_content)...
📍 DEBUG 2: Tentando entrar no frame superior...
📍 DEBUG 3: Sucesso! Entrou no frame superior.
📍 DEBUG 4: Focando no dropdown com Selenium e navegando com PyAutoGUI...
⬇️ Descendo 2 posições via teclado...
📍 Forçando o 'blur' (perda de foco) via JavaScript...
⏳ Vigiando ativamente a tela aguardando os pop-ups da troca...
🚨 Primeiro alerta detectado pelo Guarda-Costas! Iniciando limpeza...
Alerta 1 encontrado: 'O dia 15 de cada mes é o prazo LIMITE para a REORGANIZAÇÃO, após esse prazo o sistema ficara INOPERANTE, portanto, sabendo como proceder execute-a, e em caso de dúvida contate o suporte.'

Alerta 1 fechado com sucesso!

Alerta 2 encontrado: 'O final do mês está próximo. NÃO ESQUEÇA de emitir a Nota de Entrada referente às Trocas efetuadas no mês.Não sabendo como proceder, entre em contato com o suporte.'

Alerta 2 fechado com sucesso!

Alerta 3 encontrado: 'Fechamento Financeiro não realizado há  27 dias'

Alerta 3 fechado com sucesso!

Alerta 4 encontrado: 'Fechamento do Estoque não realizado há  26 dias'

Alerta 4 fechado com sucesso!

✅ Total de 4 pop-ups fechados.

🎯 Selecionando 'Numerica' no dropdown...
🖱️ Clicando em Visualizar...
🎯 Caçando janelas 'Processando' no sistema...
💡 Nenhuma janela 'Processando' detectada no momento.
🚀 Relatório solicitado! Aguardando botão CSV...
Download confirmado com sucesso no SplitButton!
🏷️ Nome dinâmico gerado: Revalle Nordeste.csv
📂 Processando arquivo da rotina 01.20.01.47...
✅ Arquivo renomeado para: Revalle Nordeste.csv
📁 Salvo em: T:\ATENDIMENTO\BEES DELIVERY\01.20.01.47

========================================
🔄 PROCESSANDO FILIAL [4/7]: Revalle Bonfim
========================================
🧹 Limpando alertas iniciais antes de interagir com a tela...
Não há mais pop-ups ou tempo limite para o alerta 1 atingido.

✅ Total de 0 pop-ups fechados.

📍 DEBUG 1: Resetando para a raiz da página (default_content)...
📍 DEBUG 2: Tentando entrar no frame superior...
📍 DEBUG 3: Sucesso! Entrou no frame superior.
📍 DEBUG 4: Focando no dropdown com Selenium e navegando com PyAutoGUI...
⬇️ Descendo 3 posições via teclado...
📍 Forçando o 'blur' (perda de foco) via JavaScript...
⏳ Vigiando ativamente a tela aguardando os pop-ups da troca...
🚨 Primeiro alerta detectado pelo Guarda-Costas! Iniciando limpeza...
Alerta 1 encontrado: 'O dia 15 de cada mes é o prazo LIMITE para a REORGANIZAÇÃO, após esse prazo o sistema ficara INOPERANTE, portanto, sabendo como proceder execute-a, e em caso de dúvida contate o suporte.'

Alerta 1 fechado com sucesso!

Alerta 2 encontrado: 'O final do mês está próximo. NÃO ESQUEÇA de emitir a Nota de Entrada referente às Trocas efetuadas no mês.Não sabendo como proceder, entre em contato com o suporte.'

Alerta 2 fechado com sucesso!

Alerta 3 encontrado: 'Fechamento Financeiro não realizado há  27 dias'

Alerta 3 fechado com sucesso!

Alerta 4 encontrado: 'Fechamento do Estoque não realizado há  25 dias'

Alerta 4 fechado com sucesso!

✅ Total de 4 pop-ups fechados.

🎯 Selecionando 'Numerica' no dropdown...
🖱️ Clicando em Visualizar...
🎯 Caçando janelas 'Processando' no sistema...
💡 Nenhuma janela 'Processando' detectada no momento.
🚀 Relatório solicitado! Aguardando botão CSV...
Download confirmado com sucesso no SplitButton!
🏷️ Nome dinâmico gerado: Revalle Bonfim.csv
📂 Processando arquivo da rotina 01.20.01.47...
✅ Arquivo renomeado para: Revalle Bonfim.csv
📁 Salvo em: T:\ATENDIMENTO\BEES DELIVERY\01.20.01.47

========================================
🔄 PROCESSANDO FILIAL [5/7]: Revalle P Afonso
========================================
🧹 Limpando alertas iniciais antes de interagir com a tela...
Não há mais pop-ups ou tempo limite para o alerta 1 atingido.

✅ Total de 0 pop-ups fechados.

📍 DEBUG 1: Resetando para a raiz da página (default_content)...
📍 DEBUG 2: Tentando entrar no frame superior...
📍 DEBUG 3: Sucesso! Entrou no frame superior.
📍 DEBUG 4: Focando no dropdown com Selenium e navegando com PyAutoGUI...
⬇️ Descendo 4 posições via teclado...
📍 Forçando o 'blur' (perda de foco) via JavaScript...
⏳ Vigiando ativamente a tela aguardando os pop-ups da troca...
🚨 Primeiro alerta detectado pelo Guarda-Costas! Iniciando limpeza...
Alerta 1 encontrado: 'O dia 15 de cada mes é o prazo LIMITE para a REORGANIZAÇÃO, após esse prazo o sistema ficara INOPERANTE, portanto, sabendo como proceder execute-a, e em caso de dúvida contate o suporte.'

Alerta 1 fechado com sucesso!

Alerta 2 encontrado: 'O final do mês está próximo. NÃO ESQUEÇA de emitir a Nota de Entrada referente às Trocas efetuadas no mês.Não sabendo como proceder, entre em contato com o suporte.'

Alerta 2 fechado com sucesso!

Alerta 3 encontrado: 'Fechamento Financeiro não realizado há  27 dias'

Alerta 3 fechado com sucesso!

Alerta 4 encontrado: 'Fechamento do Estoque não realizado há  27 dias'

Alerta 4 fechado com sucesso!

✅ Total de 4 pop-ups fechados.

🎯 Selecionando 'Numerica' no dropdown...
🖱️ Clicando em Visualizar...
🎯 Caçando janelas 'Processando' no sistema...
💡 Nenhuma janela 'Processando' detectada no momento.
🚀 Relatório solicitado! Aguardando botão CSV...
Download confirmado com sucesso no SplitButton!
🏷️ Nome dinâmico gerado: Revalle P Afonso.csv
📂 Processando arquivo da rotina 01.20.01.47...
✅ Arquivo renomeado para: Revalle P Afonso.csv
📁 Salvo em: T:\ATENDIMENTO\BEES DELIVERY\01.20.01.47

========================================
🔄 PROCESSANDO FILIAL [6/7]: Revalle Alagoinhas
========================================
🧹 Limpando alertas iniciais antes de interagir com a tela...
Não há mais pop-ups ou tempo limite para o alerta 1 atingido.

✅ Total de 0 pop-ups fechados.

📍 DEBUG 1: Resetando para a raiz da página (default_content)...
📍 DEBUG 2: Tentando entrar no frame superior...
📍 DEBUG 3: Sucesso! Entrou no frame superior.
📍 DEBUG 4: Focando no dropdown com Selenium e navegando com PyAutoGUI...
⬇️ Descendo 5 posições via teclado...
📍 Forçando o 'blur' (perda de foco) via JavaScript...
⏳ Vigiando ativamente a tela aguardando os pop-ups da troca...
🚨 Primeiro alerta detectado pelo Guarda-Costas! Iniciando limpeza...
Alerta 1 encontrado: 'O dia 15 de cada mes é o prazo LIMITE para a REORGANIZAÇÃO, após esse prazo o sistema ficara INOPERANTE, portanto, sabendo como proceder execute-a, e em caso de dúvida contate o suporte.'

Alerta 1 fechado com sucesso!

Alerta 2 encontrado: 'O final do mês está próximo. NÃO ESQUEÇA de emitir a Nota de Entrada referente às Trocas efetuadas no mês.Não sabendo como proceder, entre em contato com o suporte.'

Alerta 2 fechado com sucesso!

Alerta 3 encontrado: 'Fechamento Financeiro não realizado há  27 dias'

Alerta 3 fechado com sucesso!

Alerta 4 encontrado: 'Fechamento do Estoque não realizado há  27 dias'

Alerta 4 fechado com sucesso!

✅ Total de 4 pop-ups fechados.

🎯 Selecionando 'Numerica' no dropdown...
🖱️ Clicando em Visualizar...
🎯 Caçando janelas 'Processando' no sistema...
💡 Nenhuma janela 'Processando' detectada no momento.
🚀 Relatório solicitado! Aguardando botão CSV...
Download confirmado com sucesso no SplitButton!
🏷️ Nome dinâmico gerado: Revalle Alagoinhas.csv
📂 Processando arquivo da rotina 01.20.01.47...
✅ Arquivo renomeado para: Revalle Alagoinhas.csv
📁 Salvo em: T:\ATENDIMENTO\BEES DELIVERY\01.20.01.47

========================================
🔄 PROCESSANDO FILIAL [7/7]: Revalle Serrinha
========================================
🧹 Limpando alertas iniciais antes de interagir com a tela...
Não há mais pop-ups ou tempo limite para o alerta 1 atingido.

✅ Total de 0 pop-ups fechados.

📍 DEBUG 1: Resetando para a raiz da página (default_content)...
📍 DEBUG 2: Tentando entrar no frame superior...
📍 DEBUG 3: Sucesso! Entrou no frame superior.
📍 DEBUG 4: Focando no dropdown com Selenium e navegando com PyAutoGUI...
⬇️ Descendo 6 posições via teclado...
📍 Forçando o 'blur' (perda de foco) via JavaScript...
⏳ Vigiando ativamente a tela aguardando os pop-ups da troca...
🚨 Primeiro alerta detectado pelo Guarda-Costas! Iniciando limpeza...
Alerta 1 encontrado: 'O dia 15 de cada mes é o prazo LIMITE para a REORGANIZAÇÃO, após esse prazo o sistema ficara INOPERANTE, portanto, sabendo como proceder execute-a, e em caso de dúvida contate o suporte.'

Alerta 1 fechado com sucesso!

Alerta 2 encontrado: 'O final do mês está próximo. NÃO ESQUEÇA de emitir a Nota de Entrada referente às Trocas efetuadas no mês.Não sabendo como proceder, entre em contato com o suporte.'

Alerta 2 fechado com sucesso!

Alerta 3 encontrado: 'Fechamento Financeiro não realizado há  27 dias'

Alerta 3 fechado com sucesso!

Alerta 4 encontrado: 'Fechamento do Estoque não realizado há  27 dias'

Alerta 4 fechado com sucesso!

✅ Total de 4 pop-ups fechados.

🎯 Selecionando 'Numerica' no dropdown...
🖱️ Clicando em Visualizar...
🎯 Caçando janelas 'Processando' no sistema...
💡 Nenhuma janela 'Processando' detectada no momento.
🚀 Relatório solicitado! Aguardando botão CSV...
Download confirmado com sucesso no SplitButton!
🏷️ Nome dinâmico gerado: Revalle Serrinha.csv
📂 Processando arquivo da rotina 01.20.01.47...
✅ Arquivo renomeado para: Revalle Serrinha.csv
📁 Salvo em: T:\ATENDIMENTO\BEES DELIVERY\01.20.01.47

🏁 Todas as revendas da rotina 01200147 foram processadas com sucesso!

🧹 Iniciando faxina de janelas secundárias...
❌ Fechando janela: Motoristas [pizolitto - pizolitt]
✨ Ambiente limpo e pronto para a próxima!
✅ Rotina {'031120': <function executar at 0x00000107ECA81C60>, '030224': <function executar at 0x00000107EE08CB80>, '01200147': <function executar at 0x00000107ECA81BC0>, '03014701': <function executar at 0x00000107EE08CFE0>, '030237': <function executar at 0x00000107EE08CD60>, '0105070402': <function executar at 0x00000107EE08D4E0>} finalizada!
------------------------------


🔍------------------------------
Buscando lógica para: 0105070402
🎯 Rotina 0105070402 localizada! Iniciando processamento em lote...

🚀 Iniciando execução da Rotina 0105070402...
Retornando ao frame de comandos...
📂 Entrando no IframeMenu...
⌨️ Inserindo a rotina: 0105070402
⏳ Aguardando carregamento da rotina...
🔀 Mudamos para a nova janela: Relatório do Cliente +

========================================
🔄 PROCESSANDO FILIAL [1/7]: Beira Rio
========================================
📍 Abrindo painel modal de unidades via Chave Mestra (JS)...
⏳ Aguardando o modal renderizar...
📍 Buscando a filial 'BEIRA RIO' na lista...
✅ Filial BEIRA RIO selecionada no modal!
⏳ Aguardando a página recarregar a árvore de opções após a troca...
🎯 Buscando a caixa de seleção 'Todos' na árvore de Preferências...
✅ Opção 'Todos' selecionada com sucesso!
🖱️ Clicando em Gerar CSV...
⏳ Aguardando o servidor processar e gerar o CSV...
✅ Sucesso! Promax avisou: 'CSV gerado com Sucesso!'
📥 Acionando controle nativo do Windows via PyWinAuto...
✅ Download confirmado com sucesso no SplitButton via PyWinAuto!
🏷️ Nome dinâmico gerado: Beira Rio.csv
📂 Processando arquivo da rotina PY...
✅ Arquivo renomeado para: Beira Rio.csv
📁 Salvo em: T:\ATENDIMENTO\BEES DELIVERY\01.05.07.04.02

========================================
🔄 PROCESSANDO FILIAL [2/7]: Revalle Juazeiro
========================================
📍 Abrindo painel modal de unidades via Chave Mestra (JS)...
⏳ Aguardando o modal renderizar...
📍 Buscando a filial 'REVALLE - JUAZEIRO' na lista...
✅ Filial REVALLE - JUAZEIRO selecionada no modal!
⏳ Aguardando a página recarregar a árvore de opções após a troca...
🎯 Buscando a caixa de seleção 'Todos' na árvore de Preferências...
✅ Opção 'Todos' selecionada com sucesso!
🖱️ Clicando em Gerar CSV...
⏳ Aguardando o servidor processar e gerar o CSV...
✅ Sucesso! Promax avisou: 'CSV gerado com Sucesso!'
📥 Acionando controle nativo do Windows via PyWinAuto...
✅ Download confirmado com sucesso no SplitButton via PyWinAuto!
🏷️ Nome dinâmico gerado: Revalle Juazeiro.csv
📂 Processando arquivo da rotina PY...
✅ Arquivo renomeado para: Revalle Juazeiro.csv
📁 Salvo em: T:\ATENDIMENTO\BEES DELIVERY\01.05.07.04.02

========================================
🔄 PROCESSANDO FILIAL [3/7]: Revalle Nordeste
========================================
📍 Abrindo painel modal de unidades via Chave Mestra (JS)...
⏳ Aguardando o modal renderizar...
📍 Buscando a filial 'REVALLE - NORDESTE' na lista...
✅ Filial REVALLE - NORDESTE selecionada no modal!
⏳ Aguardando a página recarregar a árvore de opções após a troca...
🎯 Buscando a caixa de seleção 'Todos' na árvore de Preferências...
✅ Opção 'Todos' selecionada com sucesso!
🖱️ Clicando em Gerar CSV...
⏳ Aguardando o servidor processar e gerar o CSV...
✅ Sucesso! Promax avisou: 'CSV gerado com Sucesso!'
📥 Acionando controle nativo do Windows via PyWinAuto...
✅ Download confirmado com sucesso no SplitButton via PyWinAuto!
🏷️ Nome dinâmico gerado: Revalle Nordeste.csv
📂 Processando arquivo da rotina PY...
✅ Arquivo renomeado para: Revalle Nordeste.csv
📁 Salvo em: T:\ATENDIMENTO\BEES DELIVERY\01.05.07.04.02

========================================
🔄 PROCESSANDO FILIAL [4/7]: Revalle Bonfim
========================================
📍 Abrindo painel modal de unidades via Chave Mestra (JS)...
⏳ Aguardando o modal renderizar...
📍 Buscando a filial 'REVALLE - BONFIM' na lista...
❌ Erro crítico ao processar a filial Revalle Bonfim: Message: 

⏭️ Pulando para a próxima revenda da lista...

========================================
🔄 PROCESSANDO FILIAL [5/7]: Revalle P Afonso
========================================
📍 Abrindo painel modal de unidades via Chave Mestra (JS)...
⏳ Aguardando o modal renderizar...
📍 Buscando a filial 'REVALLE - P AFONSO' na lista...
❌ Erro crítico ao processar a filial Revalle P Afonso: Alert Text: Sess�inv�da, efetue login
Message: Modal dialog present with text: Sess�inv�da, efetue login

⏭️ Pulando para a próxima revenda da lista...

========================================
🔄 PROCESSANDO FILIAL [6/7]: Revalle Alagoinhas
========================================
📍 Abrindo painel modal de unidades via Chave Mestra (JS)...
❌ Erro crítico ao processar a filial Revalle Alagoinhas: Message: Unable to get browser

⏭️ Pulando para a próxima revenda da lista...

========================================
🔄 PROCESSANDO FILIAL [7/7]: Revalle Serrinha
========================================
❌ Erro crítico ao processar a filial Revalle Serrinha: Message: Unable to get browser

⏭️ Pulando para a próxima revenda da lista...

🏁 Todas as revendas da rotina 0105070402 foram processadas com sucesso!

🧹 Iniciando faxina de janelas secundárias...
✨ Ambiente limpo e pronto para a próxima!
✅ Rotina {'031120': <function executar at 0x00000107ECA81C60>, '030224': <function executar at 0x00000107EE08CB80>, '01200147': <function executar at 0x00000107ECA81BC0>, '03014701': <function executar at 0x00000107EE08CFE0>, '030237': <function executar at 0x00000107EE08CD60>, '0105070402': <function executar at 0x00000107EE08D4E0>} finalizada!
------------------------------


🏆 Todas as rotinas solicitadas foram processadas!

==================================================
👋 Fechando navegador e limpando sessão...
