
==================================================
🚀 INICIANDO PROCESSO DE LOGIN PROMAX
==================================================
⚙️ Configurando IE para baixar em: c:\Users\usuario\Desktop\Promax\promax\downloads
✅ Registro atualizado com sucesso!
🌐 Abrindo navegador Internet Explorer...
📥 Acessando a URL do sistema...
🔑 Identificando frames e preenchendo credenciais...
✅ Login efetuado com sucesso!
🏢 Selecionando unidade de revenda...
📍 Unidade confirmada!
🧹 Chamando assistente para fechar pop-ups...
Alerta 1 encontrado: 'O dia 15 de cada mes é o prazo LIMITE para a REORGANIZAÇÃO, após esse prazo o sistema ficara INOPERANTE, portanto, sabendo como proceder execute-a, e em caso de dúvida contate o suporte.'

Alerta 1 fechado com sucesso!

Alerta 2 encontrado: 'Fechamento Financeiro não realizado há  40 dias'

Alerta 2 fechado com sucesso!

Alerta 3 encontrado: 'Fechamento do Estoque não realizado há   9 dias'

Alerta 3 fechado com sucesso!

Não há mais pop-ups ou tempo limite para o alerta 4 atingido.

✅ Total de 3 pop-ups fechados.

✨ Varredura de alertas concluída.

--------------------------------------------------
🎯 INICIANDO EXECUÇÃO DAS ROTINAS
--------------------------------------------------

🔍------------------------------
Buscando lógica para: 01200147
🎯 Rotina 01200147 localizada! Iniciando processamento em lote...
🧹 Processos do Chrome limpos.

🚀 Iniciando execução da Rotina 01200147...
🌐 Abrindo o Google Chrome...
💥 Falha na execução da rotina 01200147: Message: session not created: cannot connect to chrome at 127.0.0.1:9223
from chrome not reachable; For documentation on this error, please visit: https://www.selenium.dev/documentation/webdriver/troubleshooting/errors#sessionnotcreatedexception
Stacktrace:
	chromedriver!GetHandleVerifier [0x7ff7cc7a3435+14875]
	chromedriver!GetHandleVerifier [0x7ff7cc7a3490+148d0]
	chromedriver!(No symbol) [0x7ff7cc2f7576]
	chromedriver!(No symbol) [0x7ff7cc2e7bea]
	chromedriver!(No symbol) [0x7ff7cc33f28b]
	chromedriver!(No symbol) [0x7ff7cc333a6e]
	chromedriver!(No symbol) [0x7ff7cc387f11]
	chromedriver!(No symbol) [0x7ff7cc387776]
	chromedriver!(No symbol) [0x7ff7cc343eb0]
	chromedriver!(No symbol) [0x7ff7cc344e23]
	chromedriver!GetHandleVerifier [0x7ff7ccd86c91+5f80d1]
	chromedriver!GetHandleVerifier [0x7ff7ccd8101b+5f245b]
	chromedriver!GetHandleVerifier [0x7ff7ccda6305+617745]
	chromedriver!GetHandleVerifier [0x7ff7cc7c03ee+3182e]
	chromedriver!GetHandleVerifier [0x7ff7cc7c8b0c+39f4c]
	chromedriver!GetHandleVerifier [0x7ff7cc7acb04+1df44]
	chromedriver!GetHandleVerifier [0x7ff7cc7acc94+1e0d4]
	chromedriver!GetHandleVerifier [0x7ff7cc790997+1dd7]
	KERNEL32!BaseThreadInitThunk [0x7ffb5a3b7374+14]
	ntdll!RtlUserThreadStart [0x7ffb5aa9cc91+21]


🧹 Iniciando faxina de janelas secundárias...
✨ Ambiente limpo e pronto para a próxima!
✅ Rotina {'031120': <function executar at 0x000001CF93951D00>, '030224': <function executar at 0x000001CF94F5CC20>, '01200147': <function executar at 0x000001CF93951C60>, '03014701': <function executar at 0x000001CF94F5CFE0>, '030237': <function executar at 0x000001CF94F5CE00>, '0105070402': <function executar at 0x000001CF94F5D4E0>} finalizada!
------------------------------


🏆 Todas as rotinas solicitadas foram processadas!

==================================================
👋 Fechando navegador e limpando sessão...
