
==================================================
🚀 INICIANDO PROCESSO DE LOGIN PROMAX
==================================================
⚙️ Configurando IE para baixar em: c:\Users\usuario\Desktop\Promax\promax\downloads
✅ Registro atualizado com sucesso!
🌐 Abrindo navegador Internet Explorer...
📥 Acessando a URL do sistema...
🔑 Identificando frames e preenchendo credenciais...
✅ Login efetuado com sucesso!
🏢 Selecionando unidade de revenda...
📍 Unidade confirmada!
🧹 Chamando assistente para fechar pop-ups...
Alerta 1 encontrado: 'O dia 15 de cada mes é o prazo LIMITE para a REORGANIZAÇÃO, após esse prazo o sistema ficara INOPERANTE, portanto, sabendo como proceder execute-a, e em caso de dúvida contate o suporte.'

Alerta 1 fechado com sucesso!

Alerta 2 encontrado: 'Fechamento Financeiro não realizado há  40 dias'

Alerta 2 fechado com sucesso!

Alerta 3 encontrado: 'Fechamento do Estoque não realizado há   9 dias'

Alerta 3 fechado com sucesso!

Não há mais pop-ups ou tempo limite para o alerta 4 atingido.

✅ Total de 3 pop-ups fechados.

✨ Varredura de alertas concluída.

--------------------------------------------------
🎯 INICIANDO EXECUÇÃO DAS ROTINAS
--------------------------------------------------

🔍------------------------------
Buscando lógica para: 01200147
🎯 Rotina 01200147 localizada! Iniciando processamento em lote...
🧹 Processos do Chrome limpos.

🚀 Iniciando execução da Rotina 01200147...
Retornando ao frame de comandos...
📂 Entrando no IframeMenu...
⌨️ Inserindo a rotina: 01200147
Procurando campo atalho...
⏳ Aguardando carregamento da rotina...
🔀 Mudamos para a nova janela: Motoristas [pizolitto - pizolitt]

========================================
🔄 PROCESSANDO FILIAL [1/7]: Beira Rio
========================================
🧹 Limpando alertas iniciais antes de interagir com a tela...
Erro inesperado ao tentar fechar pop-up 1: Message: Unable to get browser


✅ Total de 0 pop-ups fechados.

📍 DEBUG 1: Resetando para a raiz da página (default_content)...
❌ Erro crítico ao processar a filial Beira Rio: Message: Unable to get browser

⏭️ Pulando para a próxima revenda da lista...

========================================
🔄 PROCESSANDO FILIAL [2/7]: Revalle Juazeiro
========================================
🧹 Limpando alertas iniciais antes de interagir com a tela...
Erro inesperado ao tentar fechar pop-up 1: Message: Unable to get browser


✅ Total de 0 pop-ups fechados.

📍 DEBUG 1: Resetando para a raiz da página (default_content)...
❌ Erro crítico ao processar a filial Revalle Juazeiro: Message: Unable to get browser

⏭️ Pulando para a próxima revenda da lista...

========================================
🔄 PROCESSANDO FILIAL [3/7]: Revalle Nordeste
========================================
🧹 Limpando alertas iniciais antes de interagir com a tela...
Erro inesperado ao tentar fechar pop-up 1: Message: Unable to get browser


✅ Total de 0 pop-ups fechados.

📍 DEBUG 1: Resetando para a raiz da página (default_content)...
❌ Erro crítico ao processar a filial Revalle Nordeste: Message: Unable to get browser

⏭️ Pulando para a próxima revenda da lista...

========================================
🔄 PROCESSANDO FILIAL [4/7]: Revalle Bonfim
========================================
🧹 Limpando alertas iniciais antes de interagir com a tela...
Erro inesperado ao tentar fechar pop-up 1: Message: Unable to get browser


✅ Total de 0 pop-ups fechados.

📍 DEBUG 1: Resetando para a raiz da página (default_content)...
❌ Erro crítico ao processar a filial Revalle Bonfim: Message: Unable to get browser

⏭️ Pulando para a próxima revenda da lista...

========================================
🔄 PROCESSANDO FILIAL [5/7]: Revalle P Afonso
========================================
🧹 Limpando alertas iniciais antes de interagir com a tela...
Erro inesperado ao tentar fechar pop-up 1: Message: Unable to get browser


✅ Total de 0 pop-ups fechados.

📍 DEBUG 1: Resetando para a raiz da página (default_content)...
❌ Erro crítico ao processar a filial Revalle P Afonso: Message: Unable to get browser

⏭️ Pulando para a próxima revenda da lista...

========================================
🔄 PROCESSANDO FILIAL [6/7]: Revalle Alagoinhas
========================================
🧹 Limpando alertas iniciais antes de interagir com a tela...
Erro inesperado ao tentar fechar pop-up 1: Message: Unable to get browser


✅ Total de 0 pop-ups fechados.

📍 DEBUG 1: Resetando para a raiz da página (default_content)...
❌ Erro crítico ao processar a filial Revalle Alagoinhas: Message: Unable to get browser

⏭️ Pulando para a próxima revenda da lista...

========================================
🔄 PROCESSANDO FILIAL [7/7]: Revalle Serrinha
========================================
🧹 Limpando alertas iniciais antes de interagir com a tela...
Erro inesperado ao tentar fechar pop-up 1: Message: Unable to get browser


✅ Total de 0 pop-ups fechados.

📍 DEBUG 1: Resetando para a raiz da página (default_content)...
❌ Erro crítico ao processar a filial Revalle Serrinha: Message: Unable to get browser

⏭️ Pulando para a próxima revenda da lista...

🏁 Todas as revendas da rotina 01200147 foram processadas com sucesso!

🧹 Iniciando faxina de janelas secundárias...
✨ Ambiente limpo e pronto para a próxima!
✅ Rotina {'031120': <function executar at 0x000001E3F1421D00>, '030224': <function executar at 0x000001E3F39FCC20>, '01200147': <function executar at 0x000001E3F1421C60>, '03014701': <function executar at 0x000001E3F39FD080>, '030237': <function executar at 0x000001E3F39FCE00>, '0105070402': <function executar at 0x000001E3F39FD580>} finalizada!
------------------------------


🏆 Todas as rotinas solicitadas foram processadas!

==================================================
👋 Fechando navegador e limpando sessão...
