
==================================================
🚀 INICIANDO PROCESSO DE LOGIN PROMAX
==================================================
⚙️ Configurando IE para baixar em: C:\Users\usuario\Desktop\Promax\promax\downloads
✅ Registro atualizado com sucesso!
🌐 Abrindo navegador Internet Explorer...
📥 Acessando a URL do sistema...
🔑 Identificando frames e preenchendo credenciais...
✅ Login efetuado com sucesso!
🏢 Selecionando unidade de revenda...
📍 Unidade confirmada!
🧹 Chamando assistente para fechar pop-ups...
Alerta 1 encontrado: 'Fechamento Financeiro não realizado há  38 dias'

Alerta 1 fechado com sucesso!

Alerta 2 encontrado: 'Fechamento do Estoque não realizado há   7 dias'

Alerta 2 fechado com sucesso!

Alerta 3 encontrado: 'A licença vencerá em  3 dias. Favor entrar em contato com a HBsis pelo fone (47)2123-5400'

Alerta 3 fechado com sucesso!

Não há mais pop-ups ou tempo limite para o alerta 4 atingido.

✅ Total de 3 pop-ups fechados.

✨ Varredura de alertas concluída.

--------------------------------------------------
🎯 INICIANDO EXECUÇÃO DAS ROTINAS
--------------------------------------------------

🔍------------------------------
Buscando lógica para: 031120
🎯 Rotina 031120 localizada! Iniciando processamento em lote...

🚀 Iniciando execução da Rotina 031120...
Retornando ao frame de comandos...
📂 Entrando no IframeMenu...
⌨️ Inserindo a rotina: 031120
Procurando campo atalho...
⏳ Aguardando carregamento da rotina...
🔀 Mudamos para a nova janela: Planilha de Acompanhamento [pizolitto - pizolitt]

========================================
🔄 PROCESSANDO FILIAL [1/7]: Beira Rio
========================================
🧹 Limpando alertas iniciais antes de interagir com a tela...
Não há mais pop-ups ou tempo limite para o alerta 1 atingido.

✅ Total de 0 pop-ups fechados.

📍 DEBUG 1: Resetando para a raiz da página (default_content)...
📍 DEBUG 2: Tentando entrar no frame superior...
📍 DEBUG 3: Sucesso! Entrou no frame superior.
📍 DEBUG 4: Focando no dropdown com Selenium e navegando com PyAutoGUI...
⏳ Vigiando ativamente a tela aguardando os pop-ups da troca...
🚨 Primeiro alerta detectado pelo Guarda-Costas! Iniciando limpeza...
Alerta 1 encontrado: 'Fechamento do Estoque não realizado há   7 dias'

Alerta 1 fechado com sucesso!

Alerta 2 encontrado: 'A licença vencerá em  3 dias. Favor entrar em contato com a HBsis pelo fone (47)2123-5400'

Alerta 2 fechado com sucesso!

Não há mais pop-ups ou tempo limite para o alerta 3 atingido.

✅ Total de 2 pop-ups fechados.

🎯 Selecionando 'Mapa' no dropdown...
📅 Preenchendo datas: 01/06/2026 até 07/06/2026
🖱️ Clicando em Visualizar...
🎯 Caçando janelas 'Processando' no sistema...
💡 Nenhuma janela 'Processando' detectada no momento.
🚀 Relatório solicitado! Aguardando botão CSV...
Download confirmado com sucesso no SplitButton!
🏷️ Nome dinâmico gerado: Beira Rio.06.2026.csv
📁 Movendo para a pasta: T:\ATENDIMENTO\BEES DELIVERY\03.11.20\Beira Rio\2026
📂 Processando arquivo da rotina 03.11.20...
✅ Arquivo renomeado para: Beira Rio.06.2026.csv
📁 Salvo em: T:\ATENDIMENTO\BEES DELIVERY\03.11.20\Beira Rio\2026

========================================
🔄 PROCESSANDO FILIAL [2/7]: Revalle Juazeiro
========================================
🧹 Limpando alertas iniciais antes de interagir com a tela...
Não há mais pop-ups ou tempo limite para o alerta 1 atingido.

✅ Total de 0 pop-ups fechados.

📍 DEBUG 1: Resetando para a raiz da página (default_content)...
📍 DEBUG 2: Tentando entrar no frame superior...
📍 DEBUG 3: Sucesso! Entrou no frame superior.
📍 DEBUG 4: Focando no dropdown com Selenium e navegando com PyAutoGUI...
⬇️ Descendo 1 posições via teclado...
⏳ Vigiando ativamente a tela aguardando os pop-ups da troca...
🚨 Primeiro alerta detectado pelo Guarda-Costas! Iniciando limpeza...
Alerta 1 encontrado: 'Fechamento Financeiro não realizado há  38 dias'

Alerta 1 fechado com sucesso!

Alerta 2 encontrado: 'Fechamento do Estoque não realizado há   7 dias'

Alerta 2 fechado com sucesso!

Alerta 3 encontrado: 'A licença vencerá em  3 dias. Favor entrar em contato com a HBsis pelo fone (47)2123-5400'

Alerta 3 fechado com sucesso!

Não há mais pop-ups ou tempo limite para o alerta 4 atingido.

✅ Total de 3 pop-ups fechados.

🎯 Selecionando 'Mapa' no dropdown...
📅 Preenchendo datas: 01/06/2026 até 07/06/2026
🖱️ Clicando em Visualizar...
🎯 Caçando janelas 'Processando' no sistema...
💡 Nenhuma janela 'Processando' detectada no momento.
🚀 Relatório solicitado! Aguardando botão CSV...
Download confirmado com sucesso no SplitButton!
🏷️ Nome dinâmico gerado: Revalle Juazeiro.06.2026.csv
📁 Movendo para a pasta: T:\ATENDIMENTO\BEES DELIVERY\03.11.20\Juazeiro\2026
📂 Processando arquivo da rotina 03.11.20...
⚠️ Nenhum arquivo encontrado com o padrão: 03.11.20

========================================
🔄 PROCESSANDO FILIAL [3/7]: Revalle Nordeste
========================================
🧹 Limpando alertas iniciais antes de interagir com a tela...
Não há mais pop-ups ou tempo limite para o alerta 1 atingido.

✅ Total de 0 pop-ups fechados.

📍 DEBUG 1: Resetando para a raiz da página (default_content)...
📍 DEBUG 2: Tentando entrar no frame superior...
📍 DEBUG 3: Sucesso! Entrou no frame superior.
📍 DEBUG 4: Focando no dropdown com Selenium e navegando com PyAutoGUI...
⬇️ Descendo 2 posições via teclado...
⏳ Vigiando ativamente a tela aguardando os pop-ups da troca...

🧹 Iniciando faxina de janelas secundárias...

❌ OCORREU UM ERRO NO FLUXO DE ROTINAS: HTTPConnectionPool(host='localhost', port=58804): Max retries exceeded with url: /session/c72f9c93-2be2-4676-b232-997bf94c826a/window/handles (Caused by NewConnectionError("HTTPConnection(host='localhost', port=58804): Failed to establish a new connection: [WinError 10061] Nenhuma conexão pôde ser feita porque a máquina de destino as recusou ativamente"))

==================================================
👋 Fechando navegador e limpando sessão...
