
==================================================
🚀 INICIANDO PROCESSO DE LOGIN PROMAX
==================================================
⚙️ Configurando IE para baixar em: C:\Users\usuario\Desktop\Promax\promax\downloads
✅ Registro atualizado com sucesso!
🌐 Abrindo navegador Internet Explorer...
📥 Acessando a URL do sistema...
🔑 Identificando frames e preenchendo credenciais...
Traceback (most recent call last):
  File "C:\Users\usuario\Desktop\Promax\promax\main.py", line 142, in <module>
    driver, wait = login_e_menu()
                   ^^^^^^^^^^^^^^
  File "C:\Users\usuario\Desktop\Promax\promax\main.py", line 97, in login_e_menu
    driver.find_element(By.ID, "BtnConfirm").click()
  File "C:\Users\usuario\AppData\Local\Programs\Python\Python312\Lib\site-packages\selenium\webdriver\remote\webelement.py", line 114, in click
    self._execute(Command.CLICK_ELEMENT)
  File "C:\Users\usuario\AppData\Local\Programs\Python\Python312\Lib\site-packages\selenium\webdriver\remote\webelement.py", line 508, in _execute
    return self._parent.execute(command, params)
           ^^^^^^^^^^^^^^^^^^^^^^^^^^^^^^^^^^^^^
  File "C:\Users\usuario\AppData\Local\Programs\Python\Python312\Lib\site-packages\selenium\webdriver\remote\webdriver.py", line 468, in execute
    self.error_handler.check_response(response)
  File "C:\Users\usuario\AppData\Local\Programs\Python\Python312\Lib\site-packages\selenium\webdriver\remote\errorhandler.py", line 232, in check_response
    raise exception_class(message, screen, stacktrace)
selenium.common.exceptions.NoSuchWindowException: Message: Unable to get browser

