
==================================================
🚀 INICIANDO PROCESSO DE LOGIN PROMAX
==================================================
⚙️ Configurando IE para baixar em: c:\Users\usuario\Desktop\Promax\promax\downloads
✅ Registro atualizado com sucesso!
🌐 Abrindo navegador Internet Explorer...
📥 Acessando a URL do sistema...
🔑 Identificando frames e preenchendo credenciais...
✅ Login efetuado com sucesso!
🏢 Selecionando unidade de revenda...
📍 Unidade confirmada!
🧹 Chamando assistente para fechar pop-ups...
Alerta 1 encontrado: 'Fechamento Financeiro não realizado há  38 dias'

Alerta 1 fechado com sucesso!

Alerta 2 encontrado: 'Fechamento do Estoque não realizado há   7 dias'

Alerta 2 fechado com sucesso!

Alerta 3 encontrado: 'A licença vencerá em  3 dias. Favor entrar em contato com a HBsis pelo fone (47)2123-5400'

Alerta 3 fechado com sucesso!

Não há mais pop-ups ou tempo limite para o alerta 4 atingido.

✅ Total de 3 pop-ups fechados.

✨ Varredura de alertas concluída.

--------------------------------------------------
🎯 INICIANDO EXECUÇÃO DAS ROTINAS
--------------------------------------------------

🔍------------------------------
Buscando lógica para: 030224
🎯 Rotina 030224 localizada! Iniciando processamento em lote...
Retornando ao frame de comandos...
📂 Entrando no IframeMenu...
⌨️ Inserindo a rotina: 030224
Procurando campo atalho...
⏳ Aguardando carregamento da rotina...
🔀 Mudamos para a nova janela: Rel. de Notas Devolvidas [pizolitto - pizolitt]

========================================
🔄 PROCESSANDO FILIAL [1/7]: Beira Rio
========================================
🧹 Limpando alertas iniciais antes de interagir com a tela...
Não há mais pop-ups ou tempo limite para o alerta 1 atingido.

✅ Total de 0 pop-ups fechados.

📍 DEBUG 1: Resetando para a raiz da página (default_content)...
📍 DEBUG 2: Tentando entrar no frame superior...
📍 DEBUG 3: Sucesso! Entrou no frame superior.
📍 DEBUG 4: Focando no dropdown com Selenium e navegando com PyAutoGUI...
⏳ Aguardando e fechando pop-ups de carregamento da troca...
🚨 Primeiro alerta detectado pelo Guarda-Costas! Iniciando limpeza...
Alerta 1 encontrado: 'Fechamento do Estoque não realizado há   7 dias'

Alerta 1 fechado com sucesso!

Alerta 2 encontrado: 'A licença vencerá em  3 dias. Favor entrar em contato com a HBsis pelo fone (47)2123-5400'

Alerta 2 fechado com sucesso!

Não há mais pop-ups ou tempo limite para o alerta 3 atingido.

✅ Total de 2 pop-ups fechados.

🎯 Selecionando 'Mapa' no dropdown...
📅 Preenchendo datas...
🖱️ Clicando em Visualizar...
🎯 Caçando janelas 'Processando' no sistema...
💡 Nenhuma janela 'Processando' detectada no momento.
🚀 Relatório solicitado! Aguardando botão CSV...
Download confirmado com sucesso no SplitButton!
🏷️ Nome dinâmico gerado: Beira Rio.06.2026.csv
📂 Processando arquivo da rotina 03.02.24...
✅ Arquivo renomeado para: Beira Rio.06.2026.csv
📁 Salvo em: T:\ATENDIMENTO\BEES DELIVERY\03.02.24

========================================
🔄 PROCESSANDO FILIAL [2/7]: Revalle Juazeiro
========================================
🧹 Limpando alertas iniciais antes de interagir com a tela...
Não há mais pop-ups ou tempo limite para o alerta 1 atingido.

✅ Total de 0 pop-ups fechados.

📍 DEBUG 1: Resetando para a raiz da página (default_content)...
📍 DEBUG 2: Tentando entrar no frame superior...
📍 DEBUG 3: Sucesso! Entrou no frame superior.
📍 DEBUG 4: Focando no dropdown com Selenium e navegando com PyAutoGUI...
⬇️ Descendo 1 posições via teclado...
⏳ Aguardando e fechando pop-ups de carregamento da troca...
🚨 Primeiro alerta detectado pelo Guarda-Costas! Iniciando limpeza...
Alerta 1 encontrado: 'Sessão inválida, efetue login'

Alerta 1 fechado com sucesso!

Erro inesperado ao tentar fechar pop-up 2: Message: Unable to get browser


✅ Total de 1 pop-ups fechados.

❌ Erro crítico ao processar a filial Revalle Juazeiro: Message: Unable to get browser

⏭️ Pulando para a próxima revenda da lista...

========================================
🔄 PROCESSANDO FILIAL [3/7]: Revalle Nordeste
========================================
🧹 Limpando alertas iniciais antes de interagir com a tela...
Erro inesperado ao tentar fechar pop-up 1: Message: Unable to get browser


✅ Total de 0 pop-ups fechados.

📍 DEBUG 1: Resetando para a raiz da página (default_content)...
❌ Erro crítico ao processar a filial Revalle Nordeste: Message: Unable to get browser

⏭️ Pulando para a próxima revenda da lista...

========================================
🔄 PROCESSANDO FILIAL [4/7]: Revalle Bonfim
========================================
🧹 Limpando alertas iniciais antes de interagir com a tela...
Erro inesperado ao tentar fechar pop-up 1: Message: Unable to get browser


✅ Total de 0 pop-ups fechados.

📍 DEBUG 1: Resetando para a raiz da página (default_content)...
❌ Erro crítico ao processar a filial Revalle Bonfim: Message: Unable to get browser

⏭️ Pulando para a próxima revenda da lista...

========================================
🔄 PROCESSANDO FILIAL [5/7]: Revalle P Afonso
========================================
🧹 Limpando alertas iniciais antes de interagir com a tela...
Erro inesperado ao tentar fechar pop-up 1: Message: Unable to get browser


✅ Total de 0 pop-ups fechados.

📍 DEBUG 1: Resetando para a raiz da página (default_content)...
❌ Erro crítico ao processar a filial Revalle P Afonso: Message: Unable to get browser

⏭️ Pulando para a próxima revenda da lista...

========================================
🔄 PROCESSANDO FILIAL [6/7]: Revalle Alagoinhas
========================================
🧹 Limpando alertas iniciais antes de interagir com a tela...
Erro inesperado ao tentar fechar pop-up 1: Message: Unable to get browser


✅ Total de 0 pop-ups fechados.

📍 DEBUG 1: Resetando para a raiz da página (default_content)...
❌ Erro crítico ao processar a filial Revalle Alagoinhas: Message: Unable to get browser

⏭️ Pulando para a próxima revenda da lista...

========================================
🔄 PROCESSANDO FILIAL [7/7]: Revalle Serrinha
========================================
🧹 Limpando alertas iniciais antes de interagir com a tela...
Erro inesperado ao tentar fechar pop-up 1: Message: Unable to get browser


✅ Total de 0 pop-ups fechados.

📍 DEBUG 1: Resetando para a raiz da página (default_content)...
❌ Erro crítico ao processar a filial Revalle Serrinha: Message: Unable to get browser

⏭️ Pulando para a próxima revenda da lista...

🏁 Todas as revendas da rotina 030224 foram processadas com sucesso!

🧹 Iniciando faxina de janelas secundárias...
✨ Ambiente limpo e pronto para a próxima!
✅ Rotina {'031120': <function executar at 0x0000019FD9A76AC0>, '030224': <function executar at 0x0000019FDB8453A0>, '01200147': <function executar at 0x0000019FDB8A1440>, '03014701': <function executar at 0x0000019FDB8A16C0>, '030237': <function executar at 0x0000019FDB8A13A0>} finalizada!
------------------------------


🏆 Todas as rotinas solicitadas foram processadas!

==================================================
🏁 Automação finalizada. Pressione [ENTER] para sair...👋 Fechando navegador e limpando sessão...
