
==================================================
🚀 INICIANDO PROCESSO DE LOGIN PROMAX
==================================================
⚙️ Configurando IE para baixar em: C:\Users\usuario\Desktop\Promax\promax\downloads
✅ Registro atualizado com sucesso!
🌐 Abrindo navegador Internet Explorer...
📥 Acessando a URL do sistema...
🔑 Identificando frames e preenchendo credenciais...
✅ Login efetuado com sucesso!
Traceback (most recent call last):
  File "C:\Users\usuario\Desktop\Promax\promax\main.py", line 118, in <module>
    driver, wait = login_e_menu()
                   ^^^^^^^^^^^^^^
  File "C:\Users\usuario\Desktop\Promax\promax\main.py", line 102, in login_e_menu
    driver.switch_to.default_content()
  File "C:\Users\usuario\AppData\Local\Programs\Python\Python312\Lib\site-packages\selenium\webdriver\remote\switch_to.py", line 58, in default_content
    self._driver.execute(Command.SWITCH_TO_FRAME, {"id": None})
  File "C:\Users\usuario\AppData\Local\Programs\Python\Python312\Lib\site-packages\selenium\webdriver\remote\webdriver.py", line 468, in execute
    self.error_handler.check_response(response)
  File "C:\Users\usuario\AppData\Local\Programs\Python\Python312\Lib\site-packages\selenium\webdriver\remote\errorhandler.py", line 231, in check_response
    raise exception_class(message, screen, stacktrace, alert_text)
selenium.common.exceptions.UnexpectedAlertPresentException: Alert Text: Senha de acesso não confere. Essa foi a sua  5ª tentativa
Ao errar a senha pela  6ª vez consecutiva, seu acesso ao PromaX será bloqueado
Message: Modal dialog present with text: Senha de acesso não confere. Essa foi a sua  5ª tentativa
Ao errar a senha pela  6ª vez consecutiva, seu acesso ao PromaX será bloqueado

