
==================================================
🚀 INICIANDO PROCESSO DE LOGIN PROMAX
==================================================
⚙️ Configurando IE para baixar em: c:\Users\usuario\Desktop\Promax\promax\downloads
✅ Registro atualizado com sucesso!
🌐 Abrindo navegador Internet Explorer...
📥 Acessando a URL do sistema...
🔑 Identificando frames e preenchendo credenciais...
✅ Login efetuado com sucesso!
🏢 Selecionando unidade de revenda...
📍 Unidade confirmada!
🧹 Chamando assistente para fechar pop-ups...
Alerta 1 encontrado: 'Backup em Processo'

Alerta 1 fechado com sucesso!

Não há mais pop-ups ou tempo limite para o alerta 2 atingido.

✅ Total de 1 pop-ups fechados.

✨ Varredura de alertas concluída.

--------------------------------------------------
🎯 INICIANDO EXECUÇÃO DAS ROTINAS
--------------------------------------------------

🔍------------------------------
Buscando lógica para: 01200147
🎯 Rotina 01200147 localizada! Iniciando processamento em lote...

🚀 Iniciando execução da Rotina 01200147...
C:\Users\usuario\.wdm\drivers\chromedriver\win64\149.0.7827.115\chromedriver-win64/chromedriver.exe
ChromeDriver 149.0.7827.115 (daf70f9ddee4b45d4f8870f574fbde61c0db4ca7-refs/branch-heads/7827_102@{#40})

🌐 Abrindo o Google Chrome...
✅ Conectado! Título da aba: Nova guia
https://app.powerbi.com/groups/me/apps/a44ca4f3-ad02-4e6d-b2f9-523d74c0a272/reports/67b52c11-a1cb-433f-adee-e18e506d552a/ReportSection?ctid=cef04b19-7776-4a94-b89b-375c77a8f936&experience=power-bi
✅ Página aberta: Power BI
💥 Falha na execução da rotina 01200147: Message: Currently focused window has been closed.


🧹 Iniciando faxina de janelas secundárias...

❌ OCORREU UM ERRO NO FLUXO DE ROTINAS: Message: Window is closed


==================================================
👋 Fechando navegador e limpando sessão...
