
==================================================
🚀 INICIANDO PROCESSO DE LOGIN PROMAX
==================================================
⚙️ Configurando IE para baixar em: c:\Users\usuario\Desktop\Promax\promax\downloads
✅ Registro atualizado com sucesso!
🌐 Abrindo navegador Internet Explorer...
📥 Acessando a URL do sistema...
🔑 Identificando frames e preenchendo credenciais...
✅ Login efetuado com sucesso!
🏢 Selecionando unidade de revenda...
📍 Unidade confirmada!
🧹 Chamando assistente para fechar pop-ups...
Alerta 1 encontrado: 'O dia 15 de cada mes é o prazo LIMITE para a REORGANIZAÇÃO, após esse prazo o sistema ficara INOPERANTE, portanto, sabendo como proceder execute-a, e em caso de dúvida contate o suporte.'

Alerta 1 fechado com sucesso!

Alerta 2 encontrado: 'Fechamento Financeiro não realizado há  41 dias'

Alerta 2 fechado com sucesso!

Alerta 3 encontrado: 'Fechamento do Estoque não realizado há  10 dias'

Alerta 3 fechado com sucesso!

Não há mais pop-ups ou tempo limite para o alerta 4 atingido.

✅ Total de 3 pop-ups fechados.

✨ Varredura de alertas concluída.

--------------------------------------------------
🎯 INICIANDO EXECUÇÃO DAS ROTINAS
--------------------------------------------------

🔍------------------------------
Buscando lógica para: 01200147
🎯 Rotina 01200147 localizada! Iniciando processamento em lote...

🚀 Iniciando execução da Rotina 01200147...
C:\Users\usuario\.wdm\drivers\chromedriver\win64\149.0.7827.115\chromedriver-win64/chromedriver.exe
ChromeDriver 149.0.7827.115 (daf70f9ddee4b45d4f8870f574fbde61c0db4ca7-refs/branch-heads/7827_102@{#40})

🌐 Abrindo o Google Chrome...
💥 Falha na execução da rotina 01200147: Message: session not created: DevToolsActivePort file doesn't exist; For documentation on this error, please visit: https://www.selenium.dev/documentation/webdriver/troubleshooting/errors#sessionnotcreatedexception
Stacktrace:
	chromedriver!GetHandleVerifier [0x7ff78258fd95+15395]
	chromedriver!GetHandleVerifier [0x7ff78258fdf0+153f0]
	chromedriver!(No symbol) [0x7ff7820c78fd]
	chromedriver!(No symbol) [0x7ff78210e4a6]
	chromedriver!(No symbol) [0x7ff78210969a]
	chromedriver!(No symbol) [0x7ff782103f99]
	chromedriver!(No symbol) [0x7ff782157fd1]
	chromedriver!(No symbol) [0x7ff782157836]
	chromedriver!(No symbol) [0x7ff782113a58]
	chromedriver!(No symbol) [0x7ff782114953]
	chromedriver!GetHandleVerifier [0x7ff782b55511+5dab11]
	chromedriver!GetHandleVerifier [0x7ff782b4f8fb+5d4efb]
	chromedriver!GetHandleVerifier [0x7ff782b73205+5f8805]
	chromedriver!GetHandleVerifier [0x7ff7825acc6e+3226e]
	chromedriver!GetHandleVerifier [0x7ff7825b562c+3ac2c]
	chromedriver!GetHandleVerifier [0x7ff782599984+1ef84]
	chromedriver!GetHandleVerifier [0x7ff782599b14+1f114]
	chromedriver!GetHandleVerifier [0x7ff78257ca77+2077]
	KERNEL32!BaseThreadInitThunk [0x7ffb5a3b7374+14]
	ntdll!RtlUserThreadStart [0x7ffb5aa9cc91+21]


🧹 Iniciando faxina de janelas secundárias...
✨ Ambiente limpo e pronto para a próxima!
✅ Rotina {'031120': <function executar at 0x0000027268651D00>, '030224': <function executar at 0x0000027269C5CC20>, '01200147': <function executar at 0x0000027268651C60>, '03014701': <function executar at 0x0000027269C5CFE0>, '030237': <function executar at 0x0000027269C5CE00>, '0105070402': <function executar at 0x0000027269C5D4E0>} finalizada!
------------------------------


🏆 Todas as rotinas solicitadas foram processadas!

==================================================
👋 Fechando navegador e limpando sessão...
