
==================================================
🚀 INICIANDO PROCESSO DE LOGIN PROMAX
==================================================
⚙️ Configurando IE para baixar em: c:\Users\usuario\Desktop\Promax\promax\downloads
✅ Registro atualizado com sucesso!
🌐 Abrindo navegador Internet Explorer...
📥 Acessando a URL do sistema...
🔑 Identificando frames e preenchendo credenciais...
✅ Login efetuado com sucesso!
🏢 Selecionando unidade de revenda...
📍 Unidade confirmada!
🧹 Chamando assistente para fechar pop-ups...
Alerta 1 encontrado: 'O dia 15 de cada mes é o prazo LIMITE para a REORGANIZAÇÃO, após esse prazo o sistema ficara INOPERANTE, portanto, sabendo como proceder execute-a, e em caso de dúvida contate o suporte.'

Alerta 1 fechado com sucesso!

Alerta 2 encontrado: 'Fechamento Financeiro não realizado há  40 dias'

Alerta 2 fechado com sucesso!

Alerta 3 encontrado: 'Fechamento do Estoque não realizado há   9 dias'

Alerta 3 fechado com sucesso!

Não há mais pop-ups ou tempo limite para o alerta 4 atingido.

✅ Total de 3 pop-ups fechados.

✨ Varredura de alertas concluída.

--------------------------------------------------
🎯 INICIANDO EXECUÇÃO DAS ROTINAS
--------------------------------------------------

🔍------------------------------
Buscando lógica para: 0105070402
🎯 Rotina 0105070402 localizada! Iniciando processamento em lote...

🚀 Iniciando execução da Rotina 0105070402...
Retornando ao frame de comandos...
📂 Entrando no IframeMenu...
⌨️ Inserindo a rotina: 0105070402
⏳ Aguardando carregamento da rotina...
🔀 Mudamos para a nova janela: Relatório do Cliente +

========================================
🔄 PROCESSANDO FILIAL [1/7]: Beira Rio
========================================
📍 Abrindo painel modal de unidades...
❌ Erro crítico ao processar a filial Beira Rio: Message: Error executing JavaScript

⏭️ Pulando para a próxima revenda da lista...

========================================
🔄 PROCESSANDO FILIAL [2/7]: Revalle Juazeiro
========================================
📍 Abrindo painel modal de unidades...
❌ Erro crítico ao processar a filial Revalle Juazeiro: Message: Error executing JavaScript

⏭️ Pulando para a próxima revenda da lista...

========================================
🔄 PROCESSANDO FILIAL [3/7]: Revalle Nordeste
========================================
📍 Abrindo painel modal de unidades...
❌ Erro crítico ao processar a filial Revalle Nordeste: Message: Error executing JavaScript

⏭️ Pulando para a próxima revenda da lista...

========================================
🔄 PROCESSANDO FILIAL [4/7]: Revalle Bonfim
========================================
📍 Abrindo painel modal de unidades...
❌ Erro crítico ao processar a filial Revalle Bonfim: Message: Error executing JavaScript

⏭️ Pulando para a próxima revenda da lista...

========================================
🔄 PROCESSANDO FILIAL [5/7]: Revalle P Afonso
========================================
📍 Abrindo painel modal de unidades...
❌ Erro crítico ao processar a filial Revalle P Afonso: Message: Error executing JavaScript

⏭️ Pulando para a próxima revenda da lista...

========================================
🔄 PROCESSANDO FILIAL [6/7]: Revalle Alagoinhas
========================================
📍 Abrindo painel modal de unidades...
❌ Erro crítico ao processar a filial Revalle Alagoinhas: Message: Error executing JavaScript

⏭️ Pulando para a próxima revenda da lista...

========================================
🔄 PROCESSANDO FILIAL [7/7]: Revalle Serrinha
========================================
📍 Abrindo painel modal de unidades...
❌ Erro crítico ao processar a filial Revalle Serrinha: Message: Error executing JavaScript

⏭️ Pulando para a próxima revenda da lista...

🏁 Todas as revendas da rotina 0105070402 foram processadas com sucesso!

🧹 Iniciando faxina de janelas secundárias...
❌ Fechando janela: Relatório do Cliente +
✨ Ambiente limpo e pronto para a próxima!
✅ Rotina {'031120': <function executar at 0x000001AA19191D00>, '030224': <function executar at 0x000001AA1A79CC20>, '01200147': <function executar at 0x000001AA19191C60>, '03014701': <function executar at 0x000001AA1A79D080>, '030237': <function executar at 0x000001AA1A79CE00>, '0105070402': <function executar at 0x000001AA1A79D4E0>} finalizada!
------------------------------


🏆 Todas as rotinas solicitadas foram processadas!

==================================================
👋 Fechando navegador e limpando sessão...
