
==================================================
🚀 INICIANDO PROCESSO DE LOGIN PROMAX
==================================================
🧹 Limpando processos antigos (IEDriverServer e Internet Explorer) do Windows...
⚙️ Configurando IE para baixar em: c:\Users\usuario\Desktop\Promax\promax - v2\downloads
✅ Registro atualizado com sucesso!
🌐 Abrindo navegador Internet Explorer...
📥 Acessando a URL do sistema...
🔑 Identificando frames e preenchendo credenciais...
✅ Login efetuado com sucesso!
🏢 Selecionando unidade de revenda...
📍 Unidade confirmada!
🧹 Chamando assistente para fechar pop-ups...
Alerta 1 encontrado: 'Backup em Processo'

Alerta 1 fechado com sucesso!

Erro inesperado ao tentar fechar pop-up 2: Message: Unable to get browser


✅ Total de 1 pop-ups fechados.

✨ Varredura de alertas concluída.

--------------------------------------------------
🎯 INICIANDO EXECUÇÃO DAS ROTINAS
--------------------------------------------------
aprete enter para fechar
🏆 Todas as rotinas solicitadas foram processadas!

==================================================
👋 Fechando navegador e limpando sessão...
