
==================================================
🚀 INICIANDO PROCESSO DE LOGIN PROMAX
==================================================
⚙️ Configurando IE para baixar em: c:\Users\usuario\Desktop\Promax\promax - v2\downloads
✅ Registro atualizado com sucesso!
🌐 Abrindo navegador Internet Explorer...
📥 Acessando a URL do sistema...
🔑 Identificando frames e preenchendo credenciais...
✅ Login efetuado com sucesso!
✅ Nenhum aviso de senha. Seguindo para o sistema...
🏢 Selecionando unidade de revenda...
📍 Unidade confirmada!
🧹 Chamando assistente para fechar pop-ups...
Alerta 1 encontrado: 'Senha inválida'

Alerta 1 fechado com sucesso!

Não há mais pop-ups ou tempo limite para o alerta 2 atingido.

✅ Total de 1 pop-ups fechados.

✨ Varredura de alertas concluída.

--------------------------------------------------
🎯 INICIANDO EXECUÇÃO DAS ROTINAS
--------------------------------------------------

🔍------------------------------
Buscando lógica para: 031120
🎯 Rotina 031120 localizada! Iniciando processamento em lote...

🚀 Iniciando execução da Rotina 031120...
Retornando ao frame de comandos...
📂 Entrando no IframeMenu...
❌ Erro fatal na rotina 031120 (Fase de Setup): Alert Text: Senha de acesso não confere
Message: Modal dialog present with text: Senha de acesso não confere


🏁 Todas as revendas da rotina 031120 foram processadas com sucesso!

🧹 Iniciando faxina de janelas secundárias...
❌ Fechando janela: [ - ]

❌ OCORREU UM ERRO NO FLUXO DE ROTINAS: Message: Window is closed


==================================================
👋 Fechando navegador e limpando sessão...
