
==================================================
🚀 INICIANDO PROCESSO DE LOGIN PROMAX
==================================================
🧹 Limpando processos antigos (IEDriverServer e Internet Explorer) do Windows...
⚙️ Configurando IE para baixar em: c:\Users\usuario\Desktop\Promax\promax - v2\downloads
✅ Registro atualizado com sucesso!
🌐 Abrindo navegador Internet Explorer...
📥 Acessando a URL do sistema (Ambiente Mock)...
🔑 Identificando frames e preenchendo credenciais...
⚠️ Frame não encontrado (Execução local detectada). Seguindo contexto principal...
Traceback (most recent call last):
  File "c:\Users\usuario\Desktop\Promax\promax - v2\main.py", line 203, in <module>
    driver, wait = login_e_menu()
                   ^^^^^^^^^^^^^^
  File "c:\Users\usuario\Desktop\Promax\promax - v2\main.py", line 126, in login_e_menu
    wait.until(EC.presence_of_element_located((By.NAME, "Usuario")))
  File "C:\Users\usuario\AppData\Local\Programs\Python\Python312\Lib\site-packages\selenium\webdriver\support\wait.py", line 112, in until
    value = method(self._driver)
            ^^^^^^^^^^^^^^^^^^^^
  File "C:\Users\usuario\AppData\Local\Programs\Python\Python312\Lib\site-packages\selenium\webdriver\support\expected_conditions.py", line 92, in _predicate
    return driver.find_element(*locator)
           ^^^^^^^^^^^^^^^^^^^^^^^^^^^^^
  File "C:\Users\usuario\AppData\Local\Programs\Python\Python312\Lib\site-packages\selenium\webdriver\remote\webdriver.py", line 868, in find_element
    return self.execute(Command.FIND_ELEMENT, {"using": by, "value": value})["value"]
           ^^^^^^^^^^^^^^^^^^^^^^^^^^^^^^^^^^^^^^^^^^^^^^^^^^^^^^^^^^^^^^^^^
  File "C:\Users\usuario\AppData\Local\Programs\Python\Python312\Lib\site-packages\selenium\webdriver\remote\webdriver.py", line 468, in execute
    self.error_handler.check_response(response)
  File "C:\Users\usuario\AppData\Local\Programs\Python\Python312\Lib\site-packages\selenium\webdriver\remote\errorhandler.py", line 231, in check_response
    raise exception_class(message, screen, stacktrace, alert_text)
selenium.common.exceptions.UnexpectedAlertPresentException: Alert Text: 
Message: Modal dialog present with text: 

