
==================================================
🚀 INICIANDO PROCESSO DE LOGIN PROMAX
==================================================
🧹 Limpando processos antigos (IEDriverServer e Internet Explorer) do Windows...
⚙️ Configurando IE para baixar em: c:\Users\usuario\Desktop\Promax\promax - v2\downloads
✅ Registro atualizado com sucesso!
🌐 Abrindo navegador Internet Explorer...
📥 Acessando a URL do sistema...
🔑 Identificando frames e preenchendo credenciais...
✅ Login efetuado com sucesso!
✅ Nenhum aviso de senha. Seguindo para o sistema...
🏢 Selecionando unidade de revenda...
📍 Unidade confirmada!
🧹 Chamando assistente para fechar pop-ups...
Alerta 1 encontrado: 'O dia 15 de cada mes é o prazo LIMITE para a REORGANIZAÇÃO, após esse prazo o sistema ficara INOPERANTE, portanto, sabendo como proceder execute-a, e em caso de dúvida contate o suporte.'

Alerta 1 fechado com sucesso!

Alerta 2 encontrado: 'Fechamento Financeiro não realizado há  20 dias'

Alerta 2 fechado com sucesso!

Alerta 3 encontrado: 'Fechamento do Estoque não realizado há  20 dias'

Alerta 3 fechado com sucesso!

Alerta 4 encontrado: 'Existem NFs a partir do dia 18/07/2026 com divergências.

Verificar no módulo 07.22.23-Rel. de Diverg. Promax x SEFAZ, proceder
a correção e executar a rotina 07.22.22-Verificação de Divergências.'

Alerta 4 fechado com sucesso!

Não há mais pop-ups ou tempo limite para o alerta 5 atingido.

✅ Total de 4 pop-ups fechados.

✨ Varredura de alertas concluída.

--------------------------------------------------
🎯 INICIANDO EXECUÇÃO DAS ROTINAS
--------------------------------------------------

🔍------------------------------
Buscando lógica para: 03014701
🔒 Janela principal (Menu) registrada com handle: 07192842-0076-4b3d-95d2-3964ed6e5a76
⚠️ Erro ao focar na janela do menu principal: There are 2 elements that match the criteria {'title_re': '.*PromaxWEB.*', 'backend': 'win32', 'visible_only': False}
🎯 Rotina 03014701 localizada! Iniciando processamento em lote...

🚀 Iniciando execução da Rotina 03014701...
Retornando ao frame de comandos...
📂 Entrando no IframeMenu...
⌨️ Inserindo a rotina: 03014701
Procurando campo atalho...
⏳ Aguardando carregamento da rotina...
🔀 Mudamos para a nova janela: Rel. Apuração CDP [pizolitto - pizolitt]
🎯 Foco da nova janela da rotina restaurado via win32!

========================================
🔄 PROCESSANDO FILIAL [1/7]: Beira Rio
========================================
🧹 Limpando alertas iniciais antes de interagir com a tela...
Não há mais pop-ups ou tempo limite para o alerta 1 atingido.

✅ Total de 0 pop-ups fechados.

📍 DEBUG 1: Resetando para a raiz da página (default_content)...
📍 default_content para ir para a raiz...
📍 Entrando no frame top_rotina...
⚠️ Erro ao capturar HTML do select: Message: Error executing JavaScript

📍 Filial atual no dropdown antes da troca: '156.0001 - REVALLE - JUAZEIRO'
⚡ Tentando selecionar o índice 0 via JavaScript...
✅ Sucesso! Recarregamento de página detectado após o JS.
⏳ Vigiando ativamente a tela aguardando os pop-ups da troca...
🚨 Primeiro alerta detectado pelo Guarda-Costas! Iniciando limpeza...
Alerta 1 encontrado: 'Fechamento Financeiro não realizado há  20 dias'

Alerta 1 fechado com sucesso!

Alerta 2 encontrado: 'Fechamento do Estoque não realizado há  20 dias'

Alerta 2 fechado com sucesso!

Não há mais pop-ups ou tempo limite para o alerta 3 atingido.

✅ Total de 2 pop-ups fechados.

🎯 Selecionando 'Geral' no dropdown...
🎯 Selecionando 'Geral' no dropdown via JS Legado IE...
📅 Preenchendo datas...
aprete enter para fechar🖱️ Clicando em Visualizar...
💾 HTML da tela de alteração de senha salvo com sucesso em:
c:\Users\usuario\Desktop\Promax\promax - v2\rotinas\html_tela_senha_capturado.html
🚀 Relatório solicitado! Aguardando processamento e botão CSV...
📥 Confirmando download na barra do Windows...
✅ Download confirmado com sucesso no SplitButton!
🧹 Barra de download fechada para limpar o foco.
🏷️ Nome dinâmico gerado: Beira Rio.07.2026.csv
📂 Processando arquivo da rotina 03.01.47...
⏳ Aguardando conclusão do download (arquivo temporário/partial ativo)...
⏳ Aguardando conclusão do download (arquivo temporário/partial ativo)...
⏳ Aguardando conclusão do download (arquivo temporário/partial ativo)...
⏳ Aguardando conclusão do download (arquivo temporário/partial ativo)...
⏳ Aguardando conclusão do download (arquivo temporário/partial ativo)...
⏳ Aguardando conclusão do download (arquivo temporário/partial ativo)...
⏳ Aguardando conclusão do download (arquivo temporário/partial ativo)...
⏳ Aguardando conclusão do download (arquivo temporário/partial ativo)...
⏳ Aguardando conclusão do download (arquivo temporário/partial ativo)...
⏳ Aguardando conclusão do download (arquivo temporário/partial ativo)...
⏳ Aguardando conclusão do download (arquivo temporário/partial ativo)...
⏳ Aguardando conclusão do download (arquivo temporário/partial ativo)...
⏳ Aguardando conclusão do download (arquivo temporário/partial ativo)...
⏳ Aguardando conclusão do download (arquivo temporário/partial ativo)...
⏳ Aguardando conclusão do download (arquivo temporário/partial ativo)...
⏳ Aguardando conclusão do download (arquivo temporário/partial ativo)...
⏳ Aguardando conclusão do download (arquivo temporário/partial ativo)...
⏳ Aguardando conclusão do download (arquivo temporário/partial ativo)...
⏳ Aguardando conclusão do download (arquivo temporário/partial ativo)...
⏳ Aguardando conclusão do download (arquivo temporário/partial ativo)...
⏳ Aguardando conclusão do download (arquivo temporário/partial ativo)...
⏳ Aguardando conclusão do download (arquivo temporário/partial ativo)...
⏳ Aguardando conclusão do download (arquivo temporário/partial ativo)...
⏳ Aguardando conclusão do download (arquivo temporário/partial ativo)...
⏳ Aguardando conclusão do download (arquivo temporário/partial ativo)...
⏳ Aguardando conclusão do download (arquivo temporário/partial ativo)...
✅ Arquivo renomeado para: Beira Rio.07.2026.csv
📁 Salvo em: C:\Users\usuario\Desktop\Promax\promax\downloads

========================================
🔄 PROCESSANDO FILIAL [2/7]: Revalle Juazeiro
========================================
🧹 Limpando alertas iniciais antes de interagir com a tela...
Não há mais pop-ups ou tempo limite para o alerta 1 atingido.

✅ Total de 0 pop-ups fechados.

📍 DEBUG 1: Resetando para a raiz da página (default_content)...
📍 default_content para ir para a raiz...
📍 Entrando no frame top_rotina...
⚠️ Erro ao capturar HTML do select: Message: Error executing JavaScript

📍 Filial atual no dropdown antes da troca: '145.0004 - BEIRA RIO'
⚡ Tentando selecionar o índice 1 via JavaScript...
✅ Sucesso! Recarregamento de página detectado após o JS.
⏳ Vigiando ativamente a tela aguardando os pop-ups da troca...
🚨 Primeiro alerta detectado pelo Guarda-Costas! Iniciando limpeza...
Alerta 1 encontrado: 'O dia 15 de cada mes é o prazo LIMITE para a REORGANIZAÇÃO, após esse prazo o sistema ficara INOPERANTE, portanto, sabendo como proceder execute-a, e em caso de dúvida contate o suporte.'

Alerta 1 fechado com sucesso!

Alerta 2 encontrado: 'Fechamento Financeiro não realizado há  20 dias'

Alerta 2 fechado com sucesso!

Alerta 3 encontrado: 'Fechamento do Estoque não realizado há  20 dias'

Alerta 3 fechado com sucesso!

Alerta 4 encontrado: 'Existem NFs a partir do dia 18/07/2026 com divergências.

Verificar no módulo 07.22.23-Rel. de Diverg. Promax x SEFAZ, proceder
a correção e executar a rotina 07.22.22-Verificação de Divergências.'

Alerta 4 fechado com sucesso!

✅ Total de 4 pop-ups fechados.

🎯 Selecionando 'Geral' no dropdown...
🎯 Selecionando 'Geral' no dropdown via JS Legado IE...
📅 Preenchendo datas...
aprete enter para fechar🖱️ Clicando em Visualizar...
💾 HTML da tela de alteração de senha salvo com sucesso em:
c:\Users\usuario\Desktop\Promax\promax - v2\rotinas\html_tela_senha_capturado.html
🚀 Relatório solicitado! Aguardando processamento e botão CSV...
📥 Confirmando download na barra do Windows...

🧹 Iniciando faxina de janelas secundárias...

==================================================
👋 Fechando navegador e limpando sessão...
Traceback (most recent call last):
  File "c:\Users\usuario\Desktop\Promax\promax - v2\rotinas\rotinas.py", line 249, in chamar_rotina
    funcao_rotina(driver, wait, data_inicio,
  File "c:\Users\usuario\Desktop\Promax\promax - v2\rotinas\r03014701.py", line 198, in executar
    confirmar_download_ie(driver)
  File "c:\Users\usuario\Desktop\Promax\promax - v2\rotinas\utils_ui.py", line 52, in confirmar_download_ie
    app = Application(backend="uia").connect(title_re=f".*{titulo_seguro}.*", timeout=5)
          ^^^^^^^^^^^^^^^^^^^^^^^^^^^^^^^^^^^^^^^^^^^^^^^^^^^^^^^^^^^^^^^^^^^^^^^^^^^^^^
  File "C:\Users\usuario\AppData\Local\Programs\Python\Python312\Lib\site-packages\pywinauto\application.py", line 990, in connect
    self.process = timings.wait_until_passes(
                   ^^^^^^^^^^^^^^^^^^^^^^^^^^
  File "C:\Users\usuario\AppData\Local\Programs\Python\Python312\Lib\site-packages\pywinauto\timings.py", line 436, in wait_until_passes
    func_val = func(*args, **kwargs)
               ^^^^^^^^^^^^^^^^^^^^^
  File "C:\Users\usuario\AppData\Local\Programs\Python\Python312\Lib\site-packages\pywinauto\findwindows.py", line 84, in find_element
    elements = find_elements(**kwargs)
               ^^^^^^^^^^^^^^^^^^^^^^^
  File "C:\Users\usuario\AppData\Local\Programs\Python\Python312\Lib\site-packages\pywinauto\findwindows.py", line 194, in find_elements
    elements = element.children(process=process,
               ^^^^^^^^^^^^^^^^^^^^^^^^^^^^^^^^^
  File "C:\Users\usuario\AppData\Local\Programs\Python\Python312\Lib\site-packages\pywinauto\uia_element_info.py", line 283, in children
    return self._get_elements(IUIA().tree_scope["children"], cond, cache_enable)
           ^^^^^^^^^^^^^^^^^^^^^^^^^^^^^^^^^^^^^^^^^^^^^^^^^^^^^^^^^^^^^^^^^^^^^
  File "C:\Users\usuario\AppData\Local\Programs\Python\Python312\Lib\site-packages\pywinauto\uia_element_info.py", line 269, in _get_elements
    ptrs_array = self._element.FindAll(tree_scope, cond)
                 ^^^^^^^^^^^^^^^^^^^^^^^^^^^^^^^^^^^^^^^
KeyboardInterrupt

During handling of the above exception, another exception occurred:

Traceback (most recent call last):
  File "C:\Users\usuario\AppData\Local\Programs\Python\Python312\Lib\site-packages\urllib3\util\connection.py", line 73, in create_connection
    sock.connect(sa)
ConnectionRefusedError: [WinError 10061] Nenhuma conexão pôde ser feita porque a máquina de destino as recusou ativamente

During handling of the above exception, another exception occurred:

Traceback (most recent call last):
  File "c:\Users\usuario\Desktop\Promax\promax - v2\main.py", line 192, in <module>
    rotinas.chamar_rotina(driver, wait, "03014701")
  File "c:\Users\usuario\Desktop\Promax\promax - v2\rotinas\rotinas.py", line 259, in chamar_rotina
    limpar_ambiente(driver, janela_menu)
  File "c:\Users\usuario\Desktop\Promax\promax - v2\rotinas\rotinas.py", line 108, in limpar_ambiente
    todas_janelas = driver.window_handles
                    ^^^^^^^^^^^^^^^^^^^^^
  File "C:\Users\usuario\AppData\Local\Programs\Python\Python312\Lib\site-packages\selenium\webdriver\remote\webdriver.py", line 633, in window_handles
    return self.execute(Command.W3C_GET_WINDOW_HANDLES)["value"]
           ^^^^^^^^^^^^^^^^^^^^^^^^^^^^^^^^^^^^^^^^^^^^
  File "C:\Users\usuario\AppData\Local\Programs\Python\Python312\Lib\site-packages\selenium\webdriver\remote\webdriver.py", line 465, in execute
    response = cast(RemoteConnection, self.command_executor).execute(driver_command, params)
               ^^^^^^^^^^^^^^^^^^^^^^^^^^^^^^^^^^^^^^^^^^^^^^^^^^^^^^^^^^^^^^^^^^^^^^^^^^^^^
  File "C:\Users\usuario\AppData\Local\Programs\Python\Python312\Lib\site-packages\selenium\webdriver\remote\remote_connection.py", line 407, in execute
    return self._request(command_info[0], url, body=data)
           ^^^^^^^^^^^^^^^^^^^^^^^^^^^^^^^^^^^^^^^^^^^^^^
  File "C:\Users\usuario\AppData\Local\Programs\Python\Python312\Lib\site-packages\selenium\webdriver\remote\remote_connection.py", line 431, in _request
    response = self._conn.request(method, url, body=body, headers=headers, timeout=self._client_config.timeout)
               ^^^^^^^^^^^^^^^^^^^^^^^^^^^^^^^^^^^^^^^^^^^^^^^^^^^^^^^^^^^^^^^^^^^^^^^^^^^^^^^^^^^^^^^^^^^^^^^^
  File "C:\Users\usuario\AppData\Local\Programs\Python\Python312\Lib\site-packages\urllib3\_request_methods.py", line 135, in request
    return self.request_encode_url(
           ^^^^^^^^^^^^^^^^^^^^^^^^
  File "C:\Users\usuario\AppData\Local\Programs\Python\Python312\Lib\site-packages\urllib3\_request_methods.py", line 182, in request_encode_url
    return self.urlopen(method, url, **extra_kw)
           ^^^^^^^^^^^^^^^^^^^^^^^^^^^^^^^^^^^^^
  File "C:\Users\usuario\AppData\Local\Programs\Python\Python312\Lib\site-packages\urllib3\poolmanager.py", line 457, in urlopen
    response = conn.urlopen(method, u.request_uri, **kw)
               ^^^^^^^^^^^^^^^^^^^^^^^^^^^^^^^^^^^^^^^^^
  File "C:\Users\usuario\AppData\Local\Programs\Python\Python312\Lib\site-packages\urllib3\connectionpool.py", line 788, in urlopen
    response = self._make_request(
               ^^^^^^^^^^^^^^^^^^^
  File "C:\Users\usuario\AppData\Local\Programs\Python\Python312\Lib\site-packages\urllib3\connectionpool.py", line 493, in _make_request
    conn.request(
  File "C:\Users\usuario\AppData\Local\Programs\Python\Python312\Lib\site-packages\urllib3\connection.py", line 500, in request
    self.endheaders()
  File "C:\Users\usuario\AppData\Local\Programs\Python\Python312\Lib\http\client.py", line 1333, in endheaders
    self._send_output(message_body, encode_chunked=encode_chunked)
  File "C:\Users\usuario\AppData\Local\Programs\Python\Python312\Lib\http\client.py", line 1093, in _send_output
    self.send(msg)
  File "C:\Users\usuario\AppData\Local\Programs\Python\Python312\Lib\http\client.py", line 1037, in send
    self.connect()
  File "C:\Users\usuario\AppData\Local\Programs\Python\Python312\Lib\site-packages\urllib3\connection.py", line 331, in connect
    self.sock = self._new_conn()
                ^^^^^^^^^^^^^^^^
  File "C:\Users\usuario\AppData\Local\Programs\Python\Python312\Lib\site-packages\urllib3\connection.py", line 204, in _new_conn
    sock = connection.create_connection(
           ^^^^^^^^^^^^^^^^^^^^^^^^^^^^^
  File "C:\Users\usuario\AppData\Local\Programs\Python\Python312\Lib\site-packages\urllib3\util\connection.py", line 81, in create_connection
    sock.close()
  File "C:\Users\usuario\AppData\Local\Programs\Python\Python312\Lib\socket.py", line 501, in close
    def close(self):

KeyboardInterrupt

During handling of the above exception, another exception occurred:

Traceback (most recent call last):
  File "C:\Users\usuario\AppData\Local\Programs\Python\Python312\Lib\site-packages\urllib3\util\connection.py", line 73, in create_connection
    sock.connect(sa)
ConnectionRefusedError: [WinError 10061] Nenhuma conexão pôde ser feita porque a máquina de destino as recusou ativamente

During handling of the above exception, another exception occurred:

Traceback (most recent call last):
  File "c:\Users\usuario\Desktop\Promax\promax - v2\main.py", line 203, in <module>
    driver.quit()
  File "C:\Users\usuario\AppData\Local\Programs\Python\Python312\Lib\site-packages\selenium\webdriver\common\webdriver.py", line 36, in quit
    super().quit()
  File "C:\Users\usuario\AppData\Local\Programs\Python\Python312\Lib\site-packages\selenium\webdriver\remote\webdriver.py", line 616, in quit
    self.execute(Command.QUIT)
  File "C:\Users\usuario\AppData\Local\Programs\Python\Python312\Lib\site-packages\selenium\webdriver\remote\webdriver.py", line 465, in execute
    response = cast(RemoteConnection, self.command_executor).execute(driver_command, params)
               ^^^^^^^^^^^^^^^^^^^^^^^^^^^^^^^^^^^^^^^^^^^^^^^^^^^^^^^^^^^^^^^^^^^^^^^^^^^^^
  File "C:\Users\usuario\AppData\Local\Programs\Python\Python312\Lib\site-packages\selenium\webdriver\remote\remote_connection.py", line 407, in execute
    return self._request(command_info[0], url, body=data)
           ^^^^^^^^^^^^^^^^^^^^^^^^^^^^^^^^^^^^^^^^^^^^^^
  File "C:\Users\usuario\AppData\Local\Programs\Python\Python312\Lib\site-packages\selenium\webdriver\remote\remote_connection.py", line 431, in _request
    response = self._conn.request(method, url, body=body, headers=headers, timeout=self._client_config.timeout)
               ^^^^^^^^^^^^^^^^^^^^^^^^^^^^^^^^^^^^^^^^^^^^^^^^^^^^^^^^^^^^^^^^^^^^^^^^^^^^^^^^^^^^^^^^^^^^^^^^
  File "C:\Users\usuario\AppData\Local\Programs\Python\Python312\Lib\site-packages\urllib3\_request_methods.py", line 135, in request
    return self.request_encode_url(
           ^^^^^^^^^^^^^^^^^^^^^^^^
  File "C:\Users\usuario\AppData\Local\Programs\Python\Python312\Lib\site-packages\urllib3\_request_methods.py", line 182, in request_encode_url
    return self.urlopen(method, url, **extra_kw)
           ^^^^^^^^^^^^^^^^^^^^^^^^^^^^^^^^^^^^^
  File "C:\Users\usuario\AppData\Local\Programs\Python\Python312\Lib\site-packages\urllib3\poolmanager.py", line 457, in urlopen
    response = conn.urlopen(method, u.request_uri, **kw)
               ^^^^^^^^^^^^^^^^^^^^^^^^^^^^^^^^^^^^^^^^^
  File "C:\Users\usuario\AppData\Local\Programs\Python\Python312\Lib\site-packages\urllib3\connectionpool.py", line 872, in urlopen
    return self.urlopen(
           ^^^^^^^^^^^^^
  File "C:\Users\usuario\AppData\Local\Programs\Python\Python312\Lib\site-packages\urllib3\connectionpool.py", line 788, in urlopen
    response = self._make_request(
               ^^^^^^^^^^^^^^^^^^^
  File "C:\Users\usuario\AppData\Local\Programs\Python\Python312\Lib\site-packages\urllib3\connectionpool.py", line 493, in _make_request
    conn.request(
  File "C:\Users\usuario\AppData\Local\Programs\Python\Python312\Lib\site-packages\urllib3\connection.py", line 500, in request
    self.endheaders()
  File "C:\Users\usuario\AppData\Local\Programs\Python\Python312\Lib\http\client.py", line 1333, in endheaders
    self._send_output(message_body, encode_chunked=encode_chunked)
  File "C:\Users\usuario\AppData\Local\Programs\Python\Python312\Lib\http\client.py", line 1093, in _send_output
    self.send(msg)
  File "C:\Users\usuario\AppData\Local\Programs\Python\Python312\Lib\http\client.py", line 1037, in send
    self.connect()
  File "C:\Users\usuario\AppData\Local\Programs\Python\Python312\Lib\site-packages\urllib3\connection.py", line 331, in connect
    self.sock = self._new_conn()
                ^^^^^^^^^^^^^^^^
  File "C:\Users\usuario\AppData\Local\Programs\Python\Python312\Lib\site-packages\urllib3\connection.py", line 204, in _new_conn
    sock = connection.create_connection(
           ^^^^^^^^^^^^^^^^^^^^^^^^^^^^^
  File "C:\Users\usuario\AppData\Local\Programs\Python\Python312\Lib\site-packages\urllib3\util\connection.py", line 81, in create_connection
    sock.close()
  File "C:\Users\usuario\AppData\Local\Programs\Python\Python312\Lib\socket.py", line 501, in close
    def close(self):

KeyboardInterrupt
