
==================================================
🚀 INICIANDO PROCESSO DE LOGIN PROMAX
==================================================
🧹 Limpando processos antigos (IEDriverServer e Internet Explorer) do Windows...
⚙️ Configurando IE para baixar em: c:\Users\usuario\Desktop\Promax\promax - v2\downloads
✅ Registro atualizado com sucesso!
🌐 Abrindo navegador Internet Explorer...
📥 Acessando a URL do sistema (Ambiente Mock)...
🔑 Identificando frames e preenchendo credenciais...
✅ Login efetuado com sucesso!
✅ Nenhum aviso de senha. Seguindo para o sistema...
🏢 Selecionando unidade de revenda...
📍 Unidade confirmada!
🧹 Chamando assistente para fechar pop-ups...
Não há mais pop-ups ou tempo limite para o alerta 1 atingido.

✅ Total de 0 pop-ups fechados.

✨ Varredura de alertas concluída.

--------------------------------------------------
🎯 INICIANDO EXECUÇÃO DAS ROTINAS
--------------------------------------------------

🔍------------------------------
Buscando lógica para: 030224
🔒 Janela principal (Menu) registrada com handle: 89bde388-960e-4d73-985f-1854dbddb158
⚠️ Erro ao focar na janela do menu principal: There are 2 elements that match the criteria {'title_re': '.*PromaxWEB\\ \\-\\ Escolha\\ da\\ Rotina.*', 'backend': 'win32', 'visible_only': False}
🎯 Rotina 030224 localizada! Iniciando processamento em lote...
⌨️ Inserindo a rotina: 030224
Procurando campo atalho...
⏳ Aguardando carregamento da rotina...

🧹 Iniciando faxina de janelas secundárias...

❌ OCORREU UM ERRO NO FLUXO DE ROTINAS: HTTPConnectionPool(host='localhost', port=55088): Max retries exceeded with url: /session/5c6c901e-7357-4618-b38d-e03e420d8359/window/handles (Caused by NewConnectionError("HTTPConnection(host='localhost', port=55088): Failed to establish a new connection: [WinError 10061] Nenhuma conexão pôde ser feita porque a máquina de destino as recusou ativamente"))

==================================================
👋 Fechando navegador e limpando sessão...

Deseja subir as execuções/relatórios para o GitHub? (s/n): 📦 Preparando arquivos para o commit...
🚀 Enviando para o GitHub (branch atual)...
❌ Erro ao tentar subir para o GitHub: Command '['git', 'push']' returned non-zero exit status 128.
