
==================================================
🚀 INICIANDO PROCESSO DE LOGIN PROMAX
==================================================
⚙️ Configurando IE para baixar em: c:\Users\usuario\Desktop\Promax\promax - v2\downloads
✅ Registro atualizado com sucesso!
🌐 Abrindo navegador Internet Explorer...
📥 Acessando a URL do sistema...
🔑 Identificando frames e preenchendo credenciais...
✅ Login efetuado com sucesso!
✅ Nenhum aviso de senha. Seguindo para o sistema...
🏢 Selecionando unidade de revenda...
📍 Unidade confirmada!
🧹 Chamando assistente para fechar pop-ups...
Alerta 1 encontrado: 'O dia 15 de cada mes é o prazo LIMITE para a REORGANIZAÇÃO, após esse prazo o sistema ficara INOPERANTE, portanto, sabendo como proceder execute-a, e em caso de dúvida contate o suporte.'

Alerta 1 fechado com sucesso!

Alerta 2 encontrado: 'Fechamento Financeiro não realizado há  13 dias'

Alerta 2 fechado com sucesso!

Alerta 3 encontrado: 'Fechamento do Estoque não realizado há  13 dias'

Alerta 3 fechado com sucesso!

Não há mais pop-ups ou tempo limite para o alerta 4 atingido.

✅ Total de 3 pop-ups fechados.

✨ Varredura de alertas concluída.

--------------------------------------------------
🎯 INICIANDO EXECUÇÃO DAS ROTINAS
--------------------------------------------------

🔍------------------------------
Buscando lógica para: 031120
🎯 Rotina 031120 localizada! Iniciando processamento em lote...

🚀 Iniciando execução da Rotina 031120...
Retornando ao frame de comandos...
📂 Entrando no IframeMenu...
⌨️ Inserindo a rotina: 031120
Procurando campo atalho...
⏳ Aguardando carregamento da rotina...
🔀 Mudamos para a nova janela: Planilha de Acompanhamento [pizolitto - pizolitt]

========================================
🔄 PROCESSANDO FILIAL [1/7]: Beira Rio
========================================
🧹 Limpando alertas iniciais antes de interagir com a tela...
Não há mais pop-ups ou tempo limite para o alerta 1 atingido.

✅ Total de 0 pop-ups fechados.

📍 DEBUG 1: Resetando para a raiz da página (default_content)...
📍 DEBUG 2: Tentando entrar no frame superior...
📍 DEBUG 3: Sucesso! Entrou no frame superior.
📍 DEBUG 4: Focando no dropdown com Selenium e navegando com PyAutoGUI...
⏳ Vigiando ativamente a tela aguardando os pop-ups da troca...
🚨 Primeiro alerta detectado pelo Guarda-Costas! Iniciando limpeza...
Alerta 1 encontrado: 'Fechamento Financeiro não realizado há  13 dias'

Alerta 1 fechado com sucesso!

Alerta 2 encontrado: 'Fechamento do Estoque não realizado há  13 dias'

Alerta 2 fechado com sucesso!

Não há mais pop-ups ou tempo limite para o alerta 3 atingido.

✅ Total de 2 pop-ups fechados.

⏳ Verificando se o Promax gerou o relatório automaticamente ou se o form apareceu...
🎯 Selecionando 'Mapa' no dropdown...
🎯 Selecionando 'Mapa' via teclado (posição 1)...
⬇️ Descendo 1 posições via teclado...
📅 Preenchendo datas: 01/07/2026 até 13/07/2026
🖱️ Clicando em Visualizar...
🚀 Relatório solicitado! Aguardando processamento e botão CSV...
⏳ Aguardando até 300s pelo elemento GerExecl...
✅ Elemento GerExecl carregado! (Tempo de processamento: 4.3s)
Erro ao interagir com a barra de download: There are 2 elements that match the criteria {'title_re': '.*Planilha\\ de\\ Acompanhamento\\ \\[pizolitto\\ \\-\\ pizolitt\\].*', 'top_level_only': True, 'backend': 'uia'}
🏷️ Nome dinâmico gerado: Beira Rio.07.2026.csv
📁 Movendo para a pasta: T:\ATENDIMENTO\BEES DELIVERY\03.11.20\Beira Rio\2026
📂 Processando arquivo da rotina 03.11.20...
⚠️ Nenhum arquivo encontrado com o padrão: 03.11.20
🔍 Procurou na pasta: c:\Users\usuario\Desktop\Promax\promax - v2\downloads

========================================
🔄 PROCESSANDO FILIAL [2/7]: Revalle Juazeiro
========================================
🧹 Limpando alertas iniciais antes de interagir com a tela...
Não há mais pop-ups ou tempo limite para o alerta 1 atingido.

✅ Total de 0 pop-ups fechados.

📍 DEBUG 1: Resetando para a raiz da página (default_content)...
📍 DEBUG 2: Tentando entrar no frame superior...
📍 DEBUG 3: Sucesso! Entrou no frame superior.
📍 DEBUG 4: Focando no dropdown com Selenium e navegando com PyAutoGUI...
⬇️ Descendo 1 posições via teclado...
⏳ Vigiando ativamente a tela aguardando os pop-ups da troca...
🚨 Primeiro alerta detectado pelo Guarda-Costas! Iniciando limpeza...
Alerta 1 encontrado: 'O dia 15 de cada mes é o prazo LIMITE para a REORGANIZAÇÃO, após esse prazo o sistema ficara INOPERANTE, portanto, sabendo como proceder execute-a, e em caso de dúvida contate o suporte.'

Alerta 1 fechado com sucesso!

Alerta 2 encontrado: 'Fechamento Financeiro não realizado há  13 dias'

Alerta 2 fechado com sucesso!

Alerta 3 encontrado: 'Fechamento do Estoque não realizado há  13 dias'

Alerta 3 fechado com sucesso!

Não há mais pop-ups ou tempo limite para o alerta 4 atingido.

✅ Total de 3 pop-ups fechados.

⏳ Verificando se o Promax gerou o relatório automaticamente ou se o form apareceu...
🎯 Selecionando 'Mapa' no dropdown...
🎯 Selecionando 'Mapa' via teclado (posição 1)...
⬇️ Descendo 1 posições via teclado...
📅 Preenchendo datas: 01/07/2026 até 13/07/2026
🖱️ Clicando em Visualizar...
🚀 Relatório solicitado! Aguardando processamento e botão CSV...
⏳ Aguardando até 300s pelo elemento GerExecl...
✅ Elemento GerExecl carregado! (Tempo de processamento: 1.03s)
Erro ao interagir com a barra de download: There are 2 elements that match the criteria {'title_re': '.*Planilha\\ de\\ Acompanhamento\\ \\[pizolitto\\ \\-\\ pizolitt\\].*', 'top_level_only': True, 'backend': 'uia'}
🏷️ Nome dinâmico gerado: Revalle Juazeiro.07.2026.csv
📁 Movendo para a pasta: T:\ATENDIMENTO\BEES DELIVERY\03.11.20\Juazeiro\2026
📂 Processando arquivo da rotina 03.11.20...
⚠️ Nenhum arquivo encontrado com o padrão: 03.11.20
🔍 Procurou na pasta: c:\Users\usuario\Desktop\Promax\promax - v2\downloads

========================================
🔄 PROCESSANDO FILIAL [3/7]: Revalle Nordeste
========================================
🧹 Limpando alertas iniciais antes de interagir com a tela...
Não há mais pop-ups ou tempo limite para o alerta 1 atingido.

✅ Total de 0 pop-ups fechados.

📍 DEBUG 1: Resetando para a raiz da página (default_content)...
📍 DEBUG 2: Tentando entrar no frame superior...
📍 DEBUG 3: Sucesso! Entrou no frame superior.
📍 DEBUG 4: Focando no dropdown com Selenium e navegando com PyAutoGUI...
⬇️ Descendo 2 posições via teclado...
⏳ Vigiando ativamente a tela aguardando os pop-ups da troca...
✅ Nenhum alerta detectado nos últimos 10 segundos. Seguindo o fluxo...
❌ Erro crítico ao processar a filial Revalle Nordeste: Alert Text: O dia 15 de cada mes é o prazo LIMITE para a REORGANIZAÇÃO, após esse prazo o sistema ficara INOPERANTE, portanto, sabendo como proceder execute-a, e em caso de dúvida contate o suporte.
Message: Modal dialog present with text: O dia 15 de cada mes é o prazo LIMITE para a REORGANIZAÇÃO, após esse prazo o sistema ficara INOPERANTE, portanto, sabendo como proceder execute-a, e em caso de dúvida contate o suporte.

⏭️ Pulando para a próxima revenda da lista...

========================================
🔄 PROCESSANDO FILIAL [4/7]: Revalle Bonfim
========================================
🧹 Limpando alertas iniciais antes de interagir com a tela...
Alerta 1 encontrado: 'Fechamento Financeiro não realizado há  13 dias'

Alerta 1 fechado com sucesso!

Alerta 2 encontrado: 'Fechamento do Estoque não realizado há  13 dias'

Alerta 2 fechado com sucesso!

Não há mais pop-ups ou tempo limite para o alerta 3 atingido.

✅ Total de 2 pop-ups fechados.

📍 DEBUG 1: Resetando para a raiz da página (default_content)...
📍 DEBUG 2: Tentando entrar no frame superior...
📍 DEBUG 3: Sucesso! Entrou no frame superior.
📍 DEBUG 4: Focando no dropdown com Selenium e navegando com PyAutoGUI...
⬇️ Descendo 3 posições via teclado...
⏳ Vigiando ativamente a tela aguardando os pop-ups da troca...
🚨 Primeiro alerta detectado pelo Guarda-Costas! Iniciando limpeza...
Alerta 1 encontrado: 'Fechamento Financeiro não realizado há  13 dias'

Alerta 1 fechado com sucesso!

Alerta 2 encontrado: 'Fechamento do Estoque não realizado há  13 dias'

Alerta 2 fechado com sucesso!

Alerta 3 encontrado: 'Existem NFs a partir do dia 13/07/2026 com divergências.

Verificar no módulo 07.22.23-Rel. de Diverg. Promax x SEFAZ, proceder
a correção e executar a rotina 07.22.22-Verificação de Divergências.'

Alerta 3 fechado com sucesso!

Não há mais pop-ups ou tempo limite para o alerta 4 atingido.

✅ Total de 3 pop-ups fechados.

⏳ Verificando se o Promax gerou o relatório automaticamente ou se o form apareceu...
🎯 Selecionando 'Mapa' no dropdown...
🎯 Selecionando 'Mapa' via teclado (posição 1)...
⬇️ Descendo 1 posições via teclado...
📅 Preenchendo datas: 01/07/2026 até 13/07/2026
🖱️ Clicando em Visualizar...
🚀 Relatório solicitado! Aguardando processamento e botão CSV...
⏳ Aguardando até 300s pelo elemento GerExecl...
✅ Elemento GerExecl carregado! (Tempo de processamento: 1.05s)
Erro ao interagir com a barra de download: There are 2 elements that match the criteria {'title_re': '.*Planilha\\ de\\ Acompanhamento\\ \\[pizolitto\\ \\-\\ pizolitt\\].*', 'top_level_only': True, 'backend': 'uia'}
🏷️ Nome dinâmico gerado: Revalle Bonfim.07.2026.csv
📁 Movendo para a pasta: T:\ATENDIMENTO\BEES DELIVERY\03.11.20\Bonfim\2026
📂 Processando arquivo da rotina 03.11.20...
⚠️ Nenhum arquivo encontrado com o padrão: 03.11.20
🔍 Procurou na pasta: c:\Users\usuario\Desktop\Promax\promax - v2\downloads

========================================
🔄 PROCESSANDO FILIAL [5/7]: Revalle P Afonso
========================================
🧹 Limpando alertas iniciais antes de interagir com a tela...
Não há mais pop-ups ou tempo limite para o alerta 1 atingido.

✅ Total de 0 pop-ups fechados.

📍 DEBUG 1: Resetando para a raiz da página (default_content)...
📍 DEBUG 2: Tentando entrar no frame superior...
📍 DEBUG 3: Sucesso! Entrou no frame superior.
📍 DEBUG 4: Focando no dropdown com Selenium e navegando com PyAutoGUI...
⬇️ Descendo 4 posições via teclado...
⏳ Vigiando ativamente a tela aguardando os pop-ups da troca...
🚨 Primeiro alerta detectado pelo Guarda-Costas! Iniciando limpeza...
Alerta 1 encontrado: 'O dia 15 de cada mes é o prazo LIMITE para a REORGANIZAÇÃO, após esse prazo o sistema ficara INOPERANTE, portanto, sabendo como proceder execute-a, e em caso de dúvida contate o suporte.'

Alerta 1 fechado com sucesso!

Alerta 2 encontrado: 'Fechamento Financeiro não realizado há  13 dias'

Alerta 2 fechado com sucesso!

Alerta 3 encontrado: 'Fechamento do Estoque não realizado há  43 dias'

Alerta 3 fechado com sucesso!

Não há mais pop-ups ou tempo limite para o alerta 4 atingido.

✅ Total de 3 pop-ups fechados.

⏳ Verificando se o Promax gerou o relatório automaticamente ou se o form apareceu...
🎯 Selecionando 'Mapa' no dropdown...
🎯 Selecionando 'Mapa' via teclado (posição 1)...
⬇️ Descendo 1 posições via teclado...
📅 Preenchendo datas: 01/07/2026 até 13/07/2026
🖱️ Clicando em Visualizar...
🚀 Relatório solicitado! Aguardando processamento e botão CSV...
⏳ Aguardando até 300s pelo elemento GerExecl...
✅ Elemento GerExecl carregado! (Tempo de processamento: 1.04s)
Erro ao interagir com a barra de download: There are 2 elements that match the criteria {'title_re': '.*Planilha\\ de\\ Acompanhamento\\ \\[pizolitto\\ \\-\\ pizolitt\\].*', 'top_level_only': True, 'backend': 'uia'}
🏷️ Nome dinâmico gerado: Revalle P Afonso.07.2026.csv
📁 Movendo para a pasta: T:\ATENDIMENTO\BEES DELIVERY\03.11.20\Paulo Afonso\2026
📂 Processando arquivo da rotina 03.11.20...
⚠️ Nenhum arquivo encontrado com o padrão: 03.11.20
🔍 Procurou na pasta: c:\Users\usuario\Desktop\Promax\promax - v2\downloads

========================================
🔄 PROCESSANDO FILIAL [6/7]: Revalle Alagoinhas
========================================
🧹 Limpando alertas iniciais antes de interagir com a tela...
Não há mais pop-ups ou tempo limite para o alerta 1 atingido.

✅ Total de 0 pop-ups fechados.

📍 DEBUG 1: Resetando para a raiz da página (default_content)...
📍 DEBUG 2: Tentando entrar no frame superior...
📍 DEBUG 3: Sucesso! Entrou no frame superior.
📍 DEBUG 4: Focando no dropdown com Selenium e navegando com PyAutoGUI...
⬇️ Descendo 5 posições via teclado...
⏳ Vigiando ativamente a tela aguardando os pop-ups da troca...
🚨 Primeiro alerta detectado pelo Guarda-Costas! Iniciando limpeza...
Alerta 1 encontrado: 'O dia 15 de cada mes é o prazo LIMITE para a REORGANIZAÇÃO, após esse prazo o sistema ficara INOPERANTE, portanto, sabendo como proceder execute-a, e em caso de dúvida contate o suporte.'

Alerta 1 fechado com sucesso!

Alerta 2 encontrado: 'Fechamento Financeiro não realizado há  13 dias'

Alerta 2 fechado com sucesso!

Alerta 3 encontrado: 'Fechamento do Estoque não realizado há  43 dias'

Alerta 3 fechado com sucesso!

Não há mais pop-ups ou tempo limite para o alerta 4 atingido.

✅ Total de 3 pop-ups fechados.

⏳ Verificando se o Promax gerou o relatório automaticamente ou se o form apareceu...
🎯 Selecionando 'Mapa' no dropdown...
🎯 Selecionando 'Mapa' via teclado (posição 1)...
⬇️ Descendo 1 posições via teclado...
📅 Preenchendo datas: 01/07/2026 até 13/07/2026
🖱️ Clicando em Visualizar...
🚀 Relatório solicitado! Aguardando processamento e botão CSV...
⏳ Aguardando até 300s pelo elemento GerExecl...
✅ Elemento GerExecl carregado! (Tempo de processamento: 1.03s)
Erro ao interagir com a barra de download: There are 2 elements that match the criteria {'title_re': '.*Planilha\\ de\\ Acompanhamento\\ \\[pizolitto\\ \\-\\ pizolitt\\].*', 'top_level_only': True, 'backend': 'uia'}
🏷️ Nome dinâmico gerado: Revalle Alagoinhas.07.2026.csv
📁 Movendo para a pasta: T:\ATENDIMENTO\BEES DELIVERY\03.11.20\Alagoinhas\2026
📂 Processando arquivo da rotina 03.11.20...
⚠️ Nenhum arquivo encontrado com o padrão: 03.11.20
🔍 Procurou na pasta: c:\Users\usuario\Desktop\Promax\promax - v2\downloads

========================================
🔄 PROCESSANDO FILIAL [7/7]: Revalle Serrinha
========================================
🧹 Limpando alertas iniciais antes de interagir com a tela...
Não há mais pop-ups ou tempo limite para o alerta 1 atingido.

✅ Total de 0 pop-ups fechados.

📍 DEBUG 1: Resetando para a raiz da página (default_content)...
📍 DEBUG 2: Tentando entrar no frame superior...
📍 DEBUG 3: Sucesso! Entrou no frame superior.
📍 DEBUG 4: Focando no dropdown com Selenium e navegando com PyAutoGUI...
⬇️ Descendo 6 posições via teclado...
⏳ Vigiando ativamente a tela aguardando os pop-ups da troca...
🚨 Primeiro alerta detectado pelo Guarda-Costas! Iniciando limpeza...
Alerta 1 encontrado: 'O dia 15 de cada mes é o prazo LIMITE para a REORGANIZAÇÃO, após esse prazo o sistema ficara INOPERANTE, portanto, sabendo como proceder execute-a, e em caso de dúvida contate o suporte.'

Alerta 1 fechado com sucesso!

Alerta 2 encontrado: 'Fechamento Financeiro não realizado há  13 dias'

Alerta 2 fechado com sucesso!

Alerta 3 encontrado: 'Fechamento do Estoque não realizado há  13 dias'

Alerta 3 fechado com sucesso!

Alerta 4 encontrado: 'Existem NFs a partir do dia 07/07/2026 com divergências.

Verificar no módulo 07.22.23-Rel. de Diverg. Promax x SEFAZ, proceder
a correção e executar a rotina 07.22.22-Verificação de Divergências.'

Alerta 4 fechado com sucesso!

✅ Total de 4 pop-ups fechados.

⏳ Verificando se o Promax gerou o relatório automaticamente ou se o form apareceu...
🎯 Selecionando 'Mapa' no dropdown...
🎯 Selecionando 'Mapa' via teclado (posição 1)...
⬇️ Descendo 1 posições via teclado...
📅 Preenchendo datas: 01/07/2026 até 13/07/2026
🖱️ Clicando em Visualizar...
🚀 Relatório solicitado! Aguardando processamento e botão CSV...
⏳ Aguardando até 300s pelo elemento GerExecl...
✅ Elemento GerExecl carregado! (Tempo de processamento: 1.04s)
Erro ao interagir com a barra de download: There are 2 elements that match the criteria {'title_re': '.*Planilha\\ de\\ Acompanhamento\\ \\[pizolitto\\ \\-\\ pizolitt\\].*', 'top_level_only': True, 'backend': 'uia'}
🏷️ Nome dinâmico gerado: Revalle Serrinha.07.2026.csv
📁 Movendo para a pasta: T:\ATENDIMENTO\BEES DELIVERY\03.11.20\Serrinha\2026
📂 Processando arquivo da rotina 03.11.20...
⚠️ Nenhum arquivo encontrado com o padrão: 03.11.20
🔍 Procurou na pasta: c:\Users\usuario\Desktop\Promax\promax - v2\downloads

🏁 Todas as revendas da rotina 031120 foram processadas com sucesso!

🧹 Iniciando faxina de janelas secundárias...
❌ Fechando janela: Planilha de Acompanhamento [pizolitto - pizolitt]
✨ Ambiente limpo e pronto para a próxima!
✅ Rotina {'031120': <function executar at 0x00000215C6B7EE80>, '030224': <function executar at 0x00000215C7800C20>, '01200147': <function executar at 0x00000215C6B7EB60>, '03014701': <function executar at 0x00000215C9180D60>, '030237': <function executar at 0x00000215C9180E00>, '0105070402': <function executar at 0x00000215C9181580>} finalizada!
------------------------------


🔍------------------------------
Buscando lógica para: 030224
🎯 Rotina 030224 localizada! Iniciando processamento em lote...
Retornando ao frame de comandos...
📂 Entrando no IframeMenu...
⌨️ Inserindo a rotina: 030224
Procurando campo atalho...
⏳ Aguardando carregamento da rotina...
🔀 Mudamos para a nova janela: Rel. de Notas Devolvidas [pizolitto - pizolitt]

========================================
🔄 PROCESSANDO FILIAL [1/7]: Beira Rio
========================================
🧹 Limpando alertas iniciais antes de interagir com a tela...
Não há mais pop-ups ou tempo limite para o alerta 1 atingido.

✅ Total de 0 pop-ups fechados.

📍 DEBUG 1: Resetando para a raiz da página (default_content)...
📍 DEBUG 2: Tentando entrar no frame superior...
📍 DEBUG 3: Sucesso! Entrou no frame superior.
📍 DEBUG 4: Focando no dropdown com Selenium e navegando com PyAutoGUI...
⏳ Aguardando e fechando pop-ups de carregamento da troca...
🚨 Primeiro alerta detectado pelo Guarda-Costas! Iniciando limpeza...
Alerta 1 encontrado: 'Fechamento Financeiro não realizado há  13 dias'

Alerta 1 fechado com sucesso!

Alerta 2 encontrado: 'Fechamento do Estoque não realizado há  13 dias'

Alerta 2 fechado com sucesso!

Não há mais pop-ups ou tempo limite para o alerta 3 atingido.

✅ Total de 2 pop-ups fechados.

⏳ Verificando se o Promax gerou o relatório automaticamente ou se o form apareceu...
🎯 Selecionando 'Mapa' no dropdown...
🎯 Selecionando 'Mapa' via teclado (posição 3)...
⬇️ Descendo 3 posições via teclado...
📅 Preenchendo datas...
🖱️ Clicando em Visualizar...
🚀 Relatório solicitado! Aguardando processamento e botão CSV...
⏳ Aguardando até 300s pelo elemento GerExecl...
✅ Elemento GerExecl carregado! (Tempo de processamento: 1.04s)
Download confirmado com sucesso no SplitButton!
🏷️ Nome dinâmico gerado: Beira Rio.07.2026.csv
📂 Processando arquivo da rotina 03.02.24...
✅ Arquivo renomeado para: Beira Rio.07.2026.csv
📁 Salvo em: c:\Users\usuario\Desktop\Promax\promax - v2\downloads

========================================
🔄 PROCESSANDO FILIAL [2/7]: Revalle Juazeiro
========================================
🧹 Limpando alertas iniciais antes de interagir com a tela...
Não há mais pop-ups ou tempo limite para o alerta 1 atingido.

✅ Total de 0 pop-ups fechados.

📍 DEBUG 1: Resetando para a raiz da página (default_content)...
📍 DEBUG 2: Tentando entrar no frame superior...
📍 DEBUG 3: Sucesso! Entrou no frame superior.
📍 DEBUG 4: Focando no dropdown com Selenium e navegando com PyAutoGUI...
⬇️ Descendo 1 posições via teclado...
⏳ Aguardando e fechando pop-ups de carregamento da troca...
🚨 Primeiro alerta detectado pelo Guarda-Costas! Iniciando limpeza...
Alerta 1 encontrado: 'O dia 15 de cada mes é o prazo LIMITE para a REORGANIZAÇÃO, após esse prazo o sistema ficara INOPERANTE, portanto, sabendo como proceder execute-a, e em caso de dúvida contate o suporte.'

Alerta 1 fechado com sucesso!

Alerta 2 encontrado: 'Fechamento Financeiro não realizado há  13 dias'

Alerta 2 fechado com sucesso!

Alerta 3 encontrado: 'Fechamento do Estoque não realizado há  13 dias'

Alerta 3 fechado com sucesso!

Não há mais pop-ups ou tempo limite para o alerta 4 atingido.

✅ Total de 3 pop-ups fechados.

⏳ Verificando se o Promax gerou o relatório automaticamente ou se o form apareceu...
🎯 Selecionando 'Mapa' no dropdown...
🎯 Selecionando 'Mapa' via teclado (posição 3)...
⬇️ Descendo 3 posições via teclado...
📅 Preenchendo datas...
🖱️ Clicando em Visualizar...
🚀 Relatório solicitado! Aguardando processamento e botão CSV...
⏳ Aguardando até 300s pelo elemento GerExecl...
✅ Elemento GerExecl carregado! (Tempo de processamento: 1.06s)
Download confirmado com sucesso no SplitButton!
🏷️ Nome dinâmico gerado: Revalle Juazeiro.07.2026.csv
📂 Processando arquivo da rotina 03.02.24...
✅ Arquivo renomeado para: Revalle Juazeiro.07.2026.csv
📁 Salvo em: c:\Users\usuario\Desktop\Promax\promax - v2\downloads

========================================
🔄 PROCESSANDO FILIAL [3/7]: Revalle Nordeste
========================================
🧹 Limpando alertas iniciais antes de interagir com a tela...
Não há mais pop-ups ou tempo limite para o alerta 1 atingido.

✅ Total de 0 pop-ups fechados.

📍 DEBUG 1: Resetando para a raiz da página (default_content)...
📍 DEBUG 2: Tentando entrar no frame superior...
📍 DEBUG 3: Sucesso! Entrou no frame superior.
📍 DEBUG 4: Focando no dropdown com Selenium e navegando com PyAutoGUI...
⬇️ Descendo 2 posições via teclado...
⏳ Aguardando e fechando pop-ups de carregamento da troca...
🚨 Primeiro alerta detectado pelo Guarda-Costas! Iniciando limpeza...
Alerta 1 encontrado: 'O dia 15 de cada mes é o prazo LIMITE para a REORGANIZAÇÃO, após esse prazo o sistema ficara INOPERANTE, portanto, sabendo como proceder execute-a, e em caso de dúvida contate o suporte.'

Alerta 1 fechado com sucesso!

Alerta 2 encontrado: 'Fechamento Financeiro não realizado há  13 dias'

Alerta 2 fechado com sucesso!

Alerta 3 encontrado: 'Fechamento do Estoque não realizado há  13 dias'

Alerta 3 fechado com sucesso!

Não há mais pop-ups ou tempo limite para o alerta 4 atingido.

✅ Total de 3 pop-ups fechados.

⏳ Verificando se o Promax gerou o relatório automaticamente ou se o form apareceu...
🎯 Selecionando 'Mapa' no dropdown...
🎯 Selecionando 'Mapa' via teclado (posição 3)...
⬇️ Descendo 3 posições via teclado...
📅 Preenchendo datas...
🖱️ Clicando em Visualizar...
🚀 Relatório solicitado! Aguardando processamento e botão CSV...
⏳ Aguardando até 300s pelo elemento GerExecl...
✅ Elemento GerExecl carregado! (Tempo de processamento: 1.04s)
Download confirmado com sucesso no SplitButton!
🏷️ Nome dinâmico gerado: Revalle Nordeste.07.2026.csv
📂 Processando arquivo da rotina 03.02.24...
✅ Arquivo renomeado para: Revalle Nordeste.07.2026.csv
📁 Salvo em: c:\Users\usuario\Desktop\Promax\promax - v2\downloads

========================================
🔄 PROCESSANDO FILIAL [4/7]: Revalle Bonfim
========================================
🧹 Limpando alertas iniciais antes de interagir com a tela...
Não há mais pop-ups ou tempo limite para o alerta 1 atingido.

✅ Total de 0 pop-ups fechados.

📍 DEBUG 1: Resetando para a raiz da página (default_content)...
📍 DEBUG 2: Tentando entrar no frame superior...
📍 DEBUG 3: Sucesso! Entrou no frame superior.
📍 DEBUG 4: Focando no dropdown com Selenium e navegando com PyAutoGUI...
⬇️ Descendo 3 posições via teclado...
⏳ Aguardando e fechando pop-ups de carregamento da troca...
🚨 Primeiro alerta detectado pelo Guarda-Costas! Iniciando limpeza...
Alerta 1 encontrado: 'O dia 15 de cada mes é o prazo LIMITE para a REORGANIZAÇÃO, após esse prazo o sistema ficara INOPERANTE, portanto, sabendo como proceder execute-a, e em caso de dúvida contate o suporte.'

Alerta 1 fechado com sucesso!

Alerta 2 encontrado: 'Fechamento Financeiro não realizado há  13 dias'

Alerta 2 fechado com sucesso!

Alerta 3 encontrado: 'Fechamento do Estoque não realizado há  13 dias'

Alerta 3 fechado com sucesso!

Alerta 4 encontrado: 'Existem NFs a partir do dia 13/07/2026 com divergências.

Verificar no módulo 07.22.23-Rel. de Diverg. Promax x SEFAZ, proceder
a correção e executar a rotina 07.22.22-Verificação de Divergências.'

Alerta 4 fechado com sucesso!

Não há mais pop-ups ou tempo limite para o alerta 5 atingido.

✅ Total de 4 pop-ups fechados.

⏳ Verificando se o Promax gerou o relatório automaticamente ou se o form apareceu...
🎯 Selecionando 'Mapa' no dropdown...
🎯 Selecionando 'Mapa' via teclado (posição 3)...
⬇️ Descendo 3 posições via teclado...
📅 Preenchendo datas...
🖱️ Clicando em Visualizar...
🚀 Relatório solicitado! Aguardando processamento e botão CSV...
⏳ Aguardando até 300s pelo elemento GerExecl...
✅ Elemento GerExecl carregado! (Tempo de processamento: 1.03s)
Download confirmado com sucesso no SplitButton!
🏷️ Nome dinâmico gerado: Revalle Bonfim.07.2026.csv
📂 Processando arquivo da rotina 03.02.24...
✅ Arquivo renomeado para: Revalle Bonfim.07.2026.csv
📁 Salvo em: c:\Users\usuario\Desktop\Promax\promax - v2\downloads

========================================
🔄 PROCESSANDO FILIAL [5/7]: Revalle P Afonso
========================================
🧹 Limpando alertas iniciais antes de interagir com a tela...
Não há mais pop-ups ou tempo limite para o alerta 1 atingido.

✅ Total de 0 pop-ups fechados.

📍 DEBUG 1: Resetando para a raiz da página (default_content)...
📍 DEBUG 2: Tentando entrar no frame superior...
📍 DEBUG 3: Sucesso! Entrou no frame superior.
📍 DEBUG 4: Focando no dropdown com Selenium e navegando com PyAutoGUI...
⬇️ Descendo 4 posições via teclado...
⏳ Aguardando e fechando pop-ups de carregamento da troca...
🚨 Primeiro alerta detectado pelo Guarda-Costas! Iniciando limpeza...
Alerta 1 encontrado: 'O dia 15 de cada mes é o prazo LIMITE para a REORGANIZAÇÃO, após esse prazo o sistema ficara INOPERANTE, portanto, sabendo como proceder execute-a, e em caso de dúvida contate o suporte.'

Alerta 1 fechado com sucesso!

Alerta 2 encontrado: 'Fechamento Financeiro não realizado há  13 dias'

Alerta 2 fechado com sucesso!

Alerta 3 encontrado: 'Fechamento do Estoque não realizado há  43 dias'

Alerta 3 fechado com sucesso!

Não há mais pop-ups ou tempo limite para o alerta 4 atingido.

✅ Total de 3 pop-ups fechados.

⏳ Verificando se o Promax gerou o relatório automaticamente ou se o form apareceu...
🎯 Selecionando 'Mapa' no dropdown...
🎯 Selecionando 'Mapa' via teclado (posição 3)...
⬇️ Descendo 3 posições via teclado...
📅 Preenchendo datas...
🖱️ Clicando em Visualizar...
🚀 Relatório solicitado! Aguardando processamento e botão CSV...
⏳ Aguardando até 300s pelo elemento GerExecl...
✅ Elemento GerExecl carregado! (Tempo de processamento: 1.04s)
Download confirmado com sucesso no SplitButton!
🏷️ Nome dinâmico gerado: Revalle P Afonso.07.2026.csv
📂 Processando arquivo da rotina 03.02.24...
✅ Arquivo renomeado para: Revalle P Afonso.07.2026.csv
📁 Salvo em: c:\Users\usuario\Desktop\Promax\promax - v2\downloads

========================================
🔄 PROCESSANDO FILIAL [6/7]: Revalle Alagoinhas
========================================
🧹 Limpando alertas iniciais antes de interagir com a tela...
Não há mais pop-ups ou tempo limite para o alerta 1 atingido.

✅ Total de 0 pop-ups fechados.

📍 DEBUG 1: Resetando para a raiz da página (default_content)...
📍 DEBUG 2: Tentando entrar no frame superior...
📍 DEBUG 3: Sucesso! Entrou no frame superior.
📍 DEBUG 4: Focando no dropdown com Selenium e navegando com PyAutoGUI...
⬇️ Descendo 5 posições via teclado...
⏳ Aguardando e fechando pop-ups de carregamento da troca...
🚨 Primeiro alerta detectado pelo Guarda-Costas! Iniciando limpeza...
Alerta 1 encontrado: 'O dia 15 de cada mes é o prazo LIMITE para a REORGANIZAÇÃO, após esse prazo o sistema ficara INOPERANTE, portanto, sabendo como proceder execute-a, e em caso de dúvida contate o suporte.'

Alerta 1 fechado com sucesso!

Alerta 2 encontrado: 'Fechamento Financeiro não realizado há  13 dias'

Alerta 2 fechado com sucesso!

Alerta 3 encontrado: 'Fechamento do Estoque não realizado há  43 dias'

Alerta 3 fechado com sucesso!

Não há mais pop-ups ou tempo limite para o alerta 4 atingido.

✅ Total de 3 pop-ups fechados.

⏳ Verificando se o Promax gerou o relatório automaticamente ou se o form apareceu...
🎯 Selecionando 'Mapa' no dropdown...
🎯 Selecionando 'Mapa' via teclado (posição 3)...
⬇️ Descendo 3 posições via teclado...
📅 Preenchendo datas...
🖱️ Clicando em Visualizar...
🚀 Relatório solicitado! Aguardando processamento e botão CSV...
⏳ Aguardando até 300s pelo elemento GerExecl...
✅ Elemento GerExecl carregado! (Tempo de processamento: 1.05s)
Download confirmado com sucesso no SplitButton!
🏷️ Nome dinâmico gerado: Revalle Alagoinhas.07.2026.csv
📂 Processando arquivo da rotina 03.02.24...
✅ Arquivo renomeado para: Revalle Alagoinhas.07.2026.csv
📁 Salvo em: c:\Users\usuario\Desktop\Promax\promax - v2\downloads

========================================
🔄 PROCESSANDO FILIAL [7/7]: Revalle Serrinha
========================================
🧹 Limpando alertas iniciais antes de interagir com a tela...
Não há mais pop-ups ou tempo limite para o alerta 1 atingido.

✅ Total de 0 pop-ups fechados.

📍 DEBUG 1: Resetando para a raiz da página (default_content)...
📍 DEBUG 2: Tentando entrar no frame superior...
📍 DEBUG 3: Sucesso! Entrou no frame superior.
📍 DEBUG 4: Focando no dropdown com Selenium e navegando com PyAutoGUI...
⬇️ Descendo 6 posições via teclado...
⏳ Aguardando e fechando pop-ups de carregamento da troca...
🚨 Primeiro alerta detectado pelo Guarda-Costas! Iniciando limpeza...
Alerta 1 encontrado: 'O dia 15 de cada mes é o prazo LIMITE para a REORGANIZAÇÃO, após esse prazo o sistema ficara INOPERANTE, portanto, sabendo como proceder execute-a, e em caso de dúvida contate o suporte.'

Alerta 1 fechado com sucesso!

Alerta 2 encontrado: 'Fechamento Financeiro não realizado há  13 dias'

Alerta 2 fechado com sucesso!

Alerta 3 encontrado: 'Fechamento do Estoque não realizado há  13 dias'

Alerta 3 fechado com sucesso!

Alerta 4 encontrado: 'Existem NFs a partir do dia 07/07/2026 com divergências.

Verificar no módulo 07.22.23-Rel. de Diverg. Promax x SEFAZ, proceder
a correção e executar a rotina 07.22.22-Verificação de Divergências.'

Alerta 4 fechado com sucesso!

Não há mais pop-ups ou tempo limite para o alerta 5 atingido.

✅ Total de 4 pop-ups fechados.

⏳ Verificando se o Promax gerou o relatório automaticamente ou se o form apareceu...
🎯 Selecionando 'Mapa' no dropdown...
🎯 Selecionando 'Mapa' via teclado (posição 3)...
⬇️ Descendo 3 posições via teclado...
📅 Preenchendo datas...
🖱️ Clicando em Visualizar...
🚀 Relatório solicitado! Aguardando processamento e botão CSV...
⏳ Aguardando até 300s pelo elemento GerExecl...
✅ Elemento GerExecl carregado! (Tempo de processamento: 1.03s)
Download confirmado com sucesso no SplitButton!
🏷️ Nome dinâmico gerado: Revalle Serrinha.07.2026.csv
📂 Processando arquivo da rotina 03.02.24...
✅ Arquivo renomeado para: Revalle Serrinha.07.2026.csv
📁 Salvo em: c:\Users\usuario\Desktop\Promax\promax - v2\downloads

🏁 Todas as revendas da rotina 030224 foram processadas com sucesso!

🧹 Iniciando faxina de janelas secundárias...
❌ Fechando janela: Rel. de Notas Devolvidas [pizolitto - pizolitt]
✨ Ambiente limpo e pronto para a próxima!
✅ Rotina {'031120': <function executar at 0x00000215C6B7EE80>, '030224': <function executar at 0x00000215C7800C20>, '01200147': <function executar at 0x00000215C6B7EB60>, '03014701': <function executar at 0x00000215C9180D60>, '030237': <function executar at 0x00000215C9180E00>, '0105070402': <function executar at 0x00000215C9181580>} finalizada!
------------------------------


🔍------------------------------
Buscando lógica para: 01200147
🎯 Rotina 01200147 localizada! Iniciando processamento em lote...

🚀 Iniciando execução da Rotina 01200147...
Retornando ao frame de comandos...
📂 Entrando no IframeMenu...
⌨️ Inserindo a rotina: 01200147
Procurando campo atalho...
⏳ Aguardando carregamento da rotina...
🔀 Mudamos para a nova janela: Motoristas [pizolitto - pizolitt]

========================================
🔄 PROCESSANDO FILIAL [1/7]: Beira Rio
========================================
🧹 Limpando alertas iniciais antes de interagir com a tela...
Não há mais pop-ups ou tempo limite para o alerta 1 atingido.

✅ Total de 0 pop-ups fechados.

📍 DEBUG 1: Resetando para a raiz da página (default_content)...
📍 DEBUG 2: Tentando entrar no frame superior...
📍 DEBUG 3: Sucesso! Entrou no frame superior.
📍 DEBUG 4: Focando no dropdown com Selenium e navegando com PyAutoGUI...
📍 Forçando o 'blur' (perda de foco) via JavaScript...
⏳ Vigiando ativamente a tela aguardando os pop-ups da troca...
✅ Nenhum alerta detectado nos últimos 10 segundos. Seguindo o fluxo...
⏳ Verificando se o Promax gerou o relatório automaticamente ou se o form apareceu...
🎯 Selecionando 'Numerica' no dropdown...
🎯 Selecionando 'Numerica' via teclado (posição 2)...
⬇️ Descendo 2 posições via teclado...
🖱️ Clicando em Visualizar...
🚀 Relatório solicitado! Aguardando processamento e botão CSV...
⏳ Aguardando até 300s pelo elemento GerExecl...
✅ Elemento GerExecl carregado! (Tempo de processamento: 1.06s)
Download confirmado com sucesso no SplitButton!
🏷️ Nome dinâmico gerado: Beira Rio.csv
📂 Processando arquivo da rotina 01.20.01.47...
✅ Arquivo renomeado para: Beira Rio.csv
📁 Salvo em: c:\Users\usuario\Desktop\Promax\promax - v2\downloads

========================================
🔄 PROCESSANDO FILIAL [2/7]: Revalle Juazeiro
========================================
🧹 Limpando alertas iniciais antes de interagir com a tela...
Não há mais pop-ups ou tempo limite para o alerta 1 atingido.

✅ Total de 0 pop-ups fechados.

📍 DEBUG 1: Resetando para a raiz da página (default_content)...
📍 DEBUG 2: Tentando entrar no frame superior...
📍 DEBUG 3: Sucesso! Entrou no frame superior.
📍 DEBUG 4: Focando no dropdown com Selenium e navegando com PyAutoGUI...
⬇️ Descendo 1 posições via teclado...
📍 Forçando o 'blur' (perda de foco) via JavaScript...
⏳ Vigiando ativamente a tela aguardando os pop-ups da troca...
✅ Nenhum alerta detectado nos últimos 10 segundos. Seguindo o fluxo...
⏳ Verificando se o Promax gerou o relatório automaticamente ou se o form apareceu...
🚀 O relatório para essa filial foi gerado automaticamente! Pulando o form...
🚀 Relatório solicitado! Aguardando processamento e botão CSV...
⏳ Aguardando até 300s pelo elemento GerExecl...
✅ Elemento GerExecl carregado! (Tempo de processamento: 1.04s)
Download confirmado com sucesso no SplitButton!
🏷️ Nome dinâmico gerado: Revalle Juazeiro.csv
📂 Processando arquivo da rotina 01.20.01.47...
✅ Arquivo renomeado para: Revalle Juazeiro.csv
📁 Salvo em: c:\Users\usuario\Desktop\Promax\promax - v2\downloads

========================================
🔄 PROCESSANDO FILIAL [3/7]: Revalle Nordeste
========================================
🧹 Limpando alertas iniciais antes de interagir com a tela...
Não há mais pop-ups ou tempo limite para o alerta 1 atingido.

✅ Total de 0 pop-ups fechados.

📍 DEBUG 1: Resetando para a raiz da página (default_content)...
📍 DEBUG 2: Tentando entrar no frame superior...
📍 DEBUG 3: Sucesso! Entrou no frame superior.
📍 DEBUG 4: Focando no dropdown com Selenium e navegando com PyAutoGUI...
⬇️ Descendo 2 posições via teclado...
📍 Forçando o 'blur' (perda de foco) via JavaScript...
⏳ Vigiando ativamente a tela aguardando os pop-ups da troca...
✅ Nenhum alerta detectado nos últimos 10 segundos. Seguindo o fluxo...
⏳ Verificando se o Promax gerou o relatório automaticamente ou se o form apareceu...
🚀 O relatório para essa filial foi gerado automaticamente! Pulando o form...
🚀 Relatório solicitado! Aguardando processamento e botão CSV...
⏳ Aguardando até 300s pelo elemento GerExecl...
✅ Elemento GerExecl carregado! (Tempo de processamento: 1.03s)
Download confirmado com sucesso no SplitButton!
🏷️ Nome dinâmico gerado: Revalle Nordeste.csv
📂 Processando arquivo da rotina 01.20.01.47...
✅ Arquivo renomeado para: Revalle Nordeste.csv
📁 Salvo em: c:\Users\usuario\Desktop\Promax\promax - v2\downloads

========================================
🔄 PROCESSANDO FILIAL [4/7]: Revalle Bonfim
========================================
🧹 Limpando alertas iniciais antes de interagir com a tela...
Não há mais pop-ups ou tempo limite para o alerta 1 atingido.

✅ Total de 0 pop-ups fechados.

📍 DEBUG 1: Resetando para a raiz da página (default_content)...
📍 DEBUG 2: Tentando entrar no frame superior...
📍 DEBUG 3: Sucesso! Entrou no frame superior.
📍 DEBUG 4: Focando no dropdown com Selenium e navegando com PyAutoGUI...
⬇️ Descendo 3 posições via teclado...
📍 Forçando o 'blur' (perda de foco) via JavaScript...
⏳ Vigiando ativamente a tela aguardando os pop-ups da troca...
✅ Nenhum alerta detectado nos últimos 10 segundos. Seguindo o fluxo...
⏳ Verificando se o Promax gerou o relatório automaticamente ou se o form apareceu...
🚀 O relatório para essa filial foi gerado automaticamente! Pulando o form...
🚀 Relatório solicitado! Aguardando processamento e botão CSV...
⏳ Aguardando até 300s pelo elemento GerExecl...
✅ Elemento GerExecl carregado! (Tempo de processamento: 1.04s)
Download confirmado com sucesso no SplitButton!
🏷️ Nome dinâmico gerado: Revalle Bonfim.csv
📂 Processando arquivo da rotina 01.20.01.47...
✅ Arquivo renomeado para: Revalle Bonfim.csv
📁 Salvo em: c:\Users\usuario\Desktop\Promax\promax - v2\downloads

========================================
🔄 PROCESSANDO FILIAL [5/7]: Revalle P Afonso
========================================
🧹 Limpando alertas iniciais antes de interagir com a tela...
Não há mais pop-ups ou tempo limite para o alerta 1 atingido.

✅ Total de 0 pop-ups fechados.

📍 DEBUG 1: Resetando para a raiz da página (default_content)...
📍 DEBUG 2: Tentando entrar no frame superior...
📍 DEBUG 3: Sucesso! Entrou no frame superior.
📍 DEBUG 4: Focando no dropdown com Selenium e navegando com PyAutoGUI...
⬇️ Descendo 4 posições via teclado...
📍 Forçando o 'blur' (perda de foco) via JavaScript...
⏳ Vigiando ativamente a tela aguardando os pop-ups da troca...
✅ Nenhum alerta detectado nos últimos 10 segundos. Seguindo o fluxo...
⏳ Verificando se o Promax gerou o relatório automaticamente ou se o form apareceu...
🚀 O relatório para essa filial foi gerado automaticamente! Pulando o form...
🚀 Relatório solicitado! Aguardando processamento e botão CSV...
⏳ Aguardando até 300s pelo elemento GerExecl...
✅ Elemento GerExecl carregado! (Tempo de processamento: 1.04s)
Download confirmado com sucesso no SplitButton!
🏷️ Nome dinâmico gerado: Revalle P Afonso.csv
📂 Processando arquivo da rotina 01.20.01.47...
✅ Arquivo renomeado para: Revalle P Afonso.csv
📁 Salvo em: c:\Users\usuario\Desktop\Promax\promax - v2\downloads

========================================
🔄 PROCESSANDO FILIAL [6/7]: Revalle Alagoinhas
========================================
🧹 Limpando alertas iniciais antes de interagir com a tela...
Não há mais pop-ups ou tempo limite para o alerta 1 atingido.

✅ Total de 0 pop-ups fechados.

📍 DEBUG 1: Resetando para a raiz da página (default_content)...
📍 DEBUG 2: Tentando entrar no frame superior...
📍 DEBUG 3: Sucesso! Entrou no frame superior.
📍 DEBUG 4: Focando no dropdown com Selenium e navegando com PyAutoGUI...
⬇️ Descendo 5 posições via teclado...
📍 Forçando o 'blur' (perda de foco) via JavaScript...
⏳ Vigiando ativamente a tela aguardando os pop-ups da troca...
✅ Nenhum alerta detectado nos últimos 10 segundos. Seguindo o fluxo...
⏳ Verificando se o Promax gerou o relatório automaticamente ou se o form apareceu...
🚀 O relatório para essa filial foi gerado automaticamente! Pulando o form...
🚀 Relatório solicitado! Aguardando processamento e botão CSV...
⏳ Aguardando até 300s pelo elemento GerExecl...
✅ Elemento GerExecl carregado! (Tempo de processamento: 1.03s)
Download confirmado com sucesso no SplitButton!
🏷️ Nome dinâmico gerado: Revalle Alagoinhas.csv
📂 Processando arquivo da rotina 01.20.01.47...
✅ Arquivo renomeado para: Revalle Alagoinhas.csv
📁 Salvo em: c:\Users\usuario\Desktop\Promax\promax - v2\downloads

========================================
🔄 PROCESSANDO FILIAL [7/7]: Revalle Serrinha
========================================
🧹 Limpando alertas iniciais antes de interagir com a tela...
Não há mais pop-ups ou tempo limite para o alerta 1 atingido.

✅ Total de 0 pop-ups fechados.

📍 DEBUG 1: Resetando para a raiz da página (default_content)...
📍 DEBUG 2: Tentando entrar no frame superior...
📍 DEBUG 3: Sucesso! Entrou no frame superior.
📍 DEBUG 4: Focando no dropdown com Selenium e navegando com PyAutoGUI...
⬇️ Descendo 6 posições via teclado...
📍 Forçando o 'blur' (perda de foco) via JavaScript...
⏳ Vigiando ativamente a tela aguardando os pop-ups da troca...
✅ Nenhum alerta detectado nos últimos 10 segundos. Seguindo o fluxo...
⏳ Verificando se o Promax gerou o relatório automaticamente ou se o form apareceu...
🚀 O relatório para essa filial foi gerado automaticamente! Pulando o form...
🚀 Relatório solicitado! Aguardando processamento e botão CSV...
⏳ Aguardando até 300s pelo elemento GerExecl...
✅ Elemento GerExecl carregado! (Tempo de processamento: 1.03s)
Download confirmado com sucesso no SplitButton!
🏷️ Nome dinâmico gerado: Revalle Serrinha.csv
📂 Processando arquivo da rotina 01.20.01.47...
✅ Arquivo renomeado para: Revalle Serrinha.csv
📁 Salvo em: c:\Users\usuario\Desktop\Promax\promax - v2\downloads

🏁 Todas as revendas da rotina 01200147 foram processadas com sucesso!

🧹 Iniciando faxina de janelas secundárias...
❌ Fechando janela: Motoristas [pizolitto - pizolitt]
✨ Ambiente limpo e pronto para a próxima!
✅ Rotina {'031120': <function executar at 0x00000215C6B7EE80>, '030224': <function executar at 0x00000215C7800C20>, '01200147': <function executar at 0x00000215C6B7EB60>, '03014701': <function executar at 0x00000215C9180D60>, '030237': <function executar at 0x00000215C9180E00>, '0105070402': <function executar at 0x00000215C9181580>} finalizada!
------------------------------


🔍------------------------------
Buscando lógica para: 0105070402
🎯 Rotina 0105070402 localizada! Iniciando processamento em lote...

🚀 Iniciando execução da Rotina 0105070402...
Retornando ao frame de comandos...
📂 Entrando no IframeMenu...
⌨️ Inserindo a rotina: 0105070402
⏳ Aguardando carregamento da rotina...
🔀 Mudamos para a nova janela: Relatório do Cliente +

========================================
🔄 PROCESSANDO FILIAL [1/7]: Beira Rio
========================================
📍 Abrindo painel modal de unidades via Chave Mestra (JS)...
⏳ Aguardando o modal renderizar...
📍 Buscando a filial 'BEIRA RIO' na lista...
✅ Filial BEIRA RIO selecionada no modal!
⏳ Aguardando a página recarregar a árvore de opções após a troca...
🎯 Buscando a caixa de seleção 'Todos' na árvore de Preferências...
✅ Opção 'Todos' selecionada com sucesso!
🖱️ Clicando em Gerar CSV...
⏳ Aguardando o servidor processar e gerar o CSV...
✅ Sucesso! Promax avisou: 'CSV gerado com Sucesso!'
📥 Acionando controle nativo do Windows via PyWinAuto...
✅ Download confirmado com sucesso no SplitButton via PyWinAuto!
🏷️ Nome dinâmico gerado: Beira Rio.csv
📂 Processando arquivo da rotina PY...
✅ Arquivo renomeado para: Beira Rio.csv
📁 Salvo em: c:\Users\usuario\Desktop\Promax\promax - v2\downloads

========================================
🔄 PROCESSANDO FILIAL [2/7]: Revalle Juazeiro
========================================
📍 Abrindo painel modal de unidades via Chave Mestra (JS)...
⏳ Aguardando o modal renderizar...
📍 Buscando a filial 'REVALLE - JUAZEIRO' na lista...
✅ Filial REVALLE - JUAZEIRO selecionada no modal!
⏳ Aguardando a página recarregar a árvore de opções após a troca...
🎯 Buscando a caixa de seleção 'Todos' na árvore de Preferências...
✅ Opção 'Todos' selecionada com sucesso!
🖱️ Clicando em Gerar CSV...
⏳ Aguardando o servidor processar e gerar o CSV...
✅ Sucesso! Promax avisou: 'CSV gerado com Sucesso!'
📥 Acionando controle nativo do Windows via PyWinAuto...
✅ Download confirmado com sucesso no SplitButton via PyWinAuto!
🏷️ Nome dinâmico gerado: Revalle Juazeiro.csv
📂 Processando arquivo da rotina PY...
❌ Erro crítico ao processar a filial Revalle Juazeiro: [WinError 32] O arquivo já está sendo usado por outro processo: 'c:\\Users\\usuario\\Desktop\\Promax\\promax - v2\\downloads\\PY050094_14072026_203649.csv.inf.c5uwd58.partial'
⏭️ Pulando para a próxima revenda da lista...

========================================
🔄 PROCESSANDO FILIAL [3/7]: Revalle Nordeste
========================================
📍 Abrindo painel modal de unidades via Chave Mestra (JS)...
⏳ Aguardando o modal renderizar...
📍 Buscando a filial 'REVALLE - NORDESTE' na lista...
✅ Filial REVALLE - NORDESTE selecionada no modal!
⏳ Aguardando a página recarregar a árvore de opções após a troca...
🎯 Buscando a caixa de seleção 'Todos' na árvore de Preferências...
✅ Opção 'Todos' selecionada com sucesso!
🖱️ Clicando em Gerar CSV...
⏳ Aguardando o servidor processar e gerar o CSV...
✅ Sucesso! Promax avisou: 'CSV gerado com Sucesso!'
📥 Acionando controle nativo do Windows via PyWinAuto...
✅ Download confirmado com sucesso no SplitButton via PyWinAuto!
🏷️ Nome dinâmico gerado: Revalle Nordeste.csv
📂 Processando arquivo da rotina PY...
✅ Arquivo renomeado para: Revalle Nordeste.csv
📁 Salvo em: c:\Users\usuario\Desktop\Promax\promax - v2\downloads

========================================
🔄 PROCESSANDO FILIAL [4/7]: Revalle Bonfim
========================================
📍 Abrindo painel modal de unidades via Chave Mestra (JS)...
⏳ Aguardando o modal renderizar...
📍 Buscando a filial 'REVALLE - BONFIM' na lista...

🧹 Iniciando faxina de janelas secundárias...

❌ OCORREU UM ERRO NO FLUXO DE ROTINAS: HTTPConnectionPool(host='localhost', port=49632): Max retries exceeded with url: /session/f7033d41-9495-4add-b2e3-c684e20b3682/window/handles (Caused by NewConnectionError("HTTPConnection(host='localhost', port=49632): Failed to establish a new connection: [WinError 10061] Nenhuma conexão pôde ser feita porque a máquina de destino as recusou ativamente"))

==================================================
👋 Fechando navegador e limpando sessão...

Deseja subir as execuções/relatórios para o GitHub? (s/n): 📦 Preparando arquivos para o commit...
🚀 Enviando para o GitHub (branch atual)...
✅ Atualização enviada com sucesso!
