
==================================================
🚀 INICIANDO PROCESSO DE LOGIN PROMAX
==================================================
⚙️ Configurando IE para baixar em: c:\Users\usuario\Desktop\Promax\promax - v2\downloads
✅ Registro atualizado com sucesso!
🌐 Abrindo navegador Internet Explorer...
📥 Acessando a URL do sistema...
🔑 Identificando frames e preenchendo credenciais...
✅ Login efetuado com sucesso!
✅ Nenhum aviso de senha. Seguindo para o sistema...
🏢 Selecionando unidade de revenda...
📍 Unidade confirmada!
🧹 Chamando assistente para fechar pop-ups...
Alerta 1 encontrado: 'O dia 15 de cada mes é o prazo LIMITE para a REORGANIZAÇÃO, após esse prazo o sistema ficara INOPERANTE, portanto, sabendo como proceder execute-a, e em caso de dúvida contate o suporte.'

Alerta 1 fechado com sucesso!

Alerta 2 encontrado: 'Fechamento Financeiro não realizado há  13 dias'

Alerta 2 fechado com sucesso!

Alerta 3 encontrado: 'Fechamento do Estoque não realizado há  13 dias'

Alerta 3 fechado com sucesso!

Não há mais pop-ups ou tempo limite para o alerta 4 atingido.

✅ Total de 3 pop-ups fechados.

✨ Varredura de alertas concluída.

--------------------------------------------------
🎯 INICIANDO EXECUÇÃO DAS ROTINAS
--------------------------------------------------

🔍------------------------------
Buscando lógica para: 031120
🎯 Rotina 031120 localizada! Iniciando processamento em lote...

🚀 Iniciando execução da Rotina 031120...
Retornando ao frame de comandos...
📂 Entrando no IframeMenu...
⌨️ Inserindo a rotina: 031120
Procurando campo atalho...
⏳ Aguardando carregamento da rotina...
🔀 Mudamos para a nova janela: Planilha de Acompanhamento [pizolitto - pizolitt]

========================================
🔄 PROCESSANDO FILIAL [1/7]: Beira Rio
========================================
🧹 Limpando alertas iniciais antes de interagir com a tela...
Não há mais pop-ups ou tempo limite para o alerta 1 atingido.

✅ Total de 0 pop-ups fechados.

📍 DEBUG 1: Resetando para a raiz da página (default_content)...
📍 DEBUG 2: Tentando entrar no frame superior...
📍 DEBUG 3: Sucesso! Entrou no frame superior.
📍 DEBUG 4: Focando no dropdown com Selenium e navegando com PyAutoGUI...
⏳ Vigiando ativamente a tela aguardando os pop-ups da troca...
🚨 Primeiro alerta detectado pelo Guarda-Costas! Iniciando limpeza...
Alerta 1 encontrado: 'Fechamento Financeiro não realizado há  13 dias'

Alerta 1 fechado com sucesso!

Alerta 2 encontrado: 'Fechamento do Estoque não realizado há  13 dias'

Alerta 2 fechado com sucesso!

Não há mais pop-ups ou tempo limite para o alerta 3 atingido.

✅ Total de 2 pop-ups fechados.

🎯 Selecionando 'Mapa' no dropdown...
🎯 Selecionando 'Mapa' via teclado (posição 1)...
⬇️ Descendo 1 posições via teclado...
📅 Preenchendo datas: 01/07/2026 até 13/07/2026
🖱️ Clicando em Visualizar...
🚀 Relatório solicitado! Aguardando processamento e botão CSV...
⏳ Aguardando até 300s pelo elemento GerExecl...
💥 Janela 'Processando' detectada. Fechando Processando [00:10] - Perfil 1 — Microsoft​ Edge...
❌ Erro crítico ao processar a filial Beira Rio: Timeout aguardando GerExecl apos 300 segundos.
⏭️ Pulando para a próxima revenda da lista...

========================================
🔄 PROCESSANDO FILIAL [2/7]: Revalle Juazeiro
========================================
🧹 Limpando alertas iniciais antes de interagir com a tela...
Não há mais pop-ups ou tempo limite para o alerta 1 atingido.

✅ Total de 0 pop-ups fechados.

📍 DEBUG 1: Resetando para a raiz da página (default_content)...
📍 DEBUG 2: Tentando entrar no frame superior...
📍 DEBUG 3: Sucesso! Entrou no frame superior.
📍 DEBUG 4: Focando no dropdown com Selenium e navegando com PyAutoGUI...
⬇️ Descendo 1 posições via teclado...
⏳ Vigiando ativamente a tela aguardando os pop-ups da troca...
🚨 Primeiro alerta detectado pelo Guarda-Costas! Iniciando limpeza...
Alerta 1 encontrado: 'Fechamento Financeiro não realizado há  13 dias'

Alerta 1 fechado com sucesso!

Alerta 2 encontrado: 'Fechamento do Estoque não realizado há  13 dias'

Alerta 2 fechado com sucesso!

Não há mais pop-ups ou tempo limite para o alerta 3 atingido.

✅ Total de 2 pop-ups fechados.

🎯 Selecionando 'Mapa' no dropdown...
🎯 Selecionando 'Mapa' via teclado (posição 1)...
⬇️ Descendo 1 posições via teclado...
📅 Preenchendo datas: 01/07/2026 até 13/07/2026
🖱️ Clicando em Visualizar...
🚀 Relatório solicitado! Aguardando processamento e botão CSV...
⏳ Aguardando até 300s pelo elemento GerExecl...
💥 Janela 'Processando' detectada. Fechando Processando [00:10] - Perfil 1 — Microsoft​ Edge...

🧹 Iniciando faxina de janelas secundárias...

❌ OCORREU UM ERRO NO FLUXO DE ROTINAS: HTTPConnectionPool(host='localhost', port=63029): Max retries exceeded with url: /session/bc2aba46-2b17-42b6-a424-55f81c5c2282/window/handles (Caused by NewConnectionError("HTTPConnection(host='localhost', port=63029): Failed to establish a new connection: [WinError 10061] Nenhuma conexão pôde ser feita porque a máquina de destino as recusou ativamente"))

==================================================
👋 Fechando navegador e limpando sessão...

Deseja subir as execuções/relatórios para o GitHub? (s/n): 👍 Operação ignorada. Nada foi enviado para o GitHub.
