
==================================================
🚀 INICIANDO PROCESSO DE LOGIN PROMAX
==================================================
🧹 Limpando processos antigos (IEDriverServer e Internet Explorer) do Windows...
⚙️ Configurando IE para baixar em: c:\Users\usuario\Desktop\Promax\promax - v2\downloads
✅ Registro atualizado com sucesso!
🌐 Abrindo navegador Internet Explorer...
📥 Acessando a URL do sistema...
🔑 Identificando frames e preenchendo credenciais...
✅ Login efetuado com sucesso!
✅ Nenhum aviso de senha. Seguindo para o sistema...
🏢 Selecionando unidade de revenda...
📍 Unidade confirmada!
🧹 Chamando assistente para fechar pop-ups...
Alerta 1 encontrado: 'O dia 15 de cada mes é o prazo LIMITE para a REORGANIZAÇÃO, após esse prazo o sistema ficara INOPERANTE, portanto, sabendo como proceder execute-a, e em caso de dúvida contate o suporte.'

Alerta 1 fechado com sucesso!

Alerta 2 encontrado: 'Fechamento Financeiro não realizado há  13 dias'

Alerta 2 fechado com sucesso!

Alerta 3 encontrado: 'Fechamento do Estoque não realizado há  13 dias'

Alerta 3 fechado com sucesso!

Não há mais pop-ups ou tempo limite para o alerta 4 atingido.

✅ Total de 3 pop-ups fechados.

✨ Varredura de alertas concluída.

--------------------------------------------------
🎯 INICIANDO EXECUÇÃO DAS ROTINAS
--------------------------------------------------

🔍------------------------------
Buscando lógica para: 031120
🎯 Rotina 031120 localizada! Iniciando processamento em lote...

🚀 Iniciando execução da Rotina 031120...
Retornando ao frame de comandos...
📂 Entrando no IframeMenu...
⌨️ Inserindo a rotina: 031120
Procurando campo atalho...
⏳ Aguardando carregamento da rotina...
🔀 Mudamos para a nova janela: Planilha de Acompanhamento [pizolitto - pizolitt]

========================================
🔄 PROCESSANDO FILIAL [1/7]: Beira Rio
========================================
🧹 Limpando alertas iniciais antes de interagir com a tela...
Não há mais pop-ups ou tempo limite para o alerta 1 atingido.

✅ Total de 0 pop-ups fechados.

📍 DEBUG 1: Resetando para a raiz da página (default_content)...
🎯 Foco da janela principal restaurado via PyWinAuto!
📍 DEBUG 2: Tentando entrar no frame superior...
📍 DEBUG 3: Sucesso! Entrou no frame superior.
📍 DEBUG 4: Focando no dropdown com Selenium e navegando com PyAutoGUI...
⏳ Vigiando ativamente a tela aguardando os pop-ups da troca...
🚨 Primeiro alerta detectado pelo Guarda-Costas! Iniciando limpeza...
Alerta 1 encontrado: 'Fechamento Financeiro não realizado há  13 dias'

Alerta 1 fechado com sucesso!

Alerta 2 encontrado: 'Fechamento do Estoque não realizado há  13 dias'

Alerta 2 fechado com sucesso!

Não há mais pop-ups ou tempo limite para o alerta 3 atingido.

✅ Total de 2 pop-ups fechados.

🎯 Selecionando 'Mapa' no dropdown...
🎯 Selecionando 'Mapa' via teclado (posição 1)...
⬇️ Descendo 1 posições via teclado...
📅 Preenchendo datas: 01/07/2026 até 13/07/2026
🖱️ Clicando em Visualizar...
🚀 Relatório solicitado! Aguardando processamento e botão CSV...
⏳ Aguardando até 300s pelo elemento GerExecl...
✅ Elemento GerExecl carregado! (Tempo de processamento: 1.05s)
Download confirmado com sucesso no SplitButton!
🏷️ Nome dinâmico gerado: Beira Rio.07.2026.csv
📁 Movendo para a pasta: T:\ATENDIMENTO\BEES DELIVERY\03.11.20\Beira Rio\2026
📂 Processando arquivo da rotina 03.11.20...
✅ Arquivo renomeado para: Beira Rio.07.2026.csv
📁 Salvo em: T:\ATENDIMENTO\BEES DELIVERY\03.11.20\Beira Rio\2026

========================================
🔄 PROCESSANDO FILIAL [2/7]: Revalle Juazeiro
========================================
🧹 Limpando alertas iniciais antes de interagir com a tela...
Não há mais pop-ups ou tempo limite para o alerta 1 atingido.

✅ Total de 0 pop-ups fechados.

📍 DEBUG 1: Resetando para a raiz da página (default_content)...
🎯 Foco da janela principal restaurado via PyWinAuto!
📍 DEBUG 2: Tentando entrar no frame superior...
📍 DEBUG 3: Sucesso! Entrou no frame superior.
📍 DEBUG 4: Focando no dropdown com Selenium e navegando com PyAutoGUI...
⬇️ Descendo 1 posições via teclado...
⏳ Vigiando ativamente a tela aguardando os pop-ups da troca...
✅ Nenhum alerta detectado nos últimos 10 segundos. Seguindo o fluxo...
🎯 Selecionando 'Mapa' no dropdown...
⚠️ Demora na atualização do frame. Tentando novamente...
❌ Erro crítico ao processar a filial Revalle Juazeiro: Message: 

⏭️ Pulando para a próxima revenda da lista...

========================================
🔄 PROCESSANDO FILIAL [3/7]: Revalle Nordeste
========================================
🧹 Limpando alertas iniciais antes de interagir com a tela...
Não há mais pop-ups ou tempo limite para o alerta 1 atingido.

✅ Total de 0 pop-ups fechados.

📍 DEBUG 1: Resetando para a raiz da página (default_content)...
🎯 Foco da janela principal restaurado via PyWinAuto!
📍 DEBUG 2: Tentando entrar no frame superior...
📍 DEBUG 3: Sucesso! Entrou no frame superior.
📍 DEBUG 4: Focando no dropdown com Selenium e navegando com PyAutoGUI...
⬇️ Descendo 2 posições via teclado...
⏳ Vigiando ativamente a tela aguardando os pop-ups da troca...
✅ Nenhum alerta detectado nos últimos 10 segundos. Seguindo o fluxo...
🎯 Selecionando 'Mapa' no dropdown...

🧹 Iniciando faxina de janelas secundárias...

❌ OCORREU UM ERRO NO FLUXO DE ROTINAS: HTTPConnectionPool(host='localhost', port=52630): Max retries exceeded with url: /session/1e9a58ca-aa23-45a9-8bda-93fcf2cad0f7/window/handles (Caused by NewConnectionError("HTTPConnection(host='localhost', port=52630): Failed to establish a new connection: [WinError 10061] Nenhuma conexão pôde ser feita porque a máquina de destino as recusou ativamente"))

==================================================
👋 Fechando navegador e limpando sessão...

Deseja subir as execuções/relatórios para o GitHub? (s/n): 📦 Preparando arquivos para o commit...
🚀 Enviando para o GitHub (branch atual)...
✅ Atualização enviada com sucesso!
