
==================================================
🚀 INICIANDO PROCESSO DE LOGIN PROMAX
==================================================
🧹 Limpando processos antigos (IEDriverServer e Internet Explorer) do Windows...
⚙️ Configurando IE para baixar em: c:\Users\usuario\Desktop\Promax\promax - v2\downloads
✅ Registro atualizado com sucesso!
🌐 Abrindo navegador Internet Explorer...
📥 Acessando a URL do sistema (Ambiente Mock)...
🔑 Identificando frames e preenchendo credenciais...
✅ Login efetuado com sucesso!
✅ Nenhum aviso de senha. Seguindo para o sistema...
🏢 Selecionando unidade de revenda...
📍 Unidade confirmada!
🧹 Chamando assistente para fechar pop-ups...
Não há mais pop-ups ou tempo limite para o alerta 1 atingido.

✅ Total de 0 pop-ups fechados.

✨ Varredura de alertas concluída.

--------------------------------------------------
🎯 INICIANDO EXECUÇÃO DAS ROTINAS
--------------------------------------------------

🔍------------------------------
Buscando lógica para: 030224
🔒 Janela principal (Menu) registrada com handle: cf8d38a4-d1c9-4660-aad0-fe14e427b671
⚠️ Erro ao focar na janela do menu principal: There are 2 elements that match the criteria {'title_re': '.*PromaxWEB\\ \\-\\ Escolha\\ da\\ Rotina.*', 'backend': 'win32', 'visible_only': False}
🎯 Rotina 030224 localizada! Iniciando processamento em lote...
⌨️ Inserindo a rotina: 030224
Procurando campo atalho...
⏳ Aguardando carregamento da rotina...
🎯 Sincronizando com a janela da rotina...
⚠️ Frame 'rotina' não encontrado (Ambiente local). Operando na raiz.
📅 Preenchendo datas...
🖱️ Clicando em Visualizar...
📥 Confirmando download na barra do Windows...
⚠️ Não foi possível interagir com a barra de download (Timeout ou elemento não localizado).
🏷️ Nome dinâmico gerado: Beira Rio.08.2026.csv
❌ Erro fatal na rotina 030224: name 'os' is not defined

🏁 Todas as revendas da rotina 030224 foram processadas com sucesso!

🧹 Iniciando faxina de janelas secundárias...

❌ OCORREU UM ERRO NO FLUXO DE ROTINAS: Message: Window is closed


==================================================
👋 Fechando navegador e limpando sessão...

Deseja subir as execuções/relatórios para o GitHub? (s/n): 📦 Preparando arquivos para o commit...
🚀 Enviando para o GitHub (branch atual)...
❌ Erro ao tentar subir para o GitHub: Command '['git', 'push']' returned non-zero exit status 128.
