
==================================================
🚀 INICIANDO PROCESSO DE LOGIN PROMAX
==================================================
🧹 Limpando processos antigos (IEDriverServer e Internet Explorer) do Windows...
⚙️ Configurando IE para baixar em: c:\Users\usuario\Desktop\Promax\promax - v2\downloads
✅ Registro atualizado com sucesso!
🌐 Abrindo navegador Internet Explorer...
📥 Acessando a URL do sistema (Ambiente Mock)...
🔑 Identificando frames e preenchendo credenciais...
✅ Login efetuado com sucesso!
✅ Nenhum aviso de senha. Seguindo para o sistema...
🏢 Selecionando unidade de revenda...
📍 Unidade confirmada!
🧹 Chamando assistente para fechar pop-ups...
Não há mais pop-ups ou tempo limite para o alerta 1 atingido.

✅ Total de 0 pop-ups fechados.

✨ Varredura de alertas concluída.

--------------------------------------------------
🎯 INICIANDO EXECUÇÃO DAS ROTINAS
--------------------------------------------------

🔍------------------------------
Buscando lógica para: 031120
🔒 Janela principal (Menu) registrada com handle: 671dd6d9-957b-4f07-b16c-d42aae7e1ca1
⚠️ Erro ao focar na janela do menu principal: There are 2 elements that match the criteria {'title_re': '.*PromaxWEB\\ \\-\\ Escolha\\ da\\ Rotina.*', 'backend': 'win32', 'visible_only': False}
🎯 Rotina 031120 localizada! Iniciando processamento em lote...

🚀 Iniciando execução da Rotina 031120...
Retornando ao frame de comandos...

🧹 Iniciando faxina de janelas secundárias...

❌ OCORREU UM ERRO NO FLUXO DE ROTINAS: HTTPConnectionPool(host='localhost', port=53201): Max retries exceeded with url: /session/864e33e4-fe12-40f7-8eab-80ab8c6d837d/window/handles (Caused by NewConnectionError("HTTPConnection(host='localhost', port=53201): Failed to establish a new connection: [WinError 10061] Nenhuma conexão pôde ser feita porque a máquina de destino as recusou ativamente"))

==================================================
👋 Fechando navegador e limpando sessão...

Deseja subir as execuções/relatórios para o GitHub? (s/n): 👍 Operação ignorada. Nada foi enviado para o GitHub.
