
==================================================
🚀 INICIANDO PROCESSO DE LOGIN PROMAX
==================================================
🧹 Limpando processos antigos (IEDriverServer e Internet Explorer) do Windows...
⚙️ Configurando IE para baixar em: c:\Users\usuario\Desktop\Promax\promax - v2\downloads
✅ Registro atualizado com sucesso!
🌐 Abrindo navegador Internet Explorer...
📥 Acessando a URL do sistema (Ambiente Mock)...
🔑 Identificando frames e preenchendo credenciais...
✅ Login efetuado com sucesso!
✅ Nenhum aviso de senha. Seguindo para o sistema...
🏢 Selecionando unidade...
📍 Unidade confirmada!
🧹 Fechando pop-ups de alerta...
Não há mais pop-ups ou tempo limite para o alerta 1 atingido.

✅ Total de 0 pop-ups fechados.

✨ Varredura de alertas concluída.

--------------------------------------------------
🎯 INICIANDO EXECUÇÃO DAS ROTINAS
--------------------------------------------------

🔍------------------------------
Buscando lógica para: 030224
🔒 Janela principal (Menu) registrada com handle: 88c86fbe-1f05-4158-bbcd-b6f5babff538
⚠️ Erro ao focar na janela do menu principal: There are 2 elements that match the criteria {'title_re': '.*Seleção\\ de\\ Rotina\\ do\\ Sistema\\ \\-\\ Distribuidora\\ Fictícia\\ S/A.*', 'backend': 'win32', 'visible_only': False}
🎯 Rotina 030224 localizada! Iniciando processamento em lote...
⌨️ Inserindo a rotina: 030224
Procurando campo atalho...
⏳ Aguardando carregamento da rotina...
🎯 Sincronizando com a janela da rotina...
⚠️ Frame 'rotina' não encontrado (Ambiente local). Operando na raiz.
📅 Preenchendo datas...
🖱️ Clicando em Visualizar...
✅ Fluxo concluído com sucesso!

🏁 Todas as unidades da rotina 030224 foram processadas com sucesso!

🧹 Fechando janelas secundárias...
✨ Ambiente limpo.
✅ Rotina 030224 finalizada!
------------------------------


🏆 Todas as rotinas solicitadas foram processadas!

==================================================
👋 Fechando navegador e limpando sessão...

Deseja subir as execuções/relatórios para o GitHub? (s/n): 👍 Operação ignorada. Nada foi enviado para o GitHub.
