
==================================================
🚀 INICIANDO PROCESSO DE LOGIN PROMAX
==================================================
🧹 Limpando processos antigos (IEDriverServer e Internet Explorer) do Windows...
⚙️ Configurando IE para baixar em: c:\Users\usuario\Desktop\Promax\promax - v2\downloads
✅ Registro atualizado com sucesso!
🌐 Abrindo navegador Internet Explorer...
📥 Acessando a URL do sistema...
🔑 Identificando frames e preenchendo credenciais...
✅ Login efetuado com sucesso!
✅ Nenhum aviso de senha. Seguindo para o sistema...
🏢 Selecionando unidade de revenda...
📍 Unidade confirmada!
🧹 Chamando assistente para fechar pop-ups...
Alerta 1 encontrado: 'O dia 15 de cada mes é o prazo LIMITE para a REORGANIZAÇÃO, após esse prazo o sistema ficara INOPERANTE, portanto, sabendo como proceder execute-a, e em caso de dúvida contate o suporte.'

Alerta 1 fechado com sucesso!

Alerta 2 encontrado: 'Fechamento Financeiro não realizado há  21 dias'

Alerta 2 fechado com sucesso!

Alerta 3 encontrado: 'Fechamento do Estoque não realizado há  21 dias'

Alerta 3 fechado com sucesso!

Alerta 4 encontrado: 'Existem NFs a partir do dia 18/07/2026 com divergências.

Verificar no módulo 07.22.23-Rel. de Diverg. Promax x SEFAZ, proceder
a correção e executar a rotina 07.22.22-Verificação de Divergências.'

Alerta 4 fechado com sucesso!

Não há mais pop-ups ou tempo limite para o alerta 5 atingido.

✅ Total de 4 pop-ups fechados.

✨ Varredura de alertas concluída.

--------------------------------------------------
🎯 INICIANDO EXECUÇÃO DAS ROTINAS
--------------------------------------------------

🔍------------------------------
Buscando lógica para: 031120
🔒 Janela principal (Menu) registrada com handle: e0ccffe8-b73a-4295-aef9-340beb1e2772
⚠️ Erro ao focar na janela do menu principal: There are 2 elements that match the criteria {'title_re': '.*PromaxWEB.*', 'backend': 'win32', 'visible_only': False}
🎯 Rotina 031120 localizada! Iniciando processamento em lote...

🚀 Iniciando execução da Rotina 031120...
Retornando ao frame de comandos...
📂 Entrando no IframeMenu...
⌨️ Inserindo a rotina: 031120
Procurando campo atalho...
⏳ Aguardando carregamento da rotina...
🔀 Mudamos para a nova janela: Planilha de Acompanhamento [pizolitto - pizolitt]
🎯 Foco da nova janela da rotina restaurado via win32!

========================================
🔄 PROCESSANDO FILIAL [1/7]: Beira Rio
========================================
🧹 Limpando alertas iniciais antes de interagir com a tela...
Não há mais pop-ups ou tempo limite para o alerta 1 atingido.

✅ Total de 0 pop-ups fechados.

📍 DEBUG 1: Resetando para a raiz da página (default_content)...
📍 default_content para ir para a raiz...
📍 Entrando no frame top_rotina...
⚠️ Erro ao capturar HTML do select: Message: Error executing JavaScript

📍 Filial atual no dropdown antes da troca: '156.0001 - REVALLE - JUAZEIRO'
⚡ Tentando selecionar o índice 0 via JavaScript...
✅ Sucesso! Recarregamento de página detectado após o JS.
⏳ Vigiando ativamente a tela aguardando os pop-ups da troca...
🚨 Primeiro alerta detectado pelo Guarda-Costas! Iniciando limpeza...
Alerta 1 encontrado: 'Fechamento Financeiro não realizado há  21 dias'

Alerta 1 fechado com sucesso!

Alerta 2 encontrado: 'Fechamento do Estoque não realizado há  21 dias'

Alerta 2 fechado com sucesso!

Não há mais pop-ups ou tempo limite para o alerta 3 atingido.

✅ Total de 2 pop-ups fechados.

🎯 Selecionando 'Mapa' no dropdown...
🎯 Selecionando 'Mapa' no dropdown via JS Legado IE...
📅 Preenchendo datas: 01/07/2026 até 21/07/2026
🖱️ Clicando em Visualizar...
🚀 Relatório solicitado! Aguardando processamento e botão CSV...
⏳ Aguardando até 300s pelo elemento GerExecl...
✅ Elemento GerExecl carregado! (Tempo de processamento: 1.06s)
📥 Confirmando download na barra do Windows...
✅ Download confirmado com sucesso no SplitButton!
🧹 Barra de download fechada para limpar o foco.
🏷️ Nome dinâmico gerado: Beira Rio.07.2026.csv
📁 Movendo para a pasta: T:\ATENDIMENTO\BEES DELIVERY\03.11.20\Beira Rio\2026
📂 Processando arquivo da rotina 03.11.20...
✅ Arquivo renomeado para: Beira Rio.07.2026.csv
📁 Salvo em: T:\ATENDIMENTO\BEES DELIVERY\03.11.20\Beira Rio\2026

========================================
🔄 PROCESSANDO FILIAL [2/7]: Revalle Juazeiro
========================================
🧹 Limpando alertas iniciais antes de interagir com a tela...
Não há mais pop-ups ou tempo limite para o alerta 1 atingido.

✅ Total de 0 pop-ups fechados.

📍 DEBUG 1: Resetando para a raiz da página (default_content)...
📍 default_content para ir para a raiz...
📍 Entrando no frame top_rotina...
⚠️ Erro ao capturar HTML do select: Message: Error executing JavaScript

📍 Filial atual no dropdown antes da troca: '145.0004 - BEIRA RIO'
⚡ Tentando selecionar o índice 1 via JavaScript...
✅ Sucesso! Recarregamento de página detectado após o JS.
⏳ Vigiando ativamente a tela aguardando os pop-ups da troca...
🚨 Primeiro alerta detectado pelo Guarda-Costas! Iniciando limpeza...
Alerta 1 encontrado: 'O dia 15 de cada mes é o prazo LIMITE para a REORGANIZAÇÃO, após esse prazo o sistema ficara INOPERANTE, portanto, sabendo como proceder execute-a, e em caso de dúvida contate o suporte.'

Alerta 1 fechado com sucesso!

Alerta 2 encontrado: 'Fechamento Financeiro não realizado há  21 dias'

Alerta 2 fechado com sucesso!

Alerta 3 encontrado: 'Fechamento do Estoque não realizado há  21 dias'

Alerta 3 fechado com sucesso!

Alerta 4 encontrado: 'Existem NFs a partir do dia 18/07/2026 com divergências.

Verificar no módulo 07.22.23-Rel. de Diverg. Promax x SEFAZ, proceder
a correção e executar a rotina 07.22.22-Verificação de Divergências.'

Alerta 4 fechado com sucesso!

✅ Total de 4 pop-ups fechados.

🎯 Selecionando 'Mapa' no dropdown...
🎯 Selecionando 'Mapa' no dropdown via JS Legado IE...
📅 Preenchendo datas: 01/07/2026 até 21/07/2026
🖱️ Clicando em Visualizar...
🚀 Relatório solicitado! Aguardando processamento e botão CSV...
⏳ Aguardando até 300s pelo elemento GerExecl...
✅ Elemento GerExecl carregado! (Tempo de processamento: 4.34s)
📥 Confirmando download na barra do Windows...
✅ Download confirmado com sucesso no SplitButton!
🧹 Barra de download fechada para limpar o foco.
🏷️ Nome dinâmico gerado: Revalle Juazeiro.07.2026.csv
📁 Movendo para a pasta: T:\ATENDIMENTO\BEES DELIVERY\03.11.20\Juazeiro\2026
📂 Processando arquivo da rotina 03.11.20...
✅ Arquivo renomeado para: Revalle Juazeiro.07.2026.csv
📁 Salvo em: T:\ATENDIMENTO\BEES DELIVERY\03.11.20\Juazeiro\2026

========================================
🔄 PROCESSANDO FILIAL [3/7]: Revalle Nordeste
========================================
🧹 Limpando alertas iniciais antes de interagir com a tela...
Não há mais pop-ups ou tempo limite para o alerta 1 atingido.

✅ Total de 0 pop-ups fechados.

📍 DEBUG 1: Resetando para a raiz da página (default_content)...
📍 default_content para ir para a raiz...
📍 Entrando no frame top_rotina...
⚠️ Erro ao capturar HTML do select: Message: Error executing JavaScript

📍 Filial atual no dropdown antes da troca: '156.0001 - REVALLE - JUAZEIRO'
⚡ Tentando selecionar o índice 2 via JavaScript...
✅ Sucesso! Recarregamento de página detectado após o JS.
⏳ Vigiando ativamente a tela aguardando os pop-ups da troca...
🚨 Primeiro alerta detectado pelo Guarda-Costas! Iniciando limpeza...
Alerta 1 encontrado: 'O dia 15 de cada mes é o prazo LIMITE para a REORGANIZAÇÃO, após esse prazo o sistema ficara INOPERANTE, portanto, sabendo como proceder execute-a, e em caso de dúvida contate o suporte.'

Alerta 1 fechado com sucesso!

Alerta 2 encontrado: 'Fechamento Financeiro não realizado há  21 dias'

Alerta 2 fechado com sucesso!

Alerta 3 encontrado: 'Fechamento do Estoque não realizado há  21 dias'

Alerta 3 fechado com sucesso!

Não há mais pop-ups ou tempo limite para o alerta 4 atingido.

✅ Total de 3 pop-ups fechados.

🎯 Selecionando 'Mapa' no dropdown...
🎯 Selecionando 'Mapa' no dropdown via JS Legado IE...
📅 Preenchendo datas: 01/07/2026 até 21/07/2026
🖱️ Clicando em Visualizar...
🚀 Relatório solicitado! Aguardando processamento e botão CSV...
⏳ Aguardando até 300s pelo elemento GerExecl...
✅ Elemento GerExecl carregado! (Tempo de processamento: 1.03s)
📥 Confirmando download na barra do Windows...
✅ Download confirmado com sucesso no SplitButton!
🧹 Barra de download fechada para limpar o foco.
🏷️ Nome dinâmico gerado: Revalle Nordeste.07.2026.csv
📁 Movendo para a pasta: T:\ATENDIMENTO\BEES DELIVERY\03.11.20\Nordeste\2026
📂 Processando arquivo da rotina 03.11.20...
✅ Arquivo renomeado para: Revalle Nordeste.07.2026.csv
📁 Salvo em: T:\ATENDIMENTO\BEES DELIVERY\03.11.20\Nordeste\2026

========================================
🔄 PROCESSANDO FILIAL [4/7]: Revalle Bonfim
========================================
🧹 Limpando alertas iniciais antes de interagir com a tela...
Não há mais pop-ups ou tempo limite para o alerta 1 atingido.

✅ Total de 0 pop-ups fechados.

📍 DEBUG 1: Resetando para a raiz da página (default_content)...
📍 default_content para ir para a raiz...
📍 Entrando no frame top_rotina...
⚠️ Erro ao capturar HTML do select: Message: Error executing JavaScript

📍 Filial atual no dropdown antes da troca: '156.0002 - REVALLE - NORDESTE'
⚡ Tentando selecionar o índice 3 via JavaScript...
✅ Sucesso! Recarregamento de página detectado após o JS.
⏳ Vigiando ativamente a tela aguardando os pop-ups da troca...
🚨 Primeiro alerta detectado pelo Guarda-Costas! Iniciando limpeza...
Alerta 1 encontrado: 'O dia 15 de cada mes é o prazo LIMITE para a REORGANIZAÇÃO, após esse prazo o sistema ficara INOPERANTE, portanto, sabendo como proceder execute-a, e em caso de dúvida contate o suporte.'

Alerta 1 fechado com sucesso!

Alerta 2 encontrado: 'Fechamento Financeiro não realizado há  21 dias'

Alerta 2 fechado com sucesso!

Alerta 3 encontrado: 'Fechamento do Estoque não realizado há  21 dias'

Alerta 3 fechado com sucesso!

Alerta 4 encontrado: 'Existem NFs a partir do dia 13/07/2026 com divergências.

Verificar no módulo 07.22.23-Rel. de Diverg. Promax x SEFAZ, proceder
a correção e executar a rotina 07.22.22-Verificação de Divergências.'

Alerta 4 fechado com sucesso!

✅ Total de 4 pop-ups fechados.

🎯 Selecionando 'Mapa' no dropdown...
🎯 Selecionando 'Mapa' no dropdown via JS Legado IE...
📅 Preenchendo datas: 01/07/2026 até 21/07/2026
🖱️ Clicando em Visualizar...
🚀 Relatório solicitado! Aguardando processamento e botão CSV...
⏳ Aguardando até 300s pelo elemento GerExecl...
✅ Elemento GerExecl carregado! (Tempo de processamento: 1.05s)
📥 Confirmando download na barra do Windows...
✅ Download confirmado com sucesso no SplitButton!
🧹 Barra de download fechada para limpar o foco.
🏷️ Nome dinâmico gerado: Revalle Bonfim.07.2026.csv
📁 Movendo para a pasta: T:\ATENDIMENTO\BEES DELIVERY\03.11.20\Bonfim\2026
📂 Processando arquivo da rotina 03.11.20...
✅ Arquivo renomeado para: Revalle Bonfim.07.2026.csv
📁 Salvo em: T:\ATENDIMENTO\BEES DELIVERY\03.11.20\Bonfim\2026

========================================
🔄 PROCESSANDO FILIAL [5/7]: Revalle P Afonso
========================================
🧹 Limpando alertas iniciais antes de interagir com a tela...
Não há mais pop-ups ou tempo limite para o alerta 1 atingido.

✅ Total de 0 pop-ups fechados.

📍 DEBUG 1: Resetando para a raiz da página (default_content)...
📍 default_content para ir para a raiz...
📍 Entrando no frame top_rotina...
⚠️ Erro ao capturar HTML do select: Message: Error executing JavaScript

📍 Filial atual no dropdown antes da troca: '156.0003 - REVALLE - SR. BONFIM'
⚡ Tentando selecionar o índice 4 via JavaScript...
✅ Sucesso! Recarregamento de página detectado após o JS.
⏳ Vigiando ativamente a tela aguardando os pop-ups da troca...
🚨 Primeiro alerta detectado pelo Guarda-Costas! Iniciando limpeza...
Alerta 1 encontrado: 'O dia 15 de cada mes é o prazo LIMITE para a REORGANIZAÇÃO, após esse prazo o sistema ficara INOPERANTE, portanto, sabendo como proceder execute-a, e em caso de dúvida contate o suporte.'

Alerta 1 fechado com sucesso!

Alerta 2 encontrado: 'Fechamento Financeiro não realizado há  21 dias'

Alerta 2 fechado com sucesso!

Alerta 3 encontrado: 'Fechamento do Estoque não realizado há  21 dias'

Alerta 3 fechado com sucesso!

Não há mais pop-ups ou tempo limite para o alerta 4 atingido.

✅ Total de 3 pop-ups fechados.

🎯 Selecionando 'Mapa' no dropdown...
🎯 Selecionando 'Mapa' no dropdown via JS Legado IE...
📅 Preenchendo datas: 01/07/2026 até 21/07/2026
🖱️ Clicando em Visualizar...
🚀 Relatório solicitado! Aguardando processamento e botão CSV...
⏳ Aguardando até 300s pelo elemento GerExecl...
✅ Elemento GerExecl carregado! (Tempo de processamento: 7.59s)
📥 Confirmando download na barra do Windows...
✅ Download confirmado com sucesso no SplitButton!
🧹 Barra de download fechada para limpar o foco.
🏷️ Nome dinâmico gerado: Revalle P Afonso.07.2026.csv
📁 Movendo para a pasta: T:\ATENDIMENTO\BEES DELIVERY\03.11.20\Paulo Afonso\2026
📂 Processando arquivo da rotina 03.11.20...
✅ Arquivo renomeado para: Revalle P Afonso.07.2026.csv
📁 Salvo em: T:\ATENDIMENTO\BEES DELIVERY\03.11.20\Paulo Afonso\2026

========================================
🔄 PROCESSANDO FILIAL [6/7]: Revalle Alagoinhas
========================================
🧹 Limpando alertas iniciais antes de interagir com a tela...
Não há mais pop-ups ou tempo limite para o alerta 1 atingido.

✅ Total de 0 pop-ups fechados.

📍 DEBUG 1: Resetando para a raiz da página (default_content)...
📍 default_content para ir para a raiz...
📍 Entrando no frame top_rotina...
⚠️ Erro ao capturar HTML do select: Message: Error executing JavaScript

📍 Filial atual no dropdown antes da troca: '304.0005 - REVALLE - P AFONSO'
⚡ Tentando selecionar o índice 5 via JavaScript...
✅ Sucesso! Recarregamento de página detectado após o JS.
⏳ Vigiando ativamente a tela aguardando os pop-ups da troca...
🚨 Primeiro alerta detectado pelo Guarda-Costas! Iniciando limpeza...
Alerta 1 encontrado: 'O dia 15 de cada mes é o prazo LIMITE para a REORGANIZAÇÃO, após esse prazo o sistema ficara INOPERANTE, portanto, sabendo como proceder execute-a, e em caso de dúvida contate o suporte.'

Alerta 1 fechado com sucesso!

Alerta 2 encontrado: 'Fechamento Financeiro não realizado há  21 dias'

Alerta 2 fechado com sucesso!

Alerta 3 encontrado: 'Fechamento do Estoque não realizado há  21 dias'

Alerta 3 fechado com sucesso!

Não há mais pop-ups ou tempo limite para o alerta 4 atingido.

✅ Total de 3 pop-ups fechados.

🎯 Selecionando 'Mapa' no dropdown...
🎯 Selecionando 'Mapa' no dropdown via JS Legado IE...
📅 Preenchendo datas: 01/07/2026 até 21/07/2026
🖱️ Clicando em Visualizar...
🚀 Relatório solicitado! Aguardando processamento e botão CSV...
⏳ Aguardando até 300s pelo elemento GerExecl...
✅ Elemento GerExecl carregado! (Tempo de processamento: 1.07s)
📥 Confirmando download na barra do Windows...
✅ Download confirmado com sucesso no SplitButton!
🧹 Barra de download fechada para limpar o foco.
🏷️ Nome dinâmico gerado: Revalle Alagoinhas.07.2026.csv
📁 Movendo para a pasta: T:\ATENDIMENTO\BEES DELIVERY\03.11.20\Alagoinhas\2026
📂 Processando arquivo da rotina 03.11.20...
✅ Arquivo renomeado para: Revalle Alagoinhas.07.2026.csv
📁 Salvo em: T:\ATENDIMENTO\BEES DELIVERY\03.11.20\Alagoinhas\2026

========================================
🔄 PROCESSANDO FILIAL [7/7]: Revalle Serrinha
========================================
🧹 Limpando alertas iniciais antes de interagir com a tela...
Não há mais pop-ups ou tempo limite para o alerta 1 atingido.

✅ Total de 0 pop-ups fechados.

📍 DEBUG 1: Resetando para a raiz da página (default_content)...
📍 default_content para ir para a raiz...
📍 Entrando no frame top_rotina...
⚠️ Erro ao capturar HTML do select: Message: Error executing JavaScript

📍 Filial atual no dropdown antes da troca: '341.0006 - REVALLE - ALAGOINHAS'
⚡ Tentando selecionar o índice 6 via JavaScript...
✅ Sucesso! Recarregamento de página detectado após o JS.
⏳ Vigiando ativamente a tela aguardando os pop-ups da troca...
🚨 Primeiro alerta detectado pelo Guarda-Costas! Iniciando limpeza...
Alerta 1 encontrado: 'O dia 15 de cada mes é o prazo LIMITE para a REORGANIZAÇÃO, após esse prazo o sistema ficara INOPERANTE, portanto, sabendo como proceder execute-a, e em caso de dúvida contate o suporte.'

Alerta 1 fechado com sucesso!

Alerta 2 encontrado: 'Fechamento Financeiro não realizado há  21 dias'

Alerta 2 fechado com sucesso!

Alerta 3 encontrado: 'Fechamento do Estoque não realizado há  21 dias'

Alerta 3 fechado com sucesso!

Não há mais pop-ups ou tempo limite para o alerta 4 atingido.

✅ Total de 3 pop-ups fechados.

🎯 Selecionando 'Mapa' no dropdown...
🎯 Selecionando 'Mapa' no dropdown via JS Legado IE...
📅 Preenchendo datas: 01/07/2026 até 21/07/2026
🖱️ Clicando em Visualizar...
🚀 Relatório solicitado! Aguardando processamento e botão CSV...
⏳ Aguardando até 300s pelo elemento GerExecl...
✅ Elemento GerExecl carregado! (Tempo de processamento: 10.81s)
📥 Confirmando download na barra do Windows...
⚠️ Não foi possível interagir com a barra de download (Timeout ou elemento não localizado).
🏷️ Nome dinâmico gerado: Revalle Serrinha.07.2026.csv
📁 Movendo para a pasta: T:\ATENDIMENTO\BEES DELIVERY\03.11.20\Serrinha\2026
📂 Processando arquivo da rotina 03.11.20...
⚠️ Nenhum arquivo encontrado com o padrão: 03.11.20
🔍 Procurou na pasta: c:\Users\usuario\Desktop\Promax\promax - v2\downloads

🏁 Todas as revendas da rotina 031120 foram processadas com sucesso!

🧹 Iniciando faxina de janelas secundárias...
❌ Fechando janela: Planilha de Acompanhamento [pizolitto - pizolitt]
✨ Ambiente limpo e pronto para a próxima!
✅ Rotina {'031120': <function executar at 0x000002289C98E020>, '030224': <function executar at 0x000002289EF70FE0>, '01200147': <function executar at 0x000002289C98DF80>, '03014701': <function executar at 0x000002289EF714E0>, '030237': <function executar at 0x000002289EF71260>, '0105070402': <function executar at 0x000002289EF71C60>} finalizada!
------------------------------


🔍------------------------------
Buscando lógica para: 030224
🔄 Retornamos para a janela principal (Menu) registrada: e0ccffe8-b73a-4295-aef9-340beb1e2772
⚠️ Erro ao focar na janela do menu principal: There are 2 elements that match the criteria {'title_re': '.*PromaxWEB.*', 'backend': 'win32', 'visible_only': False}
🎯 Rotina 030224 localizada! Iniciando processamento em lote...
Retornando ao frame de comandos...
📂 Entrando no IframeMenu...
⌨️ Inserindo a rotina: 030224
Procurando campo atalho...
⏳ Aguardando carregamento da rotina...
🔀 Mudamos para a nova janela: Rel. de Notas Devolvidas [pizolitto - pizolitt]
🎯 Foco da nova janela da rotina restaurado via win32!

========================================
🔄 PROCESSANDO FILIAL [1/7]: Beira Rio
========================================
🧹 Limpando alertas iniciais antes de interagir com a tela...
Não há mais pop-ups ou tempo limite para o alerta 1 atingido.

✅ Total de 0 pop-ups fechados.

📍 DEBUG 1: Resetando para a raiz da página (default_content)...
📍 default_content para ir para a raiz...
📍 Entrando no frame top_rotina...
⚠️ Erro ao capturar HTML do select: Message: Error executing JavaScript

📍 Filial atual no dropdown antes da troca: '156.0001 - REVALLE - JUAZEIRO'
⚡ Tentando selecionar o índice 0 via JavaScript...
✅ Sucesso! Recarregamento de página detectado após o JS.
⏳ Aguardando e fechando pop-ups de carregamento da troca...
🚨 Primeiro alerta detectado pelo Guarda-Costas! Iniciando limpeza...
Alerta 1 encontrado: 'Fechamento Financeiro não realizado há  21 dias'

Alerta 1 fechado com sucesso!

Alerta 2 encontrado: 'Fechamento do Estoque não realizado há  21 dias'

Alerta 2 fechado com sucesso!

Não há mais pop-ups ou tempo limite para o alerta 3 atingido.

✅ Total de 2 pop-ups fechados.

🎯 Selecionando 'Mapa' no dropdown...
🎯 Selecionando 'Mapa' no dropdown via JS Legado IE...
📅 Preenchendo datas...
🖱️ Clicando em Visualizar...
🚀 Relatório solicitado! Aguardando processamento e botão CSV...
⏳ Aguardando até 300s pelo elemento GerExecl...
✅ Elemento GerExecl carregado! (Tempo de processamento: 4.34s)
📥 Confirmando download na barra do Windows...
✅ Download confirmado com sucesso no SplitButton!
🧹 Barra de download fechada para limpar o foco.
🏷️ Nome dinâmico gerado: Beira Rio.07.2026.csv
📂 Processando arquivo da rotina 03.02.24...
✅ Arquivo renomeado para: Beira Rio.07.2026.csv
📁 Salvo em: T:\ATENDIMENTO\BEES DELIVERY\03.02.24

========================================
🔄 PROCESSANDO FILIAL [2/7]: Revalle Juazeiro
========================================
🧹 Limpando alertas iniciais antes de interagir com a tela...
Não há mais pop-ups ou tempo limite para o alerta 1 atingido.

✅ Total de 0 pop-ups fechados.

📍 DEBUG 1: Resetando para a raiz da página (default_content)...
📍 default_content para ir para a raiz...
📍 Entrando no frame top_rotina...
⚠️ Erro ao capturar HTML do select: Message: Error executing JavaScript

📍 Filial atual no dropdown antes da troca: '145.0004 - BEIRA RIO'
⚡ Tentando selecionar o índice 1 via JavaScript...
✅ Sucesso! Recarregamento de página detectado após o JS.
⏳ Aguardando e fechando pop-ups de carregamento da troca...
🚨 Primeiro alerta detectado pelo Guarda-Costas! Iniciando limpeza...
Alerta 1 encontrado: 'O dia 15 de cada mes é o prazo LIMITE para a REORGANIZAÇÃO, após esse prazo o sistema ficara INOPERANTE, portanto, sabendo como proceder execute-a, e em caso de dúvida contate o suporte.'

Alerta 1 fechado com sucesso!

Alerta 2 encontrado: 'Fechamento Financeiro não realizado há  21 dias'

Alerta 2 fechado com sucesso!

Alerta 3 encontrado: 'Fechamento do Estoque não realizado há  21 dias'

Alerta 3 fechado com sucesso!

Alerta 4 encontrado: 'Existem NFs a partir do dia 18/07/2026 com divergências.

Verificar no módulo 07.22.23-Rel. de Diverg. Promax x SEFAZ, proceder
a correção e executar a rotina 07.22.22-Verificação de Divergências.'

Alerta 4 fechado com sucesso!

Não há mais pop-ups ou tempo limite para o alerta 5 atingido.

✅ Total de 4 pop-ups fechados.

🎯 Selecionando 'Mapa' no dropdown...
🎯 Selecionando 'Mapa' no dropdown via JS Legado IE...
📅 Preenchendo datas...
🖱️ Clicando em Visualizar...
🚀 Relatório solicitado! Aguardando processamento e botão CSV...
⏳ Aguardando até 300s pelo elemento GerExecl...
✅ Elemento GerExecl carregado! (Tempo de processamento: 4.34s)
📥 Confirmando download na barra do Windows...
✅ Download confirmado com sucesso no SplitButton!
🧹 Barra de download fechada para limpar o foco.
🏷️ Nome dinâmico gerado: Revalle Juazeiro.07.2026.csv
📂 Processando arquivo da rotina 03.02.24...
✅ Arquivo renomeado para: Revalle Juazeiro.07.2026.csv
📁 Salvo em: T:\ATENDIMENTO\BEES DELIVERY\03.02.24

========================================
🔄 PROCESSANDO FILIAL [3/7]: Revalle Nordeste
========================================
🧹 Limpando alertas iniciais antes de interagir com a tela...
Não há mais pop-ups ou tempo limite para o alerta 1 atingido.

✅ Total de 0 pop-ups fechados.

📍 DEBUG 1: Resetando para a raiz da página (default_content)...
📍 default_content para ir para a raiz...
📍 Entrando no frame top_rotina...
⚠️ Erro ao capturar HTML do select: Message: Error executing JavaScript

📍 Filial atual no dropdown antes da troca: '156.0001 - REVALLE - JUAZEIRO'
⚡ Tentando selecionar o índice 2 via JavaScript...
✅ Sucesso! Recarregamento de página detectado após o JS.
⏳ Aguardando e fechando pop-ups de carregamento da troca...
🚨 Primeiro alerta detectado pelo Guarda-Costas! Iniciando limpeza...
Alerta 1 encontrado: 'O dia 15 de cada mes é o prazo LIMITE para a REORGANIZAÇÃO, após esse prazo o sistema ficara INOPERANTE, portanto, sabendo como proceder execute-a, e em caso de dúvida contate o suporte.'

Alerta 1 fechado com sucesso!

Alerta 2 encontrado: 'Fechamento Financeiro não realizado há  21 dias'

Alerta 2 fechado com sucesso!

Alerta 3 encontrado: 'Fechamento do Estoque não realizado há  21 dias'

Alerta 3 fechado com sucesso!

Não há mais pop-ups ou tempo limite para o alerta 4 atingido.

✅ Total de 3 pop-ups fechados.

🎯 Selecionando 'Mapa' no dropdown...
🎯 Selecionando 'Mapa' no dropdown via JS Legado IE...
📅 Preenchendo datas...
🖱️ Clicando em Visualizar...
🚀 Relatório solicitado! Aguardando processamento e botão CSV...
⏳ Aguardando até 300s pelo elemento GerExecl...
✅ Elemento GerExecl carregado! (Tempo de processamento: 7.61s)
📥 Confirmando download na barra do Windows...
✅ Download confirmado com sucesso no SplitButton!
🧹 Barra de download fechada para limpar o foco.
🏷️ Nome dinâmico gerado: Revalle Nordeste.07.2026.csv
📂 Processando arquivo da rotina 03.02.24...
✅ Arquivo renomeado para: Revalle Nordeste.07.2026.csv
📁 Salvo em: T:\ATENDIMENTO\BEES DELIVERY\03.02.24

========================================
🔄 PROCESSANDO FILIAL [4/7]: Revalle Bonfim
========================================
🧹 Limpando alertas iniciais antes de interagir com a tela...
Não há mais pop-ups ou tempo limite para o alerta 1 atingido.

✅ Total de 0 pop-ups fechados.

📍 DEBUG 1: Resetando para a raiz da página (default_content)...
📍 default_content para ir para a raiz...
📍 Entrando no frame top_rotina...
⚠️ Erro ao capturar HTML do select: Message: Error executing JavaScript

📍 Filial atual no dropdown antes da troca: '156.0002 - REVALLE - NORDESTE'
⚡ Tentando selecionar o índice 3 via JavaScript...
✅ Sucesso! Recarregamento de página detectado após o JS.
⏳ Aguardando e fechando pop-ups de carregamento da troca...
🚨 Primeiro alerta detectado pelo Guarda-Costas! Iniciando limpeza...
Alerta 1 encontrado: 'O dia 15 de cada mes é o prazo LIMITE para a REORGANIZAÇÃO, após esse prazo o sistema ficara INOPERANTE, portanto, sabendo como proceder execute-a, e em caso de dúvida contate o suporte.'

Alerta 1 fechado com sucesso!

Alerta 2 encontrado: 'Fechamento Financeiro não realizado há  21 dias'

Alerta 2 fechado com sucesso!

Alerta 3 encontrado: 'Fechamento do Estoque não realizado há  21 dias'

Alerta 3 fechado com sucesso!

Alerta 4 encontrado: 'Existem NFs a partir do dia 13/07/2026 com divergências.

Verificar no módulo 07.22.23-Rel. de Diverg. Promax x SEFAZ, proceder
a correção e executar a rotina 07.22.22-Verificação de Divergências.'

Alerta 4 fechado com sucesso!

Não há mais pop-ups ou tempo limite para o alerta 5 atingido.

✅ Total de 4 pop-ups fechados.

🎯 Selecionando 'Mapa' no dropdown...
🎯 Selecionando 'Mapa' no dropdown via JS Legado IE...
📅 Preenchendo datas...
🖱️ Clicando em Visualizar...
🚀 Relatório solicitado! Aguardando processamento e botão CSV...
⏳ Aguardando até 300s pelo elemento GerExecl...
✅ Elemento GerExecl carregado! (Tempo de processamento: 1.04s)
📥 Confirmando download na barra do Windows...
✅ Download confirmado com sucesso no SplitButton!
🧹 Barra de download fechada para limpar o foco.
🏷️ Nome dinâmico gerado: Revalle Bonfim.07.2026.csv
📂 Processando arquivo da rotina 03.02.24...
✅ Arquivo renomeado para: Revalle Bonfim.07.2026.csv
📁 Salvo em: T:\ATENDIMENTO\BEES DELIVERY\03.02.24

========================================
🔄 PROCESSANDO FILIAL [5/7]: Revalle P Afonso
========================================
🧹 Limpando alertas iniciais antes de interagir com a tela...
Não há mais pop-ups ou tempo limite para o alerta 1 atingido.

✅ Total de 0 pop-ups fechados.

📍 DEBUG 1: Resetando para a raiz da página (default_content)...
📍 default_content para ir para a raiz...
📍 Entrando no frame top_rotina...
⚠️ Erro ao capturar HTML do select: Message: Error executing JavaScript

📍 Filial atual no dropdown antes da troca: '156.0003 - REVALLE - SR. BONFIM'
⚡ Tentando selecionar o índice 4 via JavaScript...
✅ Sucesso! Recarregamento de página detectado após o JS.
⏳ Aguardando e fechando pop-ups de carregamento da troca...
🚨 Primeiro alerta detectado pelo Guarda-Costas! Iniciando limpeza...
Alerta 1 encontrado: 'O dia 15 de cada mes é o prazo LIMITE para a REORGANIZAÇÃO, após esse prazo o sistema ficara INOPERANTE, portanto, sabendo como proceder execute-a, e em caso de dúvida contate o suporte.'

Alerta 1 fechado com sucesso!

Alerta 2 encontrado: 'Fechamento Financeiro não realizado há  21 dias'

Alerta 2 fechado com sucesso!

Alerta 3 encontrado: 'Fechamento do Estoque não realizado há  21 dias'

Alerta 3 fechado com sucesso!

Não há mais pop-ups ou tempo limite para o alerta 4 atingido.

✅ Total de 3 pop-ups fechados.

🎯 Selecionando 'Mapa' no dropdown...
🎯 Selecionando 'Mapa' no dropdown via JS Legado IE...
📅 Preenchendo datas...
🖱️ Clicando em Visualizar...
🚀 Relatório solicitado! Aguardando processamento e botão CSV...
⏳ Aguardando até 300s pelo elemento GerExecl...
✅ Elemento GerExecl carregado! (Tempo de processamento: 1.06s)
📥 Confirmando download na barra do Windows...
✅ Download confirmado com sucesso no SplitButton!
🧹 Barra de download fechada para limpar o foco.
🏷️ Nome dinâmico gerado: Revalle P Afonso.07.2026.csv
📂 Processando arquivo da rotina 03.02.24...
✅ Arquivo renomeado para: Revalle P Afonso.07.2026.csv
📁 Salvo em: T:\ATENDIMENTO\BEES DELIVERY\03.02.24

========================================
🔄 PROCESSANDO FILIAL [6/7]: Revalle Alagoinhas
========================================
🧹 Limpando alertas iniciais antes de interagir com a tela...
Não há mais pop-ups ou tempo limite para o alerta 1 atingido.

✅ Total de 0 pop-ups fechados.

📍 DEBUG 1: Resetando para a raiz da página (default_content)...
📍 default_content para ir para a raiz...
📍 Entrando no frame top_rotina...
⚠️ Erro ao capturar HTML do select: Message: Error executing JavaScript

📍 Filial atual no dropdown antes da troca: '304.0005 - REVALLE - P AFONSO'
⚡ Tentando selecionar o índice 5 via JavaScript...
✅ Sucesso! Recarregamento de página detectado após o JS.
⏳ Aguardando e fechando pop-ups de carregamento da troca...
🚨 Primeiro alerta detectado pelo Guarda-Costas! Iniciando limpeza...
Alerta 1 encontrado: 'O dia 15 de cada mes é o prazo LIMITE para a REORGANIZAÇÃO, após esse prazo o sistema ficara INOPERANTE, portanto, sabendo como proceder execute-a, e em caso de dúvida contate o suporte.'

Alerta 1 fechado com sucesso!

Alerta 2 encontrado: 'Fechamento Financeiro não realizado há  21 dias'

Alerta 2 fechado com sucesso!

Alerta 3 encontrado: 'Fechamento do Estoque não realizado há  21 dias'

Alerta 3 fechado com sucesso!

Não há mais pop-ups ou tempo limite para o alerta 4 atingido.

✅ Total de 3 pop-ups fechados.

🎯 Selecionando 'Mapa' no dropdown...
🎯 Selecionando 'Mapa' no dropdown via JS Legado IE...
📅 Preenchendo datas...
🖱️ Clicando em Visualizar...
🚀 Relatório solicitado! Aguardando processamento e botão CSV...
⏳ Aguardando até 300s pelo elemento GerExecl...
✅ Elemento GerExecl carregado! (Tempo de processamento: 1.05s)
📥 Confirmando download na barra do Windows...
✅ Download confirmado com sucesso no SplitButton!
🧹 Barra de download fechada para limpar o foco.
🏷️ Nome dinâmico gerado: Revalle Alagoinhas.07.2026.csv
📂 Processando arquivo da rotina 03.02.24...
✅ Arquivo renomeado para: Revalle Alagoinhas.07.2026.csv
📁 Salvo em: T:\ATENDIMENTO\BEES DELIVERY\03.02.24

========================================
🔄 PROCESSANDO FILIAL [7/7]: Revalle Serrinha
========================================
🧹 Limpando alertas iniciais antes de interagir com a tela...
Não há mais pop-ups ou tempo limite para o alerta 1 atingido.

✅ Total de 0 pop-ups fechados.

📍 DEBUG 1: Resetando para a raiz da página (default_content)...
📍 default_content para ir para a raiz...
📍 Entrando no frame top_rotina...
⚠️ Erro ao capturar HTML do select: Message: Error executing JavaScript

📍 Filial atual no dropdown antes da troca: '341.0006 - REVALLE - ALAGOINHAS'
⚡ Tentando selecionar o índice 6 via JavaScript...
✅ Sucesso! Recarregamento de página detectado após o JS.
⏳ Aguardando e fechando pop-ups de carregamento da troca...
🚨 Primeiro alerta detectado pelo Guarda-Costas! Iniciando limpeza...
Alerta 1 encontrado: 'O dia 15 de cada mes é o prazo LIMITE para a REORGANIZAÇÃO, após esse prazo o sistema ficara INOPERANTE, portanto, sabendo como proceder execute-a, e em caso de dúvida contate o suporte.'

Alerta 1 fechado com sucesso!

Alerta 2 encontrado: 'Fechamento Financeiro não realizado há  21 dias'

Alerta 2 fechado com sucesso!

Alerta 3 encontrado: 'Fechamento do Estoque não realizado há  21 dias'

Alerta 3 fechado com sucesso!

Não há mais pop-ups ou tempo limite para o alerta 4 atingido.

✅ Total de 3 pop-ups fechados.

🎯 Selecionando 'Mapa' no dropdown...
🎯 Selecionando 'Mapa' no dropdown via JS Legado IE...
📅 Preenchendo datas...
🖱️ Clicando em Visualizar...
🚀 Relatório solicitado! Aguardando processamento e botão CSV...
⏳ Aguardando até 300s pelo elemento GerExecl...
✅ Elemento GerExecl carregado! (Tempo de processamento: 1.05s)
📥 Confirmando download na barra do Windows...
✅ Download confirmado com sucesso no SplitButton!
🧹 Barra de download fechada para limpar o foco.
🏷️ Nome dinâmico gerado: Revalle Serrinha.07.2026.csv
📂 Processando arquivo da rotina 03.02.24...
✅ Arquivo renomeado para: Revalle Serrinha.07.2026.csv
📁 Salvo em: T:\ATENDIMENTO\BEES DELIVERY\03.02.24

🏁 Todas as revendas da rotina 030224 foram processadas com sucesso!

🧹 Iniciando faxina de janelas secundárias...
❌ Fechando janela: Rel. de Notas Devolvidas [pizolitto - pizolitt]
✨ Ambiente limpo e pronto para a próxima!
✅ Rotina {'031120': <function executar at 0x000002289C98E020>, '030224': <function executar at 0x000002289EF70FE0>, '01200147': <function executar at 0x000002289C98DF80>, '03014701': <function executar at 0x000002289EF714E0>, '030237': <function executar at 0x000002289EF71260>, '0105070402': <function executar at 0x000002289EF71C60>} finalizada!
------------------------------


🔍------------------------------
Buscando lógica para: 01200147
🔄 Retornamos para a janela principal (Menu) registrada: e0ccffe8-b73a-4295-aef9-340beb1e2772
⚠️ Erro ao focar na janela do menu principal: There are 2 elements that match the criteria {'title_re': '.*PromaxWEB.*', 'backend': 'win32', 'visible_only': False}
🎯 Rotina 01200147 localizada! Iniciando processamento em lote...

🚀 Iniciando execução da Rotina 01200147...
Retornando ao frame de comandos...
📂 Entrando no IframeMenu...
⌨️ Inserindo a rotina: 01200147
Procurando campo atalho...
⏳ Aguardando carregamento da rotina...
🔀 Mudamos para a nova janela: Motoristas [pizolitto - pizolitt]
🎯 Foco da nova janela da rotina restaurado via win32!

========================================
🔄 PROCESSANDO FILIAL [1/7]: Beira Rio
========================================
🧹 Limpando alertas iniciais antes de interagir com a tela...
Não há mais pop-ups ou tempo limite para o alerta 1 atingido.

✅ Total de 0 pop-ups fechados.

📍 DEBUG 1: Resetando para a raiz da página (default_content)...
📍 default_content para ir para a raiz...
📍 Entrando no frame top_rotina...
⚠️ Erro ao capturar HTML do select: Message: Error executing JavaScript

📍 Filial atual no dropdown antes da troca: '156.0001 - REVALLE - JUAZEIRO'
⚡ Tentando selecionar o índice 0 via JavaScript...
✅ Sucesso! Recarregamento de página detectado após o JS.
⏳ Vigiando ativamente a tela aguardando os pop-ups da troca...
🚨 Primeiro alerta detectado pelo Guarda-Costas! Iniciando limpeza...
Alerta 1 encontrado: 'Fechamento Financeiro não realizado há  21 dias'

Alerta 1 fechado com sucesso!

Alerta 2 encontrado: 'Fechamento do Estoque não realizado há  21 dias'

Alerta 2 fechado com sucesso!

Não há mais pop-ups ou tempo limite para o alerta 3 atingido.

✅ Total de 2 pop-ups fechados.

🎯 Selecionando 'Numerica' no dropdown...
🎯 Selecionando 'Numerica' no dropdown via JS Legado IE...
🖱️ Clicando em Visualizar...
🚀 Relatório solicitado! Aguardando processamento e botão CSV...
⏳ Aguardando até 300s pelo elemento GerExecl...
✅ Elemento GerExecl carregado! (Tempo de processamento: 1.05s)
📥 Confirmando download na barra do Windows...
✅ Download confirmado com sucesso no SplitButton!
🧹 Barra de download fechada para limpar o foco.
🏷️ Nome dinâmico gerado: Beira Rio.csv
📂 Processando arquivo da rotina 01.20.01.47...
✅ Arquivo renomeado para: Beira Rio.csv
📁 Salvo em: T:\ATENDIMENTO\BEES DELIVERY\01.20.01.47

========================================
🔄 PROCESSANDO FILIAL [2/7]: Revalle Juazeiro
========================================
🧹 Limpando alertas iniciais antes de interagir com a tela...
Não há mais pop-ups ou tempo limite para o alerta 1 atingido.

✅ Total de 0 pop-ups fechados.

📍 DEBUG 1: Resetando para a raiz da página (default_content)...
📍 default_content para ir para a raiz...
📍 Entrando no frame top_rotina...
⚠️ Erro ao capturar HTML do select: Message: Error executing JavaScript

📍 Filial atual no dropdown antes da troca: '145.0004 - BEIRA RIO'
⚡ Tentando selecionar o índice 1 via JavaScript...
✅ Sucesso! Recarregamento de página detectado após o JS.
⏳ Vigiando ativamente a tela aguardando os pop-ups da troca...
🚨 Primeiro alerta detectado pelo Guarda-Costas! Iniciando limpeza...
Alerta 1 encontrado: 'O dia 15 de cada mes é o prazo LIMITE para a REORGANIZAÇÃO, após esse prazo o sistema ficara INOPERANTE, portanto, sabendo como proceder execute-a, e em caso de dúvida contate o suporte.'

Alerta 1 fechado com sucesso!

Alerta 2 encontrado: 'Fechamento Financeiro não realizado há  21 dias'

Alerta 2 fechado com sucesso!

Alerta 3 encontrado: 'Fechamento do Estoque não realizado há  21 dias'

Alerta 3 fechado com sucesso!

Alerta 4 encontrado: 'Existem NFs a partir do dia 18/07/2026 com divergências.

Verificar no módulo 07.22.23-Rel. de Diverg. Promax x SEFAZ, proceder
a correção e executar a rotina 07.22.22-Verificação de Divergências.'

Alerta 4 fechado com sucesso!

✅ Total de 4 pop-ups fechados.

🎯 Selecionando 'Numerica' no dropdown...
🎯 Selecionando 'Numerica' no dropdown via JS Legado IE...
🖱️ Clicando em Visualizar...
🚀 Relatório solicitado! Aguardando processamento e botão CSV...
⏳ Aguardando até 300s pelo elemento GerExecl...
✅ Elemento GerExecl carregado! (Tempo de processamento: 1.05s)
📥 Confirmando download na barra do Windows...
✅ Download confirmado com sucesso no SplitButton!
🧹 Barra de download fechada para limpar o foco.
🏷️ Nome dinâmico gerado: Revalle Juazeiro.csv
📂 Processando arquivo da rotina 01.20.01.47...
✅ Arquivo renomeado para: Revalle Juazeiro.csv
📁 Salvo em: T:\ATENDIMENTO\BEES DELIVERY\01.20.01.47

========================================
🔄 PROCESSANDO FILIAL [3/7]: Revalle Nordeste
========================================
🧹 Limpando alertas iniciais antes de interagir com a tela...
Não há mais pop-ups ou tempo limite para o alerta 1 atingido.

✅ Total de 0 pop-ups fechados.

📍 DEBUG 1: Resetando para a raiz da página (default_content)...
📍 default_content para ir para a raiz...
📍 Entrando no frame top_rotina...
⚠️ Erro ao capturar HTML do select: Message: Error executing JavaScript

📍 Filial atual no dropdown antes da troca: '156.0001 - REVALLE - JUAZEIRO'
⚡ Tentando selecionar o índice 2 via JavaScript...
✅ Sucesso! Recarregamento de página detectado após o JS.
⏳ Vigiando ativamente a tela aguardando os pop-ups da troca...
🚨 Primeiro alerta detectado pelo Guarda-Costas! Iniciando limpeza...
Alerta 1 encontrado: 'O dia 15 de cada mes é o prazo LIMITE para a REORGANIZAÇÃO, após esse prazo o sistema ficara INOPERANTE, portanto, sabendo como proceder execute-a, e em caso de dúvida contate o suporte.'

Alerta 1 fechado com sucesso!

Alerta 2 encontrado: 'Fechamento Financeiro não realizado há  21 dias'

Alerta 2 fechado com sucesso!

Alerta 3 encontrado: 'Fechamento do Estoque não realizado há  21 dias'

Alerta 3 fechado com sucesso!

Não há mais pop-ups ou tempo limite para o alerta 4 atingido.

✅ Total de 3 pop-ups fechados.

🎯 Selecionando 'Numerica' no dropdown...
🎯 Selecionando 'Numerica' no dropdown via JS Legado IE...
🖱️ Clicando em Visualizar...
🚀 Relatório solicitado! Aguardando processamento e botão CSV...
⏳ Aguardando até 300s pelo elemento GerExecl...
✅ Elemento GerExecl carregado! (Tempo de processamento: 1.04s)
📥 Confirmando download na barra do Windows...
✅ Download confirmado com sucesso no SplitButton!
🧹 Barra de download fechada para limpar o foco.
🏷️ Nome dinâmico gerado: Revalle Nordeste.csv
📂 Processando arquivo da rotina 01.20.01.47...
✅ Arquivo renomeado para: Revalle Nordeste.csv
📁 Salvo em: T:\ATENDIMENTO\BEES DELIVERY\01.20.01.47

========================================
🔄 PROCESSANDO FILIAL [4/7]: Revalle Bonfim
========================================
🧹 Limpando alertas iniciais antes de interagir com a tela...
Não há mais pop-ups ou tempo limite para o alerta 1 atingido.

✅ Total de 0 pop-ups fechados.

📍 DEBUG 1: Resetando para a raiz da página (default_content)...
📍 default_content para ir para a raiz...
📍 Entrando no frame top_rotina...
⚠️ Erro ao capturar HTML do select: Message: Error executing JavaScript

📍 Filial atual no dropdown antes da troca: '156.0002 - REVALLE - NORDESTE'
⚡ Tentando selecionar o índice 3 via JavaScript...
✅ Sucesso! Recarregamento de página detectado após o JS.
⏳ Vigiando ativamente a tela aguardando os pop-ups da troca...
🚨 Primeiro alerta detectado pelo Guarda-Costas! Iniciando limpeza...
Alerta 1 encontrado: 'O dia 15 de cada mes é o prazo LIMITE para a REORGANIZAÇÃO, após esse prazo o sistema ficara INOPERANTE, portanto, sabendo como proceder execute-a, e em caso de dúvida contate o suporte.'

Alerta 1 fechado com sucesso!

Alerta 2 encontrado: 'Fechamento Financeiro não realizado há  21 dias'

Alerta 2 fechado com sucesso!

Alerta 3 encontrado: 'Fechamento do Estoque não realizado há  21 dias'

Alerta 3 fechado com sucesso!

Alerta 4 encontrado: 'Existem NFs a partir do dia 13/07/2026 com divergências.

Verificar no módulo 07.22.23-Rel. de Diverg. Promax x SEFAZ, proceder
a correção e executar a rotina 07.22.22-Verificação de Divergências.'

Alerta 4 fechado com sucesso!

✅ Total de 4 pop-ups fechados.

🎯 Selecionando 'Numerica' no dropdown...
🎯 Selecionando 'Numerica' no dropdown via JS Legado IE...
🖱️ Clicando em Visualizar...
🚀 Relatório solicitado! Aguardando processamento e botão CSV...
⏳ Aguardando até 300s pelo elemento GerExecl...
✅ Elemento GerExecl carregado! (Tempo de processamento: 1.05s)
📥 Confirmando download na barra do Windows...
✅ Download confirmado com sucesso no SplitButton!
🧹 Barra de download fechada para limpar o foco.
🏷️ Nome dinâmico gerado: Revalle Bonfim.csv
📂 Processando arquivo da rotina 01.20.01.47...
✅ Arquivo renomeado para: Revalle Bonfim.csv
📁 Salvo em: T:\ATENDIMENTO\BEES DELIVERY\01.20.01.47

========================================
🔄 PROCESSANDO FILIAL [5/7]: Revalle P Afonso
========================================
🧹 Limpando alertas iniciais antes de interagir com a tela...
Não há mais pop-ups ou tempo limite para o alerta 1 atingido.

✅ Total de 0 pop-ups fechados.

📍 DEBUG 1: Resetando para a raiz da página (default_content)...
📍 default_content para ir para a raiz...
📍 Entrando no frame top_rotina...
⚠️ Erro ao capturar HTML do select: Message: Error executing JavaScript

📍 Filial atual no dropdown antes da troca: '156.0003 - REVALLE - SR. BONFIM'
⚡ Tentando selecionar o índice 4 via JavaScript...
✅ Sucesso! Recarregamento de página detectado após o JS.
⏳ Vigiando ativamente a tela aguardando os pop-ups da troca...
🚨 Primeiro alerta detectado pelo Guarda-Costas! Iniciando limpeza...
Alerta 1 encontrado: 'O dia 15 de cada mes é o prazo LIMITE para a REORGANIZAÇÃO, após esse prazo o sistema ficara INOPERANTE, portanto, sabendo como proceder execute-a, e em caso de dúvida contate o suporte.'

Alerta 1 fechado com sucesso!

Alerta 2 encontrado: 'Fechamento Financeiro não realizado há  21 dias'

Alerta 2 fechado com sucesso!

Alerta 3 encontrado: 'Fechamento do Estoque não realizado há  21 dias'

Alerta 3 fechado com sucesso!

Não há mais pop-ups ou tempo limite para o alerta 4 atingido.

✅ Total de 3 pop-ups fechados.

🎯 Selecionando 'Numerica' no dropdown...
🎯 Selecionando 'Numerica' no dropdown via JS Legado IE...
🖱️ Clicando em Visualizar...
🚀 Relatório solicitado! Aguardando processamento e botão CSV...
⏳ Aguardando até 300s pelo elemento GerExecl...
✅ Elemento GerExecl carregado! (Tempo de processamento: 1.06s)
📥 Confirmando download na barra do Windows...
✅ Download confirmado com sucesso no SplitButton!
🧹 Barra de download fechada para limpar o foco.
🏷️ Nome dinâmico gerado: Revalle P Afonso.csv
📂 Processando arquivo da rotina 01.20.01.47...
✅ Arquivo renomeado para: Revalle P Afonso.csv
📁 Salvo em: T:\ATENDIMENTO\BEES DELIVERY\01.20.01.47

========================================
🔄 PROCESSANDO FILIAL [6/7]: Revalle Alagoinhas
========================================
🧹 Limpando alertas iniciais antes de interagir com a tela...
Não há mais pop-ups ou tempo limite para o alerta 1 atingido.

✅ Total de 0 pop-ups fechados.

📍 DEBUG 1: Resetando para a raiz da página (default_content)...
📍 default_content para ir para a raiz...
📍 Entrando no frame top_rotina...
⚠️ Erro ao capturar HTML do select: Message: Error executing JavaScript

📍 Filial atual no dropdown antes da troca: '304.0005 - REVALLE - P AFONSO'
⚡ Tentando selecionar o índice 5 via JavaScript...
✅ Sucesso! Recarregamento de página detectado após o JS.
⏳ Vigiando ativamente a tela aguardando os pop-ups da troca...
🚨 Primeiro alerta detectado pelo Guarda-Costas! Iniciando limpeza...
Alerta 1 encontrado: 'O dia 15 de cada mes é o prazo LIMITE para a REORGANIZAÇÃO, após esse prazo o sistema ficara INOPERANTE, portanto, sabendo como proceder execute-a, e em caso de dúvida contate o suporte.'

Alerta 1 fechado com sucesso!

Alerta 2 encontrado: 'Fechamento Financeiro não realizado há  21 dias'

Alerta 2 fechado com sucesso!

Alerta 3 encontrado: 'Fechamento do Estoque não realizado há  21 dias'

Alerta 3 fechado com sucesso!

Não há mais pop-ups ou tempo limite para o alerta 4 atingido.

✅ Total de 3 pop-ups fechados.

🎯 Selecionando 'Numerica' no dropdown...
🎯 Selecionando 'Numerica' no dropdown via JS Legado IE...
🖱️ Clicando em Visualizar...
🚀 Relatório solicitado! Aguardando processamento e botão CSV...
⏳ Aguardando até 300s pelo elemento GerExecl...
✅ Elemento GerExecl carregado! (Tempo de processamento: 1.05s)
📥 Confirmando download na barra do Windows...
✅ Download confirmado com sucesso no SplitButton!
🧹 Barra de download fechada para limpar o foco.
🏷️ Nome dinâmico gerado: Revalle Alagoinhas.csv
📂 Processando arquivo da rotina 01.20.01.47...
✅ Arquivo renomeado para: Revalle Alagoinhas.csv
📁 Salvo em: T:\ATENDIMENTO\BEES DELIVERY\01.20.01.47

========================================
🔄 PROCESSANDO FILIAL [7/7]: Revalle Serrinha
========================================
🧹 Limpando alertas iniciais antes de interagir com a tela...
Não há mais pop-ups ou tempo limite para o alerta 1 atingido.

✅ Total de 0 pop-ups fechados.

📍 DEBUG 1: Resetando para a raiz da página (default_content)...
📍 default_content para ir para a raiz...
📍 Entrando no frame top_rotina...
⚠️ Erro ao capturar HTML do select: Message: Error executing JavaScript

📍 Filial atual no dropdown antes da troca: '341.0006 - REVALLE - ALAGOINHAS'
⚡ Tentando selecionar o índice 6 via JavaScript...
✅ Sucesso! Recarregamento de página detectado após o JS.
⏳ Vigiando ativamente a tela aguardando os pop-ups da troca...
🚨 Primeiro alerta detectado pelo Guarda-Costas! Iniciando limpeza...
Alerta 1 encontrado: 'O dia 15 de cada mes é o prazo LIMITE para a REORGANIZAÇÃO, após esse prazo o sistema ficara INOPERANTE, portanto, sabendo como proceder execute-a, e em caso de dúvida contate o suporte.'

Alerta 1 fechado com sucesso!

Alerta 2 encontrado: 'Fechamento Financeiro não realizado há  21 dias'

Alerta 2 fechado com sucesso!

Alerta 3 encontrado: 'Fechamento do Estoque não realizado há  21 dias'

Alerta 3 fechado com sucesso!

Não há mais pop-ups ou tempo limite para o alerta 4 atingido.

✅ Total de 3 pop-ups fechados.

🎯 Selecionando 'Numerica' no dropdown...
🎯 Selecionando 'Numerica' no dropdown via JS Legado IE...
🖱️ Clicando em Visualizar...
🚀 Relatório solicitado! Aguardando processamento e botão CSV...
⏳ Aguardando até 300s pelo elemento GerExecl...
✅ Elemento GerExecl carregado! (Tempo de processamento: 1.05s)
📥 Confirmando download na barra do Windows...
✅ Download confirmado com sucesso no SplitButton!
🧹 Barra de download fechada para limpar o foco.
🏷️ Nome dinâmico gerado: Revalle Serrinha.csv
📂 Processando arquivo da rotina 01.20.01.47...
✅ Arquivo renomeado para: Revalle Serrinha.csv
📁 Salvo em: T:\ATENDIMENTO\BEES DELIVERY\01.20.01.47

🏁 Todas as revendas da rotina 01200147 foram processadas com sucesso!

🧹 Iniciando faxina de janelas secundárias...
❌ Fechando janela: Motoristas [pizolitto - pizolitt]
✨ Ambiente limpo e pronto para a próxima!
✅ Rotina {'031120': <function executar at 0x000002289C98E020>, '030224': <function executar at 0x000002289EF70FE0>, '01200147': <function executar at 0x000002289C98DF80>, '03014701': <function executar at 0x000002289EF714E0>, '030237': <function executar at 0x000002289EF71260>, '0105070402': <function executar at 0x000002289EF71C60>} finalizada!
------------------------------


🔍------------------------------
Buscando lógica para: 0105070402
🔄 Retornamos para a janela principal (Menu) registrada: e0ccffe8-b73a-4295-aef9-340beb1e2772
⚠️ Erro ao focar na janela do menu principal: There are 2 elements that match the criteria {'title_re': '.*PromaxWEB.*', 'backend': 'win32', 'visible_only': False}
🎯 Rotina 0105070402 localizada! Iniciando processamento em lote...

🚀 Iniciando execução da Rotina 0105070402...
Retornando ao frame de comandos...
📂 Entrando no IframeMenu...
⌨️ Inserindo a rotina: 0105070402
⏳ Aguardando carregamento da rotina...
🔀 Mudamos para a nova janela: Relatório do Cliente +
🎯 Foco da nova janela da rotina restaurado via win32!

========================================
🔄 PROCESSANDO FILIAL [1/7]: Beira Rio
========================================
📍 Abrindo painel modal de unidades via Chave Mestra (JS)...
⏳ Aguardando o modal renderizar...
📍 Buscando a filial 'BEIRA RIO' na lista...
✅ Filial BEIRA RIO selecionada no modal!
⏳ Aguardando a página recarregar a árvore de opções após a troca...
🎯 Buscando a caixa de seleção 'Todos' na árvore de Preferências...
✅ Opção 'Todos' selecionada com sucesso!
🖱️ Clicando em Gerar CSV...
⏳ Aguardando o servidor processar e gerar o CSV...
✅ Sucesso! Promax avisou: 'CSV gerado com Sucesso!'
📥 Confirmando download na barra do Windows...
✅ Download confirmado com sucesso no SplitButton!
🧹 Barra de download fechada para limpar o foco.
🏷️ Nome dinâmico gerado: Beira Rio.csv
📂 Processando arquivo da rotina PY...
✅ Arquivo renomeado para: Beira Rio.csv
📁 Salvo em: T:\ATENDIMENTO\BEES DELIVERY\01.05.07.04.02

========================================
🔄 PROCESSANDO FILIAL [2/7]: Revalle Juazeiro
========================================
📍 Abrindo painel modal de unidades via Chave Mestra (JS)...
⏳ Aguardando o modal renderizar...
📍 Buscando a filial 'JUAZEIRO' na lista...
✅ Filial JUAZEIRO selecionada no modal!
⏳ Aguardando a página recarregar a árvore de opções após a troca...
🎯 Buscando a caixa de seleção 'Todos' na árvore de Preferências...
✅ Opção 'Todos' selecionada com sucesso!
🖱️ Clicando em Gerar CSV...
⏳ Aguardando o servidor processar e gerar o CSV...
✅ Sucesso! Promax avisou: 'CSV gerado com Sucesso!'
📥 Confirmando download na barra do Windows...
✅ Download confirmado com sucesso no SplitButton!
🧹 Barra de download fechada para limpar o foco.
🏷️ Nome dinâmico gerado: Revalle Juazeiro.csv
📂 Processando arquivo da rotina PY...
✅ Arquivo renomeado para: Revalle Juazeiro.csv
📁 Salvo em: T:\ATENDIMENTO\BEES DELIVERY\01.05.07.04.02

========================================
🔄 PROCESSANDO FILIAL [3/7]: Revalle Nordeste
========================================
📍 Abrindo painel modal de unidades via Chave Mestra (JS)...
⏳ Aguardando o modal renderizar...
📍 Buscando a filial 'NORDESTE' na lista...
✅ Filial NORDESTE selecionada no modal!
⏳ Aguardando a página recarregar a árvore de opções após a troca...
🎯 Buscando a caixa de seleção 'Todos' na árvore de Preferências...
✅ Opção 'Todos' selecionada com sucesso!
🖱️ Clicando em Gerar CSV...
⏳ Aguardando o servidor processar e gerar o CSV...
✅ Sucesso! Promax avisou: 'CSV gerado com Sucesso!'
📥 Confirmando download na barra do Windows...
✅ Download confirmado com sucesso no SplitButton!
🧹 Barra de download fechada para limpar o foco.
🏷️ Nome dinâmico gerado: Revalle Nordeste.csv
📂 Processando arquivo da rotina PY...
✅ Arquivo renomeado para: Revalle Nordeste.csv
📁 Salvo em: T:\ATENDIMENTO\BEES DELIVERY\01.05.07.04.02

========================================
🔄 PROCESSANDO FILIAL [4/7]: Revalle Bonfim
========================================
📍 Abrindo painel modal de unidades via Chave Mestra (JS)...
⏳ Aguardando o modal renderizar...
📍 Buscando a filial 'BONFIM' na lista...
✅ Filial BONFIM selecionada no modal!
⏳ Aguardando a página recarregar a árvore de opções após a troca...
🎯 Buscando a caixa de seleção 'Todos' na árvore de Preferências...
✅ Opção 'Todos' selecionada com sucesso!
🖱️ Clicando em Gerar CSV...
⏳ Aguardando o servidor processar e gerar o CSV...
✅ Sucesso! Promax avisou: 'CSV gerado com Sucesso!'
📥 Confirmando download na barra do Windows...
✅ Download confirmado com sucesso no SplitButton!
🧹 Barra de download fechada para limpar o foco.
🏷️ Nome dinâmico gerado: Revalle Bonfim.csv
📂 Processando arquivo da rotina PY...
✅ Arquivo renomeado para: Revalle Bonfim.csv
📁 Salvo em: T:\ATENDIMENTO\BEES DELIVERY\01.05.07.04.02

========================================
🔄 PROCESSANDO FILIAL [5/7]: Revalle P Afonso
========================================
📍 Abrindo painel modal de unidades via Chave Mestra (JS)...
⏳ Aguardando o modal renderizar...
📍 Buscando a filial 'P AFONSO' na lista...
✅ Filial P AFONSO selecionada no modal!
⏳ Aguardando a página recarregar a árvore de opções após a troca...
🎯 Buscando a caixa de seleção 'Todos' na árvore de Preferências...
✅ Opção 'Todos' selecionada com sucesso!
🖱️ Clicando em Gerar CSV...
⏳ Aguardando o servidor processar e gerar o CSV...
✅ Sucesso! Promax avisou: 'CSV gerado com Sucesso!'
📥 Confirmando download na barra do Windows...
✅ Download confirmado com sucesso no SplitButton!
🧹 Barra de download fechada para limpar o foco.
🏷️ Nome dinâmico gerado: Revalle P Afonso.csv
📂 Processando arquivo da rotina PY...
✅ Arquivo renomeado para: Revalle P Afonso.csv
📁 Salvo em: T:\ATENDIMENTO\BEES DELIVERY\01.05.07.04.02

========================================
🔄 PROCESSANDO FILIAL [6/7]: Revalle Alagoinhas
========================================
📍 Abrindo painel modal de unidades via Chave Mestra (JS)...
⏳ Aguardando o modal renderizar...
📍 Buscando a filial 'ALAGOINHAS' na lista...
✅ Filial ALAGOINHAS selecionada no modal!
⏳ Aguardando a página recarregar a árvore de opções após a troca...
🎯 Buscando a caixa de seleção 'Todos' na árvore de Preferências...
✅ Opção 'Todos' selecionada com sucesso!
🖱️ Clicando em Gerar CSV...
⏳ Aguardando o servidor processar e gerar o CSV...
✅ Sucesso! Promax avisou: 'CSV gerado com Sucesso!'
📥 Confirmando download na barra do Windows...
✅ Download confirmado com sucesso no SplitButton!
🧹 Barra de download fechada para limpar o foco.
🏷️ Nome dinâmico gerado: Revalle Alagoinhas.csv
📂 Processando arquivo da rotina PY...
✅ Arquivo renomeado para: Revalle Alagoinhas.csv
📁 Salvo em: T:\ATENDIMENTO\BEES DELIVERY\01.05.07.04.02

========================================
🔄 PROCESSANDO FILIAL [7/7]: Revalle Serrinha
========================================
📍 Abrindo painel modal de unidades via Chave Mestra (JS)...
⏳ Aguardando o modal renderizar...
📍 Buscando a filial 'SERRINHA' na lista...
✅ Filial SERRINHA selecionada no modal!
⏳ Aguardando a página recarregar a árvore de opções após a troca...
🎯 Buscando a caixa de seleção 'Todos' na árvore de Preferências...
✅ Opção 'Todos' selecionada com sucesso!
🖱️ Clicando em Gerar CSV...
⏳ Aguardando o servidor processar e gerar o CSV...
✅ Sucesso! Promax avisou: 'CSV gerado com Sucesso!'
📥 Confirmando download na barra do Windows...
✅ Download confirmado com sucesso no SplitButton!
🧹 Barra de download fechada para limpar o foco.
🏷️ Nome dinâmico gerado: Revalle Serrinha.csv
📂 Processando arquivo da rotina PY...
✅ Arquivo renomeado para: Revalle Serrinha.csv
📁 Salvo em: T:\ATENDIMENTO\BEES DELIVERY\01.05.07.04.02

🏁 Todas as revendas da rotina 0105070402 foram processadas com sucesso!

🧹 Iniciando faxina de janelas secundárias...
❌ Fechando janela: Relatório do Cliente +
✨ Ambiente limpo e pronto para a próxima!
✅ Rotina {'031120': <function executar at 0x000002289C98E020>, '030224': <function executar at 0x000002289EF70FE0>, '01200147': <function executar at 0x000002289C98DF80>, '03014701': <function executar at 0x000002289EF714E0>, '030237': <function executar at 0x000002289EF71260>, '0105070402': <function executar at 0x000002289EF71C60>} finalizada!
------------------------------


🔍------------------------------
Buscando lógica para: 03014701
🔄 Retornamos para a janela principal (Menu) registrada: e0ccffe8-b73a-4295-aef9-340beb1e2772
⚠️ Erro ao focar na janela do menu principal: There are 2 elements that match the criteria {'title_re': '.*PromaxWEB.*', 'backend': 'win32', 'visible_only': False}
🎯 Rotina 03014701 localizada! Iniciando processamento em lote...

🚀 Iniciando execução da Rotina 03014701...
Retornando ao frame de comandos...
📂 Entrando no IframeMenu...
⌨️ Inserindo a rotina: 03014701
Procurando campo atalho...
⏳ Aguardando carregamento da rotina...
🔀 Mudamos para a nova janela: Rel. Apuração CDP [pizolitto - pizolitt]
🎯 Foco da nova janela da rotina restaurado via win32!

========================================
🔄 PROCESSANDO FILIAL [1/7]: Beira Rio
========================================
🧹 Limpando alertas iniciais antes de interagir com a tela...
Não há mais pop-ups ou tempo limite para o alerta 1 atingido.

✅ Total de 0 pop-ups fechados.

📍 DEBUG 1: Resetando para a raiz da página (default_content)...
📍 default_content para ir para a raiz...
📍 Entrando no frame top_rotina...
⚠️ Erro ao capturar HTML do select: Message: Error executing JavaScript

📍 Filial atual no dropdown antes da troca: '156.0001 - REVALLE - JUAZEIRO'
⚡ Tentando selecionar o índice 0 via JavaScript...
✅ Sucesso! Recarregamento de página detectado após o JS.
⏳ Vigiando ativamente a tela aguardando os pop-ups da troca...
🚨 Primeiro alerta detectado pelo Guarda-Costas! Iniciando limpeza...
Alerta 1 encontrado: 'Fechamento Financeiro não realizado há  21 dias'

Alerta 1 fechado com sucesso!

Alerta 2 encontrado: 'Fechamento do Estoque não realizado há  21 dias'

Alerta 2 fechado com sucesso!

Não há mais pop-ups ou tempo limite para o alerta 3 atingido.

✅ Total de 2 pop-ups fechados.

🎯 Selecionando 'Geral' no dropdown...
🎯 Selecionando 'Geral' no dropdown via JS Legado IE...
📅 Preenchendo datas...
🖱️ Clicando em Visualizar...
🚀 Relatório solicitado! Aguardando processamento e botão CSV...
📥 Confirmando download na barra do Windows...
✅ Download confirmado com sucesso no SplitButton!
🧹 Barra de download fechada para limpar o foco.
🏷️ Nome dinâmico gerado: Beira Rio.07.2026.csv
📂 Processando arquivo da rotina 03.01.47...
✅ Arquivo renomeado para: Beira Rio.07.2026.csv
📁 Salvo em: C:\Users\usuario\Desktop\Promax\promax\downloads
🔄 Arquivo antigo removido da rede. Substituindo...
✅ Arquivo movido com sucesso para: T:\ATENDIMENTO\NÍVEL DE SERVIÇO\03.01.47.01\Beira Rio\2026

========================================
🔄 PROCESSANDO FILIAL [2/7]: Revalle Juazeiro
========================================
🧹 Limpando alertas iniciais antes de interagir com a tela...
Não há mais pop-ups ou tempo limite para o alerta 1 atingido.

✅ Total de 0 pop-ups fechados.

📍 DEBUG 1: Resetando para a raiz da página (default_content)...
📍 default_content para ir para a raiz...
📍 Entrando no frame top_rotina...
⚠️ Erro ao capturar HTML do select: Message: Error executing JavaScript

📍 Filial atual no dropdown antes da troca: '145.0004 - BEIRA RIO'
⚡ Tentando selecionar o índice 1 via JavaScript...
✅ Sucesso! Recarregamento de página detectado após o JS.
⏳ Vigiando ativamente a tela aguardando os pop-ups da troca...
🚨 Primeiro alerta detectado pelo Guarda-Costas! Iniciando limpeza...
Alerta 1 encontrado: 'O dia 15 de cada mes é o prazo LIMITE para a REORGANIZAÇÃO, após esse prazo o sistema ficara INOPERANTE, portanto, sabendo como proceder execute-a, e em caso de dúvida contate o suporte.'

Alerta 1 fechado com sucesso!

Alerta 2 encontrado: 'Fechamento Financeiro não realizado há  21 dias'

Alerta 2 fechado com sucesso!

Alerta 3 encontrado: 'Fechamento do Estoque não realizado há  21 dias'

Alerta 3 fechado com sucesso!

Alerta 4 encontrado: 'Existem NFs a partir do dia 18/07/2026 com divergências.

Verificar no módulo 07.22.23-Rel. de Diverg. Promax x SEFAZ, proceder
a correção e executar a rotina 07.22.22-Verificação de Divergências.'

Alerta 4 fechado com sucesso!

✅ Total de 4 pop-ups fechados.

🎯 Selecionando 'Geral' no dropdown...
🎯 Selecionando 'Geral' no dropdown via JS Legado IE...
📅 Preenchendo datas...
🖱️ Clicando em Visualizar...
🚀 Relatório solicitado! Aguardando processamento e botão CSV...
📥 Confirmando download na barra do Windows...
✅ Download confirmado com sucesso no SplitButton!
🧹 Barra de download fechada para limpar o foco.
🏷️ Nome dinâmico gerado: Revalle Juazeiro.07.2026.csv
📂 Processando arquivo da rotina 03.01.47...
✅ Arquivo renomeado para: Revalle Juazeiro.07.2026.csv
📁 Salvo em: C:\Users\usuario\Desktop\Promax\promax\downloads
🔄 Arquivo antigo removido da rede. Substituindo...
✅ Arquivo movido com sucesso para: T:\ATENDIMENTO\NÍVEL DE SERVIÇO\03.01.47.01\Revalle Juazeiro\2026

========================================
🔄 PROCESSANDO FILIAL [3/7]: Revalle Nordeste
========================================
🧹 Limpando alertas iniciais antes de interagir com a tela...
Não há mais pop-ups ou tempo limite para o alerta 1 atingido.

✅ Total de 0 pop-ups fechados.

📍 DEBUG 1: Resetando para a raiz da página (default_content)...
📍 default_content para ir para a raiz...
📍 Entrando no frame top_rotina...
⚠️ Erro ao capturar HTML do select: Message: Error executing JavaScript

📍 Filial atual no dropdown antes da troca: '156.0001 - REVALLE - JUAZEIRO'
⚡ Tentando selecionar o índice 2 via JavaScript...
✅ Sucesso! Recarregamento de página detectado após o JS.
⏳ Vigiando ativamente a tela aguardando os pop-ups da troca...
🚨 Primeiro alerta detectado pelo Guarda-Costas! Iniciando limpeza...
Alerta 1 encontrado: 'O dia 15 de cada mes é o prazo LIMITE para a REORGANIZAÇÃO, após esse prazo o sistema ficara INOPERANTE, portanto, sabendo como proceder execute-a, e em caso de dúvida contate o suporte.'

Alerta 1 fechado com sucesso!

Alerta 2 encontrado: 'Fechamento Financeiro não realizado há  21 dias'

Alerta 2 fechado com sucesso!

Alerta 3 encontrado: 'Fechamento do Estoque não realizado há  21 dias'

Alerta 3 fechado com sucesso!

Não há mais pop-ups ou tempo limite para o alerta 4 atingido.

✅ Total de 3 pop-ups fechados.

🎯 Selecionando 'Geral' no dropdown...
🎯 Selecionando 'Geral' no dropdown via JS Legado IE...
📅 Preenchendo datas...
🖱️ Clicando em Visualizar...
🚀 Relatório solicitado! Aguardando processamento e botão CSV...
📥 Confirmando download na barra do Windows...
✅ Download confirmado com sucesso no SplitButton!
🧹 Barra de download fechada para limpar o foco.
🏷️ Nome dinâmico gerado: Revalle Nordeste.07.2026.csv
📂 Processando arquivo da rotina 03.01.47...
✅ Arquivo renomeado para: Revalle Nordeste.07.2026.csv
📁 Salvo em: C:\Users\usuario\Desktop\Promax\promax\downloads
🔄 Arquivo antigo removido da rede. Substituindo...
✅ Arquivo movido com sucesso para: T:\ATENDIMENTO\NÍVEL DE SERVIÇO\03.01.47.01\Revalle Nordeste\2026

========================================
🔄 PROCESSANDO FILIAL [4/7]: Revalle Bonfim
========================================
🧹 Limpando alertas iniciais antes de interagir com a tela...
Não há mais pop-ups ou tempo limite para o alerta 1 atingido.

✅ Total de 0 pop-ups fechados.

📍 DEBUG 1: Resetando para a raiz da página (default_content)...
📍 default_content para ir para a raiz...
📍 Entrando no frame top_rotina...
⚠️ Erro ao capturar HTML do select: Message: Error executing JavaScript

📍 Filial atual no dropdown antes da troca: '156.0002 - REVALLE - NORDESTE'
⚡ Tentando selecionar o índice 3 via JavaScript...
✅ Sucesso! Recarregamento de página detectado após o JS.
⏳ Vigiando ativamente a tela aguardando os pop-ups da troca...
🚨 Primeiro alerta detectado pelo Guarda-Costas! Iniciando limpeza...
Alerta 1 encontrado: 'O dia 15 de cada mes é o prazo LIMITE para a REORGANIZAÇÃO, após esse prazo o sistema ficara INOPERANTE, portanto, sabendo como proceder execute-a, e em caso de dúvida contate o suporte.'

Alerta 1 fechado com sucesso!

Alerta 2 encontrado: 'Fechamento Financeiro não realizado há  21 dias'

Alerta 2 fechado com sucesso!

Alerta 3 encontrado: 'Fechamento do Estoque não realizado há  21 dias'

Alerta 3 fechado com sucesso!

Alerta 4 encontrado: 'Existem NFs a partir do dia 13/07/2026 com divergências.

Verificar no módulo 07.22.23-Rel. de Diverg. Promax x SEFAZ, proceder
a correção e executar a rotina 07.22.22-Verificação de Divergências.'

Alerta 4 fechado com sucesso!

✅ Total de 4 pop-ups fechados.

🎯 Selecionando 'Geral' no dropdown...
🎯 Selecionando 'Geral' no dropdown via JS Legado IE...
📅 Preenchendo datas...
🖱️ Clicando em Visualizar...
🚀 Relatório solicitado! Aguardando processamento e botão CSV...
📥 Confirmando download na barra do Windows...
✅ Download confirmado com sucesso no SplitButton!
🧹 Barra de download fechada para limpar o foco.
🏷️ Nome dinâmico gerado: Revalle Bonfim.07.2026.csv
📂 Processando arquivo da rotina 03.01.47...
✅ Arquivo renomeado para: Revalle Bonfim.07.2026.csv
📁 Salvo em: C:\Users\usuario\Desktop\Promax\promax\downloads
🔄 Arquivo antigo removido da rede. Substituindo...
✅ Arquivo movido com sucesso para: T:\ATENDIMENTO\NÍVEL DE SERVIÇO\03.01.47.01\Revalle Bonfim\2026

========================================
🔄 PROCESSANDO FILIAL [5/7]: Revalle P Afonso
========================================
🧹 Limpando alertas iniciais antes de interagir com a tela...
Não há mais pop-ups ou tempo limite para o alerta 1 atingido.

✅ Total de 0 pop-ups fechados.

📍 DEBUG 1: Resetando para a raiz da página (default_content)...
📍 default_content para ir para a raiz...
📍 Entrando no frame top_rotina...
⚠️ Erro ao capturar HTML do select: Message: Error executing JavaScript

📍 Filial atual no dropdown antes da troca: '156.0003 - REVALLE - SR. BONFIM'
⚡ Tentando selecionar o índice 4 via JavaScript...
✅ Sucesso! Recarregamento de página detectado após o JS.
⏳ Vigiando ativamente a tela aguardando os pop-ups da troca...
🚨 Primeiro alerta detectado pelo Guarda-Costas! Iniciando limpeza...
Alerta 1 encontrado: 'O dia 15 de cada mes é o prazo LIMITE para a REORGANIZAÇÃO, após esse prazo o sistema ficara INOPERANTE, portanto, sabendo como proceder execute-a, e em caso de dúvida contate o suporte.'

Alerta 1 fechado com sucesso!

Alerta 2 encontrado: 'Fechamento Financeiro não realizado há  21 dias'

Alerta 2 fechado com sucesso!

Alerta 3 encontrado: 'Fechamento do Estoque não realizado há  21 dias'

Alerta 3 fechado com sucesso!

Não há mais pop-ups ou tempo limite para o alerta 4 atingido.

✅ Total de 3 pop-ups fechados.

🎯 Selecionando 'Geral' no dropdown...
🎯 Selecionando 'Geral' no dropdown via JS Legado IE...
📅 Preenchendo datas...
🖱️ Clicando em Visualizar...
🚀 Relatório solicitado! Aguardando processamento e botão CSV...
📥 Confirmando download na barra do Windows...
✅ Download confirmado com sucesso no SplitButton!
🧹 Barra de download fechada para limpar o foco.
🏷️ Nome dinâmico gerado: Revalle P Afonso.07.2026.csv
📂 Processando arquivo da rotina 03.01.47...
✅ Arquivo renomeado para: Revalle P Afonso.07.2026.csv
📁 Salvo em: C:\Users\usuario\Desktop\Promax\promax\downloads
🔄 Arquivo antigo removido da rede. Substituindo...
✅ Arquivo movido com sucesso para: T:\ATENDIMENTO\NÍVEL DE SERVIÇO\03.01.47.01\Revalle P Afonso\2026

========================================
🔄 PROCESSANDO FILIAL [6/7]: Revalle Alagoinhas
========================================
🧹 Limpando alertas iniciais antes de interagir com a tela...
Não há mais pop-ups ou tempo limite para o alerta 1 atingido.

✅ Total de 0 pop-ups fechados.

📍 DEBUG 1: Resetando para a raiz da página (default_content)...
📍 default_content para ir para a raiz...
📍 Entrando no frame top_rotina...
⚠️ Erro ao capturar HTML do select: Message: Error executing JavaScript

📍 Filial atual no dropdown antes da troca: '304.0005 - REVALLE - P AFONSO'
⚡ Tentando selecionar o índice 5 via JavaScript...
✅ Sucesso! Recarregamento de página detectado após o JS.
⏳ Vigiando ativamente a tela aguardando os pop-ups da troca...
🚨 Primeiro alerta detectado pelo Guarda-Costas! Iniciando limpeza...
Alerta 1 encontrado: 'O dia 15 de cada mes é o prazo LIMITE para a REORGANIZAÇÃO, após esse prazo o sistema ficara INOPERANTE, portanto, sabendo como proceder execute-a, e em caso de dúvida contate o suporte.'

Alerta 1 fechado com sucesso!

Alerta 2 encontrado: 'Fechamento Financeiro não realizado há  21 dias'

Alerta 2 fechado com sucesso!

Alerta 3 encontrado: 'Fechamento do Estoque não realizado há  21 dias'

Alerta 3 fechado com sucesso!

Não há mais pop-ups ou tempo limite para o alerta 4 atingido.

✅ Total de 3 pop-ups fechados.

🎯 Selecionando 'Geral' no dropdown...
🎯 Selecionando 'Geral' no dropdown via JS Legado IE...
📅 Preenchendo datas...
🖱️ Clicando em Visualizar...
🚀 Relatório solicitado! Aguardando processamento e botão CSV...
📥 Confirmando download na barra do Windows...
✅ Download confirmado com sucesso no SplitButton!
🧹 Barra de download fechada para limpar o foco.
🏷️ Nome dinâmico gerado: Revalle Alagoinhas.07.2026.csv
📂 Processando arquivo da rotina 03.01.47...
✅ Arquivo renomeado para: Revalle Alagoinhas.07.2026.csv
📁 Salvo em: C:\Users\usuario\Desktop\Promax\promax\downloads
🔄 Arquivo antigo removido da rede. Substituindo...
✅ Arquivo movido com sucesso para: T:\ATENDIMENTO\NÍVEL DE SERVIÇO\03.01.47.01\Revalle Alagoinhas\2026

========================================
🔄 PROCESSANDO FILIAL [7/7]: Revalle Serrinha
========================================
🧹 Limpando alertas iniciais antes de interagir com a tela...
Não há mais pop-ups ou tempo limite para o alerta 1 atingido.

✅ Total de 0 pop-ups fechados.

📍 DEBUG 1: Resetando para a raiz da página (default_content)...
📍 default_content para ir para a raiz...
📍 Entrando no frame top_rotina...
⚠️ Erro ao capturar HTML do select: Message: Error executing JavaScript

📍 Filial atual no dropdown antes da troca: '341.0006 - REVALLE - ALAGOINHAS'
⚡ Tentando selecionar o índice 6 via JavaScript...
✅ Sucesso! Recarregamento de página detectado após o JS.
⏳ Vigiando ativamente a tela aguardando os pop-ups da troca...
🚨 Primeiro alerta detectado pelo Guarda-Costas! Iniciando limpeza...
Alerta 1 encontrado: 'O dia 15 de cada mes é o prazo LIMITE para a REORGANIZAÇÃO, após esse prazo o sistema ficara INOPERANTE, portanto, sabendo como proceder execute-a, e em caso de dúvida contate o suporte.'

Alerta 1 fechado com sucesso!

Alerta 2 encontrado: 'Fechamento Financeiro não realizado há  21 dias'

Alerta 2 fechado com sucesso!

Alerta 3 encontrado: 'Fechamento do Estoque não realizado há  21 dias'

Alerta 3 fechado com sucesso!

Não há mais pop-ups ou tempo limite para o alerta 4 atingido.

✅ Total de 3 pop-ups fechados.

🎯 Selecionando 'Geral' no dropdown...
🎯 Selecionando 'Geral' no dropdown via JS Legado IE...
📅 Preenchendo datas...
🖱️ Clicando em Visualizar...
🚀 Relatório solicitado! Aguardando processamento e botão CSV...
📥 Confirmando download na barra do Windows...
✅ Download confirmado com sucesso no SplitButton!
🧹 Barra de download fechada para limpar o foco.
🏷️ Nome dinâmico gerado: Revalle Serrinha.07.2026.csv
📂 Processando arquivo da rotina 03.01.47...
✅ Arquivo renomeado para: Revalle Serrinha.07.2026.csv
📁 Salvo em: C:\Users\usuario\Desktop\Promax\promax\downloads
🔄 Arquivo antigo removido da rede. Substituindo...
✅ Arquivo movido com sucesso para: T:\ATENDIMENTO\NÍVEL DE SERVIÇO\03.01.47.01\Revalle Serrinha\2026

🏁 Todas as revendas da rotina 03014701 foram processadas com sucesso!

🧹 Iniciando faxina de janelas secundárias...
❌ Fechando janela: Rel. Apuração CDP [pizolitto - pizolitt]
✨ Ambiente limpo e pronto para a próxima!
✅ Rotina {'031120': <function executar at 0x000002289C98E020>, '030224': <function executar at 0x000002289EF70FE0>, '01200147': <function executar at 0x000002289C98DF80>, '03014701': <function executar at 0x000002289EF714E0>, '030237': <function executar at 0x000002289EF71260>, '0105070402': <function executar at 0x000002289EF71C60>} finalizada!
------------------------------


🔍------------------------------
Buscando lógica para: 030237
🔄 Retornamos para a janela principal (Menu) registrada: e0ccffe8-b73a-4295-aef9-340beb1e2772
⚠️ Erro ao focar na janela do menu principal: There are 2 elements that match the criteria {'title_re': '.*PromaxWEB.*', 'backend': 'win32', 'visible_only': False}
🎯 Rotina 030237 localizada! Iniciando processamento em lote...
Retornando ao frame de comandos...
📂 Entrando no IframeMenu...
⌨️ Inserindo a rotina: 030237
Procurando campo atalho...
⏳ Aguardando carregamento da rotina...
🔀 Mudamos para a nova janela: Rel. Notas Fiscais Plus [pizolitto - pizolitt]
🎯 Foco da nova janela da rotina restaurado via win32!

========================================
🔄 PROCESSANDO FILIAL [1/7]: Beira Rio
========================================
🧹 Limpando alertas iniciais antes de interagir com a tela...
Não há mais pop-ups ou tempo limite para o alerta 1 atingido.

✅ Total de 0 pop-ups fechados.

📍 DEBUG 1: Resetando para a raiz da página (default_content)...
📍 default_content para ir para a raiz...
📍 Entrando no frame top_rotina...
⚠️ Erro ao capturar HTML do select: Message: Error executing JavaScript

📍 Filial atual no dropdown antes da troca: '156.0001 - REVALLE - JUAZEIRO'
⚡ Tentando selecionar o índice 0 via JavaScript...
✅ Sucesso! Recarregamento de página detectado após o JS.
⏳ Aguardando e fechando pop-ups de carregamento da troca...
🚨 Primeiro alerta detectado pelo Guarda-Costas! Iniciando limpeza...
Alerta 1 encontrado: 'Fechamento Financeiro não realizado há  21 dias'

Alerta 1 fechado com sucesso!

Alerta 2 encontrado: 'Fechamento do Estoque não realizado há  21 dias'

Alerta 2 fechado com sucesso!

Não há mais pop-ups ou tempo limite para o alerta 3 atingido.

✅ Total de 2 pop-ups fechados.

🎯 Preenchendo campos específicos da rotina...
🎯 Selecionando 'Operacao' no dropdown via JS Legado IE...
🎯 Selecionando 'Vendedor' no dropdown via JS Legado IE...
🎯 Selecionando 'Motorista' no dropdown via JS Legado IE...
🖱️ Clicando em Visualizar...
🚀 Relatório solicitado! Aguardando processamento e botão CSV...
⏳ Aguardando até 300s pelo elemento GerExecl...
💥 Janela 'Processando' detectada. Fechando Processando [00:27] - Perfil 1 — Microsoft​ Edge...
❌ Erro crítico ao processar a filial Beira Rio: Timeout aguardando GerExecl apos 300 segundos.
⏭️ Pulando para a próxima revenda da lista...

========================================
🔄 PROCESSANDO FILIAL [2/7]: Revalle Juazeiro
========================================
🧹 Limpando alertas iniciais antes de interagir com a tela...
Não há mais pop-ups ou tempo limite para o alerta 1 atingido.

✅ Total de 0 pop-ups fechados.

📍 DEBUG 1: Resetando para a raiz da página (default_content)...
📍 default_content para ir para a raiz...
📍 Entrando no frame top_rotina...
⚠️ Erro ao capturar HTML do select: Message: Error executing JavaScript

📍 Filial atual no dropdown antes da troca: '145.0004 - BEIRA RIO'
⚡ Tentando selecionar o índice 1 via JavaScript...
✅ Sucesso! Recarregamento de página detectado após o JS.
⏳ Aguardando e fechando pop-ups de carregamento da troca...
🚨 Primeiro alerta detectado pelo Guarda-Costas! Iniciando limpeza...
Alerta 1 encontrado: 'Fechamento Financeiro não realizado há  21 dias'

Alerta 1 fechado com sucesso!

Alerta 2 encontrado: 'Fechamento do Estoque não realizado há  21 dias'

Alerta 2 fechado com sucesso!

Alerta 3 encontrado: 'Existem NFs a partir do dia 18/07/2026 com divergências.

Verificar no módulo 07.22.23-Rel. de Diverg. Promax x SEFAZ, proceder
a correção e executar a rotina 07.22.22-Verificação de Divergências.'

Alerta 3 fechado com sucesso!

Não há mais pop-ups ou tempo limite para o alerta 4 atingido.

✅ Total de 3 pop-ups fechados.

🎯 Preenchendo campos específicos da rotina...
🎯 Selecionando 'Operacao' no dropdown via JS Legado IE...
🎯 Selecionando 'Vendedor' no dropdown via JS Legado IE...
🎯 Selecionando 'Motorista' no dropdown via JS Legado IE...
🖱️ Clicando em Visualizar...
🚀 Relatório solicitado! Aguardando processamento e botão CSV...
⏳ Aguardando até 300s pelo elemento GerExecl...
💥 Janela 'Processando' detectada. Fechando Processando [00:26] - Perfil 1 — Microsoft​ Edge...
❌ Erro crítico ao processar a filial Revalle Juazeiro: Timeout aguardando GerExecl apos 300 segundos.
⏭️ Pulando para a próxima revenda da lista...

========================================
🔄 PROCESSANDO FILIAL [3/7]: Revalle Nordeste
========================================
🧹 Limpando alertas iniciais antes de interagir com a tela...
Não há mais pop-ups ou tempo limite para o alerta 1 atingido.

✅ Total de 0 pop-ups fechados.

📍 DEBUG 1: Resetando para a raiz da página (default_content)...
📍 default_content para ir para a raiz...
📍 Entrando no frame top_rotina...
⚠️ Erro ao capturar HTML do select: Message: Error executing JavaScript

📍 Filial atual no dropdown antes da troca: '156.0001 - REVALLE - JUAZEIRO'
⚡ Tentando selecionar o índice 2 via JavaScript...
✅ Sucesso! Recarregamento de página detectado após o JS.
⏳ Aguardando e fechando pop-ups de carregamento da troca...
🚨 Primeiro alerta detectado pelo Guarda-Costas! Iniciando limpeza...
Alerta 1 encontrado: 'Fechamento Financeiro não realizado há  21 dias'

Alerta 1 fechado com sucesso!

Alerta 2 encontrado: 'Fechamento do Estoque não realizado há  21 dias'

Alerta 2 fechado com sucesso!

Não há mais pop-ups ou tempo limite para o alerta 3 atingido.

✅ Total de 2 pop-ups fechados.

🎯 Preenchendo campos específicos da rotina...
🎯 Selecionando 'Operacao' no dropdown via JS Legado IE...
🎯 Selecionando 'Vendedor' no dropdown via JS Legado IE...
🎯 Selecionando 'Motorista' no dropdown via JS Legado IE...
🖱️ Clicando em Visualizar...
🚀 Relatório solicitado! Aguardando processamento e botão CSV...
⏳ Aguardando até 300s pelo elemento GerExecl...
✅ Elemento GerExecl carregado! (Tempo de processamento: 16.49s)
📥 Confirmando download na barra do Windows...
✅ Download confirmado com sucesso no SplitButton!
🧹 Barra de download fechada para limpar o foco.
🏷️ Nome dinâmico gerado: Revalle Nordeste.07.2026.csv
📂 Processando arquivo da rotina 03.02.37...
✅ Arquivo renomeado para: Revalle Nordeste.07.2026.csv
📁 Salvo em: C:\Users\usuario\Desktop\Promax\promax\downloads

========================================
🔄 PROCESSANDO FILIAL [4/7]: Revalle Bonfim
========================================
🧹 Limpando alertas iniciais antes de interagir com a tela...
Não há mais pop-ups ou tempo limite para o alerta 1 atingido.

✅ Total de 0 pop-ups fechados.

📍 DEBUG 1: Resetando para a raiz da página (default_content)...
📍 default_content para ir para a raiz...
📍 Entrando no frame top_rotina...
⚠️ Erro ao capturar HTML do select: Message: Error executing JavaScript

📍 Filial atual no dropdown antes da troca: '156.0002 - REVALLE - NORDESTE'
⚡ Tentando selecionar o índice 3 via JavaScript...
✅ Sucesso! Recarregamento de página detectado após o JS.
⏳ Aguardando e fechando pop-ups de carregamento da troca...
🚨 Primeiro alerta detectado pelo Guarda-Costas! Iniciando limpeza...
Alerta 1 encontrado: 'O dia 15 de cada mes é o prazo LIMITE para a REORGANIZAÇÃO, após esse prazo o sistema ficara INOPERANTE, portanto, sabendo como proceder execute-a, e em caso de dúvida contate o suporte.'

Alerta 1 fechado com sucesso!

Alerta 2 encontrado: 'Fechamento Financeiro não realizado há  21 dias'

Alerta 2 fechado com sucesso!

Alerta 3 encontrado: 'Fechamento do Estoque não realizado há  21 dias'

Alerta 3 fechado com sucesso!

Alerta 4 encontrado: 'Existem NFs a partir do dia 13/07/2026 com divergências.

Verificar no módulo 07.22.23-Rel. de Diverg. Promax x SEFAZ, proceder
a correção e executar a rotina 07.22.22-Verificação de Divergências.'

Alerta 4 fechado com sucesso!

✅ Total de 4 pop-ups fechados.

🎯 Preenchendo campos específicos da rotina...
🎯 Selecionando 'Operacao' no dropdown via JS Legado IE...
🎯 Selecionando 'Vendedor' no dropdown via JS Legado IE...
🎯 Selecionando 'Motorista' no dropdown via JS Legado IE...
🖱️ Clicando em Visualizar...
🚀 Relatório solicitado! Aguardando processamento e botão CSV...
⏳ Aguardando até 300s pelo elemento GerExecl...
✅ Elemento GerExecl carregado! (Tempo de processamento: 7.62s)
📥 Confirmando download na barra do Windows...
✅ Download confirmado com sucesso no SplitButton!
🧹 Barra de download fechada para limpar o foco.
🏷️ Nome dinâmico gerado: Revalle Bonfim.07.2026.csv
📂 Processando arquivo da rotina 03.02.37...
✅ Arquivo renomeado para: Revalle Bonfim.07.2026.csv
📁 Salvo em: C:\Users\usuario\Desktop\Promax\promax\downloads

========================================
🔄 PROCESSANDO FILIAL [5/7]: Revalle P Afonso
========================================
🧹 Limpando alertas iniciais antes de interagir com a tela...
Não há mais pop-ups ou tempo limite para o alerta 1 atingido.

✅ Total de 0 pop-ups fechados.

📍 DEBUG 1: Resetando para a raiz da página (default_content)...
📍 default_content para ir para a raiz...
📍 Entrando no frame top_rotina...
⚠️ Erro ao capturar HTML do select: Message: Error executing JavaScript

📍 Filial atual no dropdown antes da troca: '156.0003 - REVALLE - SR. BONFIM'
⚡ Tentando selecionar o índice 4 via JavaScript...
✅ Sucesso! Recarregamento de página detectado após o JS.
⏳ Aguardando e fechando pop-ups de carregamento da troca...
🚨 Primeiro alerta detectado pelo Guarda-Costas! Iniciando limpeza...
Alerta 1 encontrado: 'O dia 15 de cada mes é o prazo LIMITE para a REORGANIZAÇÃO, após esse prazo o sistema ficara INOPERANTE, portanto, sabendo como proceder execute-a, e em caso de dúvida contate o suporte.'

Alerta 1 fechado com sucesso!

Alerta 2 encontrado: 'Fechamento Financeiro não realizado há  21 dias'

Alerta 2 fechado com sucesso!

Alerta 3 encontrado: 'Fechamento do Estoque não realizado há  21 dias'

Alerta 3 fechado com sucesso!

Não há mais pop-ups ou tempo limite para o alerta 4 atingido.

✅ Total de 3 pop-ups fechados.

🎯 Preenchendo campos específicos da rotina...
🎯 Selecionando 'Operacao' no dropdown via JS Legado IE...
🎯 Selecionando 'Vendedor' no dropdown via JS Legado IE...
🎯 Selecionando 'Motorista' no dropdown via JS Legado IE...
🖱️ Clicando em Visualizar...
🚀 Relatório solicitado! Aguardando processamento e botão CSV...
⏳ Aguardando até 300s pelo elemento GerExecl...
✅ Elemento GerExecl carregado! (Tempo de processamento: 7.63s)
📥 Confirmando download na barra do Windows...
✅ Download confirmado com sucesso no SplitButton!
🧹 Barra de download fechada para limpar o foco.
🏷️ Nome dinâmico gerado: Revalle P Afonso.07.2026.csv
📂 Processando arquivo da rotina 03.02.37...
✅ Arquivo renomeado para: Revalle P Afonso.07.2026.csv
📁 Salvo em: C:\Users\usuario\Desktop\Promax\promax\downloads

========================================
🔄 PROCESSANDO FILIAL [6/7]: Revalle Alagoinhas
========================================
🧹 Limpando alertas iniciais antes de interagir com a tela...
Não há mais pop-ups ou tempo limite para o alerta 1 atingido.

✅ Total de 0 pop-ups fechados.

📍 DEBUG 1: Resetando para a raiz da página (default_content)...
📍 default_content para ir para a raiz...
📍 Entrando no frame top_rotina...
⚠️ Erro ao capturar HTML do select: Message: Error executing JavaScript

📍 Filial atual no dropdown antes da troca: '304.0005 - REVALLE - P AFONSO'
⚡ Tentando selecionar o índice 5 via JavaScript...
✅ Sucesso! Recarregamento de página detectado após o JS.
⏳ Aguardando e fechando pop-ups de carregamento da troca...
🚨 Primeiro alerta detectado pelo Guarda-Costas! Iniciando limpeza...
Alerta 1 encontrado: 'O dia 15 de cada mes é o prazo LIMITE para a REORGANIZAÇÃO, após esse prazo o sistema ficara INOPERANTE, portanto, sabendo como proceder execute-a, e em caso de dúvida contate o suporte.'

Alerta 1 fechado com sucesso!

Alerta 2 encontrado: 'Fechamento Financeiro não realizado há  21 dias'

Alerta 2 fechado com sucesso!

Alerta 3 encontrado: 'Fechamento do Estoque não realizado há  21 dias'

Alerta 3 fechado com sucesso!

Não há mais pop-ups ou tempo limite para o alerta 4 atingido.

✅ Total de 3 pop-ups fechados.

🎯 Preenchendo campos específicos da rotina...
🎯 Selecionando 'Operacao' no dropdown via JS Legado IE...
🎯 Selecionando 'Vendedor' no dropdown via JS Legado IE...
🎯 Selecionando 'Motorista' no dropdown via JS Legado IE...
🖱️ Clicando em Visualizar...
🚀 Relatório solicitado! Aguardando processamento e botão CSV...
⏳ Aguardando até 300s pelo elemento GerExecl...
✅ Elemento GerExecl carregado! (Tempo de processamento: 10.89s)
📥 Confirmando download na barra do Windows...
✅ Download confirmado com sucesso no SplitButton!
🧹 Barra de download fechada para limpar o foco.
🏷️ Nome dinâmico gerado: Revalle Alagoinhas.07.2026.csv
📂 Processando arquivo da rotina 03.02.37...
✅ Arquivo renomeado para: Revalle Alagoinhas.07.2026.csv
📁 Salvo em: C:\Users\usuario\Desktop\Promax\promax\downloads

========================================
🔄 PROCESSANDO FILIAL [7/7]: Revalle Serrinha
========================================
🧹 Limpando alertas iniciais antes de interagir com a tela...
Não há mais pop-ups ou tempo limite para o alerta 1 atingido.

✅ Total de 0 pop-ups fechados.

📍 DEBUG 1: Resetando para a raiz da página (default_content)...
📍 default_content para ir para a raiz...
📍 Entrando no frame top_rotina...
⚠️ Erro ao capturar HTML do select: Message: Error executing JavaScript

📍 Filial atual no dropdown antes da troca: '341.0006 - REVALLE - ALAGOINHAS'
⚡ Tentando selecionar o índice 6 via JavaScript...
✅ Sucesso! Recarregamento de página detectado após o JS.
⏳ Aguardando e fechando pop-ups de carregamento da troca...
🚨 Primeiro alerta detectado pelo Guarda-Costas! Iniciando limpeza...
Alerta 1 encontrado: 'O dia 15 de cada mes é o prazo LIMITE para a REORGANIZAÇÃO, após esse prazo o sistema ficara INOPERANTE, portanto, sabendo como proceder execute-a, e em caso de dúvida contate o suporte.'

Alerta 1 fechado com sucesso!

Alerta 2 encontrado: 'Fechamento Financeiro não realizado há  21 dias'

Alerta 2 fechado com sucesso!

Alerta 3 encontrado: 'Fechamento do Estoque não realizado há  21 dias'

Alerta 3 fechado com sucesso!

Não há mais pop-ups ou tempo limite para o alerta 4 atingido.

✅ Total de 3 pop-ups fechados.

🎯 Preenchendo campos específicos da rotina...
🎯 Selecionando 'Operacao' no dropdown via JS Legado IE...
🎯 Selecionando 'Vendedor' no dropdown via JS Legado IE...
🎯 Selecionando 'Motorista' no dropdown via JS Legado IE...
🖱️ Clicando em Visualizar...
🚀 Relatório solicitado! Aguardando processamento e botão CSV...
⏳ Aguardando até 300s pelo elemento GerExecl...
✅ Elemento GerExecl carregado! (Tempo de processamento: 14.17s)
📥 Confirmando download na barra do Windows...
✅ Download confirmado com sucesso no SplitButton!
🧹 Barra de download fechada para limpar o foco.
🏷️ Nome dinâmico gerado: Revalle Serrinha.07.2026.csv
📂 Processando arquivo da rotina 03.02.37...
✅ Arquivo renomeado para: Revalle Serrinha.07.2026.csv
📁 Salvo em: C:\Users\usuario\Desktop\Promax\promax\downloads

🏁 Todas as revendas da rotina 030237 foram processadas com sucesso!

🧹 Iniciando faxina de janelas secundárias...
❌ Fechando janela: Rel. Notas Fiscais Plus [pizolitto - pizolitt]
✨ Ambiente limpo e pronto para a próxima!
✅ Rotina {'031120': <function executar at 0x000002289C98E020>, '030224': <function executar at 0x000002289EF70FE0>, '01200147': <function executar at 0x000002289C98DF80>, '03014701': <function executar at 0x000002289EF714E0>, '030237': <function executar at 0x000002289EF71260>, '0105070402': <function executar at 0x000002289EF71C60>} finalizada!
------------------------------


🏆 Todas as rotinas solicitadas foram processadas!

==================================================
👋 Fechando navegador e limpando sessão...

Deseja subir as execuções/relatórios para o GitHub? (s/n): 📦 Preparando arquivos para o commit...
🚀 Enviando para o GitHub (branch atual)...
✅ Atualização enviada com sucesso!
