
==================================================
🚀 INICIANDO PROCESSO DE LOGIN PROMAX
==================================================
🧹 Limpando processos antigos (IEDriverServer e Internet Explorer) do Windows...
⚙️ Configurando IE para baixar em: c:\Users\usuario\Desktop\Promax\promax - v2\downloads
✅ Registro atualizado com sucesso!
🌐 Abrindo navegador Internet Explorer...
📥 Acessando a URL do sistema...
🔑 Identificando frames e preenchendo credenciais...
✅ Login efetuado com sucesso!
✅ Nenhum aviso de senha. Seguindo para o sistema...
🏢 Selecionando unidade de revenda...
📍 Unidade confirmada!
🧹 Chamando assistente para fechar pop-ups...
Alerta 1 encontrado: 'O dia 15 de cada mes é o prazo LIMITE para a REORGANIZAÇÃO, após esse prazo o sistema ficara INOPERANTE, portanto, sabendo como proceder execute-a, e em caso de dúvida contate o suporte.'

Alerta 1 fechado com sucesso!

Alerta 2 encontrado: 'Fechamento Financeiro não realizado há  14 dias'

Alerta 2 fechado com sucesso!

Alerta 3 encontrado: 'Fechamento do Estoque não realizado há  14 dias'

Alerta 3 fechado com sucesso!

Não há mais pop-ups ou tempo limite para o alerta 4 atingido.

✅ Total de 3 pop-ups fechados.

✨ Varredura de alertas concluída.

--------------------------------------------------
🎯 INICIANDO EXECUÇÃO DAS ROTINAS
--------------------------------------------------

🔍------------------------------
Buscando lógica para: 031120
🔒 Janela principal (Menu) registrada com handle: da860582-0c8b-4b08-9b21-62d81982c819
⚠️ Erro ao focar na janela do menu principal: There are 2 elements that match the criteria {'title_re': '.*PromaxWEB.*', 'backend': 'win32', 'visible_only': False}
🎯 Rotina 031120 localizada! Iniciando processamento em lote...

🚀 Iniciando execução da Rotina 031120...
Retornando ao frame de comandos...
📂 Entrando no IframeMenu...
⌨️ Inserindo a rotina: 031120
Procurando campo atalho...
⏳ Aguardando carregamento da rotina...
🔀 Mudamos para a nova janela: Planilha de Acompanhamento [pizolitto - pizolitt]
🎯 Foco da nova janela da rotina restaurado via win32!

========================================
🔄 PROCESSANDO FILIAL [1/7]: Beira Rio
========================================
🧹 Limpando alertas iniciais antes de interagir com a tela...
Não há mais pop-ups ou tempo limite para o alerta 1 atingido.

✅ Total de 0 pop-ups fechados.

📍 DEBUG 1: Resetando para a raiz da página (default_content)...
📍 default_content para ir para a raiz...
📍 Entrando no frame top_rotina...
⚠️ Erro ao capturar HTML do select: Message: Error executing JavaScript

📍 Filial atual no dropdown antes da troca: '156.0001 - REVALLE - JUAZEIRO'
⚡ Tentando selecionar o índice 0 via JavaScript...
✅ Sucesso! Recarregamento de página detectado após o JS.
⏳ Vigiando ativamente a tela aguardando os pop-ups da troca...
🚨 Primeiro alerta detectado pelo Guarda-Costas! Iniciando limpeza...
Alerta 1 encontrado: 'Fechamento Financeiro não realizado há  14 dias'

Alerta 1 fechado com sucesso!

Alerta 2 encontrado: 'Fechamento do Estoque não realizado há  14 dias'

Alerta 2 fechado com sucesso!

Não há mais pop-ups ou tempo limite para o alerta 3 atingido.

✅ Total de 2 pop-ups fechados.

🎯 Selecionando 'Mapa' no dropdown...
🎯 Selecionando 'Mapa' no dropdown via JS Legado IE...
📅 Preenchendo datas: 01/07/2026 até 14/07/2026
🖱️ Clicando em Visualizar...
🚀 Relatório solicitado! Aguardando processamento e botão CSV...
⏳ Aguardando até 300s pelo elemento GerExecl...
✅ Elemento GerExecl carregado! (Tempo de processamento: 1.06s)
📥 Confirmando download na barra do Windows...
✅ Download confirmado com sucesso no SplitButton!
🧹 Barra de download fechada para limpar o foco.
🏷️ Nome dinâmico gerado: Beira Rio.07.2026.csv
📁 Movendo para a pasta: T:\ATENDIMENTO\BEES DELIVERY\03.11.20\Beira Rio\2026
📂 Processando arquivo da rotina 03.11.20...
✅ Arquivo renomeado para: Beira Rio.07.2026.csv
📁 Salvo em: T:\ATENDIMENTO\BEES DELIVERY\03.11.20\Beira Rio\2026

========================================
🔄 PROCESSANDO FILIAL [2/7]: Revalle Juazeiro
========================================
🧹 Limpando alertas iniciais antes de interagir com a tela...
Não há mais pop-ups ou tempo limite para o alerta 1 atingido.

✅ Total de 0 pop-ups fechados.

📍 DEBUG 1: Resetando para a raiz da página (default_content)...
📍 default_content para ir para a raiz...
📍 Entrando no frame top_rotina...
⚠️ Erro ao capturar HTML do select: Message: Error executing JavaScript

📍 Filial atual no dropdown antes da troca: '145.0004 - BEIRA RIO'
⚡ Tentando selecionar o índice 1 via JavaScript...
✅ Sucesso! Recarregamento de página detectado após o JS.
⏳ Vigiando ativamente a tela aguardando os pop-ups da troca...
🚨 Primeiro alerta detectado pelo Guarda-Costas! Iniciando limpeza...
Alerta 1 encontrado: 'O dia 15 de cada mes é o prazo LIMITE para a REORGANIZAÇÃO, após esse prazo o sistema ficara INOPERANTE, portanto, sabendo como proceder execute-a, e em caso de dúvida contate o suporte.'

Alerta 1 fechado com sucesso!

Alerta 2 encontrado: 'Fechamento Financeiro não realizado há  14 dias'

Alerta 2 fechado com sucesso!

Alerta 3 encontrado: 'Fechamento do Estoque não realizado há  14 dias'

Alerta 3 fechado com sucesso!

Não há mais pop-ups ou tempo limite para o alerta 4 atingido.

✅ Total de 3 pop-ups fechados.

🎯 Selecionando 'Mapa' no dropdown...
🎯 Selecionando 'Mapa' no dropdown via JS Legado IE...
📅 Preenchendo datas: 01/07/2026 até 14/07/2026
🖱️ Clicando em Visualizar...
🚀 Relatório solicitado! Aguardando processamento e botão CSV...
⏳ Aguardando até 300s pelo elemento GerExecl...
✅ Elemento GerExecl carregado! (Tempo de processamento: 4.33s)
📥 Confirmando download na barra do Windows...
✅ Download confirmado com sucesso no SplitButton!
🧹 Barra de download fechada para limpar o foco.
🏷️ Nome dinâmico gerado: Revalle Juazeiro.07.2026.csv
📁 Movendo para a pasta: T:\ATENDIMENTO\BEES DELIVERY\03.11.20\Juazeiro\2026
📂 Processando arquivo da rotina 03.11.20...
✅ Arquivo renomeado para: Revalle Juazeiro.07.2026.csv
📁 Salvo em: T:\ATENDIMENTO\BEES DELIVERY\03.11.20\Juazeiro\2026

========================================
🔄 PROCESSANDO FILIAL [3/7]: Revalle Nordeste
========================================
🧹 Limpando alertas iniciais antes de interagir com a tela...
Não há mais pop-ups ou tempo limite para o alerta 1 atingido.

✅ Total de 0 pop-ups fechados.

📍 DEBUG 1: Resetando para a raiz da página (default_content)...
📍 default_content para ir para a raiz...
📍 Entrando no frame top_rotina...
⚠️ Erro ao capturar HTML do select: Message: Error executing JavaScript

📍 Filial atual no dropdown antes da troca: '156.0001 - REVALLE - JUAZEIRO'
⚡ Tentando selecionar o índice 2 via JavaScript...
✅ Sucesso! Recarregamento de página detectado após o JS.
⏳ Vigiando ativamente a tela aguardando os pop-ups da troca...
🚨 Primeiro alerta detectado pelo Guarda-Costas! Iniciando limpeza...
Alerta 1 encontrado: 'O dia 15 de cada mes é o prazo LIMITE para a REORGANIZAÇÃO, após esse prazo o sistema ficara INOPERANTE, portanto, sabendo como proceder execute-a, e em caso de dúvida contate o suporte.'

Alerta 1 fechado com sucesso!

Alerta 2 encontrado: 'Fechamento Financeiro não realizado há  14 dias'

Alerta 2 fechado com sucesso!

Alerta 3 encontrado: 'Fechamento do Estoque não realizado há  14 dias'

Alerta 3 fechado com sucesso!

Não há mais pop-ups ou tempo limite para o alerta 4 atingido.

✅ Total de 3 pop-ups fechados.

🎯 Selecionando 'Mapa' no dropdown...
🎯 Selecionando 'Mapa' no dropdown via JS Legado IE...
📅 Preenchendo datas: 01/07/2026 até 14/07/2026
🖱️ Clicando em Visualizar...
🚀 Relatório solicitado! Aguardando processamento e botão CSV...
⏳ Aguardando até 300s pelo elemento GerExecl...
💥 Janela 'Processando' detectada. Fechando Processando [00:26] - Perfil 1 — Microsoft​ Edge...

🧹 Iniciando faxina de janelas secundárias...

❌ OCORREU UM ERRO NO FLUXO DE ROTINAS: HTTPConnectionPool(host='localhost', port=53556): Max retries exceeded with url: /session/53341750-c269-448d-8e0c-af708511b89f/window/handles (Caused by NewConnectionError("HTTPConnection(host='localhost', port=53556): Failed to establish a new connection: [WinError 10061] Nenhuma conexão pôde ser feita porque a máquina de destino as recusou ativamente"))

==================================================
👋 Fechando navegador e limpando sessão...

Deseja subir as execuções/relatórios para o GitHub? (s/n): 👍 Operação ignorada. Nada foi enviado para o GitHub.
