
==================================================
🚀 INICIANDO PROCESSO DE LOGIN PROMAX
==================================================
🧹 Limpando processos antigos (IEDriverServer e Internet Explorer) do Windows...
⚙️ Configurando IE para baixar em: c:\Users\usuario\Desktop\Promax\promax - v2\downloads
✅ Registro atualizado com sucesso!
🌐 Abrindo navegador Internet Explorer...
📥 Acessando a URL do sistema...
🔑 Identificando frames e preenchendo credenciais...
✅ Login efetuado com sucesso!
✅ Nenhum aviso de senha. Seguindo para o sistema...
🏢 Selecionando unidade de revenda...
📍 Unidade confirmada!
🧹 Chamando assistente para fechar pop-ups...
Alerta 1 encontrado: 'O dia 15 de cada mes é o prazo LIMITE para a REORGANIZAÇÃO, após esse prazo o sistema ficara INOPERANTE, portanto, sabendo como proceder execute-a, e em caso de dúvida contate o suporte.'

Alerta 1 fechado com sucesso!

Alerta 2 encontrado: 'Fechamento Financeiro não realizado há  14 dias'

Alerta 2 fechado com sucesso!

Alerta 3 encontrado: 'Fechamento do Estoque não realizado há  14 dias'

Alerta 3 fechado com sucesso!

Não há mais pop-ups ou tempo limite para o alerta 4 atingido.

✅ Total de 3 pop-ups fechados.

✨ Varredura de alertas concluída.

--------------------------------------------------
🎯 INICIANDO EXECUÇÃO DAS ROTINAS
--------------------------------------------------

🔍------------------------------
Buscando lógica para: 0105070402
🔒 Janela principal (Menu) registrada com handle: 002df02c-8325-4a3e-9c6a-6e9ffed37d6b
⚠️ Erro ao focar na janela do menu principal: There are 2 elements that match the criteria {'title_re': '.*PromaxWEB.*', 'backend': 'win32', 'visible_only': False}
🎯 Rotina 0105070402 localizada! Iniciando processamento em lote...

🚀 Iniciando execução da Rotina 0105070402...
Retornando ao frame de comandos...
📂 Entrando no IframeMenu...
⌨️ Inserindo a rotina: 0105070402
⏳ Aguardando carregamento da rotina...
🔀 Mudamos para a nova janela: Relatório do Cliente +
🎯 Foco da nova janela da rotina restaurado via win32!

========================================
🔄 PROCESSANDO FILIAL [1/7]: Beira Rio
========================================
📍 Abrindo painel modal de unidades via Chave Mestra (JS)...
⏳ Aguardando o modal renderizar...
📍 Buscando a filial 'BEIRA RIO' na lista...
✅ Filial BEIRA RIO selecionada no modal!
⏳ Aguardando a página recarregar a árvore de opções após a troca...
🎯 Buscando a caixa de seleção 'Todos' na árvore de Preferências...
✅ Opção 'Todos' selecionada com sucesso!
🖱️ Clicando em Gerar CSV...
⏳ Aguardando o servidor processar e gerar o CSV...
✅ Sucesso! Promax avisou: 'CSV gerado com Sucesso!'
📥 Confirmando download na barra do Windows...
✅ Download confirmado com sucesso no SplitButton!
🧹 Barra de download fechada para limpar o foco.
🏷️ Nome dinâmico gerado: Beira Rio.csv
📂 Processando arquivo da rotina PY...
✅ Arquivo renomeado para: Beira Rio.csv
📁 Salvo em: T:\ATENDIMENTO\BEES DELIVERY\01.05.07.04.02

========================================
🔄 PROCESSANDO FILIAL [2/7]: Revalle Juazeiro
========================================
📍 Abrindo painel modal de unidades via Chave Mestra (JS)...
⏳ Aguardando o modal renderizar...
📍 Buscando a filial 'JUAZEIRO' na lista...
✅ Filial JUAZEIRO selecionada no modal!
⏳ Aguardando a página recarregar a árvore de opções após a troca...
🎯 Buscando a caixa de seleção 'Todos' na árvore de Preferências...
✅ Opção 'Todos' selecionada com sucesso!
🖱️ Clicando em Gerar CSV...
⏳ Aguardando o servidor processar e gerar o CSV...
✅ Sucesso! Promax avisou: 'CSV gerado com Sucesso!'
📥 Confirmando download na barra do Windows...
✅ Download confirmado com sucesso no SplitButton!
🧹 Barra de download fechada para limpar o foco.
🏷️ Nome dinâmico gerado: Revalle Juazeiro.csv
📂 Processando arquivo da rotina PY...
⏳ Aguardando conclusão do download (arquivo temporário/partial ativo)...
⏳ Aguardando conclusão do download (arquivo temporário/partial ativo)...
⏳ Aguardando conclusão do download (arquivo temporário/partial ativo)...
⏳ Aguardando conclusão do download (arquivo temporário/partial ativo)...
⏳ Aguardando conclusão do download (arquivo temporário/partial ativo)...
⏳ Aguardando conclusão do download (arquivo temporário/partial ativo)...
⏳ Aguardando conclusão do download (arquivo temporário/partial ativo)...
⏳ Aguardando conclusão do download (arquivo temporário/partial ativo)...
⏳ Aguardando conclusão do download (arquivo temporário/partial ativo)...
⏳ Aguardando conclusão do download (arquivo temporário/partial ativo)...
⏳ Aguardando conclusão do download (arquivo temporário/partial ativo)...
✅ Arquivo renomeado para: Revalle Juazeiro.csv
📁 Salvo em: T:\ATENDIMENTO\BEES DELIVERY\01.05.07.04.02

========================================
🔄 PROCESSANDO FILIAL [3/7]: Revalle Nordeste
========================================
📍 Abrindo painel modal de unidades via Chave Mestra (JS)...
⏳ Aguardando o modal renderizar...
📍 Buscando a filial 'NORDESTE' na lista...
✅ Filial NORDESTE selecionada no modal!
⏳ Aguardando a página recarregar a árvore de opções após a troca...
🎯 Buscando a caixa de seleção 'Todos' na árvore de Preferências...
✅ Opção 'Todos' selecionada com sucesso!
🖱️ Clicando em Gerar CSV...
⏳ Aguardando o servidor processar e gerar o CSV...
✅ Sucesso! Promax avisou: 'CSV gerado com Sucesso!'
📥 Confirmando download na barra do Windows...
✅ Download confirmado com sucesso no SplitButton!
🧹 Barra de download fechada para limpar o foco.
🏷️ Nome dinâmico gerado: Revalle Nordeste.csv
📂 Processando arquivo da rotina PY...
✅ Arquivo renomeado para: Revalle Nordeste.csv
📁 Salvo em: T:\ATENDIMENTO\BEES DELIVERY\01.05.07.04.02

========================================
🔄 PROCESSANDO FILIAL [4/7]: Revalle Bonfim
========================================
📍 Abrindo painel modal de unidades via Chave Mestra (JS)...
⏳ Aguardando o modal renderizar...
📍 Buscando a filial 'BONFIM' na lista...
✅ Filial BONFIM selecionada no modal!
⏳ Aguardando a página recarregar a árvore de opções após a troca...
🎯 Buscando a caixa de seleção 'Todos' na árvore de Preferências...
✅ Opção 'Todos' selecionada com sucesso!
🖱️ Clicando em Gerar CSV...
⏳ Aguardando o servidor processar e gerar o CSV...
✅ Sucesso! Promax avisou: 'CSV gerado com Sucesso!'
📥 Confirmando download na barra do Windows...
✅ Download confirmado com sucesso no SplitButton!
🧹 Barra de download fechada para limpar o foco.
🏷️ Nome dinâmico gerado: Revalle Bonfim.csv
📂 Processando arquivo da rotina PY...
✅ Arquivo renomeado para: Revalle Bonfim.csv
📁 Salvo em: T:\ATENDIMENTO\BEES DELIVERY\01.05.07.04.02

========================================
🔄 PROCESSANDO FILIAL [5/7]: Revalle P Afonso
========================================
📍 Abrindo painel modal de unidades via Chave Mestra (JS)...
⏳ Aguardando o modal renderizar...
📍 Buscando a filial 'P AFONSO' na lista...
✅ Filial P AFONSO selecionada no modal!
⏳ Aguardando a página recarregar a árvore de opções após a troca...
🎯 Buscando a caixa de seleção 'Todos' na árvore de Preferências...
✅ Opção 'Todos' selecionada com sucesso!
🖱️ Clicando em Gerar CSV...
⏳ Aguardando o servidor processar e gerar o CSV...
✅ Sucesso! Promax avisou: 'CSV gerado com Sucesso!'
📥 Confirmando download na barra do Windows...
✅ Download confirmado com sucesso no SplitButton!
🧹 Barra de download fechada para limpar o foco.
🏷️ Nome dinâmico gerado: Revalle P Afonso.csv
📂 Processando arquivo da rotina PY...
✅ Arquivo renomeado para: Revalle P Afonso.csv
📁 Salvo em: T:\ATENDIMENTO\BEES DELIVERY\01.05.07.04.02

========================================
🔄 PROCESSANDO FILIAL [6/7]: Revalle Alagoinhas
========================================
📍 Abrindo painel modal de unidades via Chave Mestra (JS)...
⏳ Aguardando o modal renderizar...
📍 Buscando a filial 'ALAGOINHAS' na lista...
✅ Filial ALAGOINHAS selecionada no modal!
⏳ Aguardando a página recarregar a árvore de opções após a troca...
🎯 Buscando a caixa de seleção 'Todos' na árvore de Preferências...
✅ Opção 'Todos' selecionada com sucesso!
🖱️ Clicando em Gerar CSV...
⏳ Aguardando o servidor processar e gerar o CSV...
✅ Sucesso! Promax avisou: 'CSV gerado com Sucesso!'
📥 Confirmando download na barra do Windows...
✅ Download confirmado com sucesso no SplitButton!
🧹 Barra de download fechada para limpar o foco.
🏷️ Nome dinâmico gerado: Revalle Alagoinhas.csv
📂 Processando arquivo da rotina PY...
✅ Arquivo renomeado para: Revalle Alagoinhas.csv
📁 Salvo em: T:\ATENDIMENTO\BEES DELIVERY\01.05.07.04.02

========================================
🔄 PROCESSANDO FILIAL [7/7]: Revalle Serrinha
========================================
📍 Abrindo painel modal de unidades via Chave Mestra (JS)...
⏳ Aguardando o modal renderizar...
📍 Buscando a filial 'SERRINHA' na lista...
✅ Filial SERRINHA selecionada no modal!
⏳ Aguardando a página recarregar a árvore de opções após a troca...
🎯 Buscando a caixa de seleção 'Todos' na árvore de Preferências...
✅ Opção 'Todos' selecionada com sucesso!
🖱️ Clicando em Gerar CSV...
⏳ Aguardando o servidor processar e gerar o CSV...
✅ Sucesso! Promax avisou: 'Erro ao criar arquivo 01 - Status:  9065'
📥 Confirmando download na barra do Windows...
⚠️ Não foi possível interagir com a barra de download (Timeout ou elemento não localizado).
🏷️ Nome dinâmico gerado: Revalle Serrinha.csv
📂 Processando arquivo da rotina PY...
✅ Arquivo renomeado para: Revalle Serrinha.csv
📁 Salvo em: T:\ATENDIMENTO\BEES DELIVERY\01.05.07.04.02

🏁 Todas as revendas da rotina 0105070402 foram processadas com sucesso!

🧹 Iniciando faxina de janelas secundárias...
❌ Fechando janela: Relatório do Cliente +
✨ Ambiente limpo e pronto para a próxima!
✅ Rotina {'031120': <function executar at 0x0000014F1B22E020>, '030224': <function executar at 0x0000014F1D810FE0>, '01200147': <function executar at 0x0000014F1B22DF80>, '03014701': <function executar at 0x0000014F1D811580>, '030237': <function executar at 0x0000014F1D811260>, '0105070402': <function executar at 0x0000014F1D811A80>} finalizada!
------------------------------


🏆 Todas as rotinas solicitadas foram processadas!

==================================================
👋 Fechando navegador e limpando sessão...

Deseja subir as execuções/relatórios para o GitHub? (s/n): 📦 Preparando arquivos para o commit...
🚀 Enviando para o GitHub (branch atual)...
✅ Atualização enviada com sucesso!
