
==================================================
🚀 INICIANDO PROCESSO DE LOGIN PROMAX
==================================================
🧹 Limpando processos antigos (IEDriverServer e Internet Explorer) do Windows...
⚙️ Configurando IE para baixar em: c:\Users\usuario\Desktop\Promax\promax - v2\downloads
✅ Registro atualizado com sucesso!
🌐 Abrindo navegador Internet Explorer...
📥 Acessando a URL do sistema...
🔑 Identificando frames e preenchendo credenciais...
✅ Login efetuado com sucesso!
✅ Nenhum aviso de senha. Seguindo para o sistema...
🏢 Selecionando unidade de revenda...
📍 Unidade confirmada!
🧹 Chamando assistente para fechar pop-ups...
Alerta 1 encontrado: 'O dia 15 de cada mes é o prazo LIMITE para a REORGANIZAÇÃO, após esse prazo o sistema ficara INOPERANTE, portanto, sabendo como proceder execute-a, e em caso de dúvida contate o suporte.'

Alerta 1 fechado com sucesso!

Alerta 2 encontrado: 'Fechamento Financeiro não realizado há  14 dias'

Alerta 2 fechado com sucesso!

Alerta 3 encontrado: 'Fechamento do Estoque não realizado há  14 dias'

Alerta 3 fechado com sucesso!

Não há mais pop-ups ou tempo limite para o alerta 4 atingido.

✅ Total de 3 pop-ups fechados.

✨ Varredura de alertas concluída.

--------------------------------------------------
🎯 INICIANDO EXECUÇÃO DAS ROTINAS
--------------------------------------------------

🔍------------------------------
Buscando lógica para: 0105070402
🔒 Janela principal (Menu) registrada com handle: 7a456069-cc42-4278-9408-c124dcda0d71
⚠️ Erro ao focar na janela do menu principal: There are 2 elements that match the criteria {'title_re': '.*PromaxWEB.*', 'backend': 'win32', 'visible_only': False}
🎯 Rotina 0105070402 localizada! Iniciando processamento em lote...

🚀 Iniciando execução da Rotina 0105070402...
Retornando ao frame de comandos...
📂 Entrando no IframeMenu...
⌨️ Inserindo a rotina: 0105070402
⏳ Aguardando carregamento da rotina...
🔀 Mudamos para a nova janela: Relatório do Cliente +
🎯 Foco da nova janela da rotina restaurado via win32!

========================================
🔄 PROCESSANDO FILIAL [1/7]: Beira Rio
========================================
📍 Abrindo painel modal de unidades via Chave Mestra (JS)...
⏳ Aguardando o modal renderizar...
📍 Buscando a filial 'BEIRA RIO' na lista...
✅ Filial BEIRA RIO selecionada no modal!
⏳ Aguardando a página recarregar a árvore de opções após a troca...
🎯 Buscando a caixa de seleção 'Todos' na árvore de Preferências...
✅ Opção 'Todos' selecionada com sucesso!
🖱️ Clicando em Gerar CSV...
⏳ Aguardando o servidor processar e gerar o CSV...
✅ Sucesso! Promax avisou: 'CSV gerado com Sucesso!'
📥 Confirmando download na barra do Windows...
✅ Download confirmado com sucesso no SplitButton!
🧹 Barra de download fechada para limpar o foco.
🏷️ Nome dinâmico gerado: Beira Rio.csv
📂 Processando arquivo da rotina PY...
✅ Arquivo renomeado para: Beira Rio.csv
📁 Salvo em: T:\ATENDIMENTO\BEES DELIVERY\01.05.07.04.02

========================================
🔄 PROCESSANDO FILIAL [2/7]: Revalle Juazeiro
========================================
📍 Abrindo painel modal de unidades via Chave Mestra (JS)...
⏳ Aguardando o modal renderizar...
📍 Buscando a filial 'REVALLE - JUAZEIRO' na lista...
✅ Filial REVALLE - JUAZEIRO selecionada no modal!
⏳ Aguardando a página recarregar a árvore de opções após a troca...
🎯 Buscando a caixa de seleção 'Todos' na árvore de Preferências...
✅ Opção 'Todos' selecionada com sucesso!
🖱️ Clicando em Gerar CSV...
⏳ Aguardando o servidor processar e gerar o CSV...
✅ Sucesso! Promax avisou: 'CSV gerado com Sucesso!'
📥 Confirmando download na barra do Windows...
✅ Download confirmado com sucesso no SplitButton!
🧹 Barra de download fechada para limpar o foco.
🏷️ Nome dinâmico gerado: Revalle Juazeiro.csv
📂 Processando arquivo da rotina PY...
✅ Arquivo renomeado para: Revalle Juazeiro.csv
📁 Salvo em: T:\ATENDIMENTO\BEES DELIVERY\01.05.07.04.02

========================================
🔄 PROCESSANDO FILIAL [3/7]: Revalle Nordeste
========================================
📍 Abrindo painel modal de unidades via Chave Mestra (JS)...
⏳ Aguardando o modal renderizar...
📍 Buscando a filial 'REVALLE - NORDESTE' na lista...
✅ Filial REVALLE - NORDESTE selecionada no modal!
⏳ Aguardando a página recarregar a árvore de opções após a troca...
🎯 Buscando a caixa de seleção 'Todos' na árvore de Preferências...
✅ Opção 'Todos' selecionada com sucesso!
🖱️ Clicando em Gerar CSV...
⏳ Aguardando o servidor processar e gerar o CSV...
✅ Sucesso! Promax avisou: 'CSV gerado com Sucesso!'
📥 Confirmando download na barra do Windows...
✅ Download confirmado com sucesso no SplitButton!
🧹 Barra de download fechada para limpar o foco.
🏷️ Nome dinâmico gerado: Revalle Nordeste.csv
📂 Processando arquivo da rotina PY...
✅ Arquivo renomeado para: Revalle Nordeste.csv
📁 Salvo em: T:\ATENDIMENTO\BEES DELIVERY\01.05.07.04.02

========================================
🔄 PROCESSANDO FILIAL [4/7]: Revalle Bonfim
========================================
📍 Abrindo painel modal de unidades via Chave Mestra (JS)...
⏳ Aguardando o modal renderizar...
📍 Buscando a filial 'REVALLE - BONFIM' na lista...

🧹 Iniciando faxina de janelas secundárias...

❌ OCORREU UM ERRO NO FLUXO DE ROTINAS: HTTPConnectionPool(host='localhost', port=52948): Max retries exceeded with url: /session/36279a9c-ee31-4922-a635-cc42681e5983/window/handles (Caused by NewConnectionError("HTTPConnection(host='localhost', port=52948): Failed to establish a new connection: [WinError 10061] Nenhuma conexão pôde ser feita porque a máquina de destino as recusou ativamente"))

==================================================
👋 Fechando navegador e limpando sessão...

Deseja subir as execuções/relatórios para o GitHub? (s/n): 📦 Preparando arquivos para o commit...
🚀 Enviando para o GitHub (branch atual)...
✅ Atualização enviada com sucesso!
